Archive member included because of file (symbol)

c:/program files/atmel/atmel toolchain/arm gcc/native/4.8.1443/arm-gnu-toolchain/bin/../lib/gcc/arm-none-eabi/4.8.4/../../../../arm-none-eabi/lib/armv7-m\libc.a(lib_a-exit.o)
                              c:/program files/atmel/atmel toolchain/arm gcc/native/4.8.1443/arm-gnu-toolchain/bin/../lib/gcc/arm-none-eabi/4.8.4/../../../../arm-none-eabi/lib/armv7-m/crt0.o (exit)
c:/program files/atmel/atmel toolchain/arm gcc/native/4.8.1443/arm-gnu-toolchain/bin/../lib/gcc/arm-none-eabi/4.8.4/../../../../arm-none-eabi/lib/armv7-m\libc.a(lib_a-impure.o)
                              c:/program files/atmel/atmel toolchain/arm gcc/native/4.8.1443/arm-gnu-toolchain/bin/../lib/gcc/arm-none-eabi/4.8.4/../../../../arm-none-eabi/lib/armv7-m\libc.a(lib_a-exit.o) (_global_impure_ptr)
c:/program files/atmel/atmel toolchain/arm gcc/native/4.8.1443/arm-gnu-toolchain/bin/../lib/gcc/arm-none-eabi/4.8.4/../../../../arm-none-eabi/lib/armv7-m\libc.a(lib_a-init.o)
                              c:/program files/atmel/atmel toolchain/arm gcc/native/4.8.1443/arm-gnu-toolchain/bin/../lib/gcc/arm-none-eabi/4.8.4/../../../../arm-none-eabi/lib/armv7-m/crt0.o (__libc_init_array)
c:/program files/atmel/atmel toolchain/arm gcc/native/4.8.1443/arm-gnu-toolchain/bin/../lib/gcc/arm-none-eabi/4.8.4/../../../../arm-none-eabi/lib/armv7-m\libc.a(lib_a-iprintf.o)
                              src/ASF/sam/utils/syscalls/gcc/syscalls.o (iprintf)
c:/program files/atmel/atmel toolchain/arm gcc/native/4.8.1443/arm-gnu-toolchain/bin/../lib/gcc/arm-none-eabi/4.8.4/../../../../arm-none-eabi/lib/armv7-m\libc.a(lib_a-memset.o)
                              c:/program files/atmel/atmel toolchain/arm gcc/native/4.8.1443/arm-gnu-toolchain/bin/../lib/gcc/arm-none-eabi/4.8.4/../../../../arm-none-eabi/lib/armv7-m/crt0.o (memset)
c:/program files/atmel/atmel toolchain/arm gcc/native/4.8.1443/arm-gnu-toolchain/bin/../lib/gcc/arm-none-eabi/4.8.4/../../../../arm-none-eabi/lib/armv7-m\libc.a(lib_a-setbuf.o)
                              src/ASF/thirdparty/wireless/addons/sio2host/uart/sio2host.o (setbuf)
c:/program files/atmel/atmel toolchain/arm gcc/native/4.8.1443/arm-gnu-toolchain/bin/../lib/gcc/arm-none-eabi/4.8.4/../../../../arm-none-eabi/lib/armv7-m\libc.a(lib_a-setvbuf.o)
                              c:/program files/atmel/atmel toolchain/arm gcc/native/4.8.1443/arm-gnu-toolchain/bin/../lib/gcc/arm-none-eabi/4.8.4/../../../../arm-none-eabi/lib/armv7-m\libc.a(lib_a-setbuf.o) (setvbuf)
c:/program files/atmel/atmel toolchain/arm gcc/native/4.8.1443/arm-gnu-toolchain/bin/../lib/gcc/arm-none-eabi/4.8.4/../../../../arm-none-eabi/lib/armv7-m\libc.a(lib_a-vfiprintf.o)
                              c:/program files/atmel/atmel toolchain/arm gcc/native/4.8.1443/arm-gnu-toolchain/bin/../lib/gcc/arm-none-eabi/4.8.4/../../../../arm-none-eabi/lib/armv7-m\libc.a(lib_a-iprintf.o) (_vfiprintf_r)
c:/program files/atmel/atmel toolchain/arm gcc/native/4.8.1443/arm-gnu-toolchain/bin/../lib/gcc/arm-none-eabi/4.8.4/../../../../arm-none-eabi/lib/armv7-m\libc.a(lib_a-wsetup.o)
                              c:/program files/atmel/atmel toolchain/arm gcc/native/4.8.1443/arm-gnu-toolchain/bin/../lib/gcc/arm-none-eabi/4.8.4/../../../../arm-none-eabi/lib/armv7-m\libc.a(lib_a-vfiprintf.o) (__swsetup_r)
c:/program files/atmel/atmel toolchain/arm gcc/native/4.8.1443/arm-gnu-toolchain/bin/../lib/gcc/arm-none-eabi/4.8.4/../../../../arm-none-eabi/lib/armv7-m\libc.a(lib_a-__call_atexit.o)
                              c:/program files/atmel/atmel toolchain/arm gcc/native/4.8.1443/arm-gnu-toolchain/bin/../lib/gcc/arm-none-eabi/4.8.4/../../../../arm-none-eabi/lib/armv7-m\libc.a(lib_a-exit.o) (__call_exitprocs)
c:/program files/atmel/atmel toolchain/arm gcc/native/4.8.1443/arm-gnu-toolchain/bin/../lib/gcc/arm-none-eabi/4.8.4/../../../../arm-none-eabi/lib/armv7-m\libc.a(lib_a-atexit.o)
                              c:/program files/atmel/atmel toolchain/arm gcc/native/4.8.1443/arm-gnu-toolchain/bin/../lib/gcc/arm-none-eabi/4.8.4/../../../../arm-none-eabi/lib/armv7-m\libc.a(lib_a-__call_atexit.o) (atexit)
c:/program files/atmel/atmel toolchain/arm gcc/native/4.8.1443/arm-gnu-toolchain/bin/../lib/gcc/arm-none-eabi/4.8.4/../../../../arm-none-eabi/lib/armv7-m\libc.a(lib_a-fflush.o)
                              c:/program files/atmel/atmel toolchain/arm gcc/native/4.8.1443/arm-gnu-toolchain/bin/../lib/gcc/arm-none-eabi/4.8.4/../../../../arm-none-eabi/lib/armv7-m\libc.a(lib_a-setvbuf.o) (_fflush_r)
c:/program files/atmel/atmel toolchain/arm gcc/native/4.8.1443/arm-gnu-toolchain/bin/../lib/gcc/arm-none-eabi/4.8.4/../../../../arm-none-eabi/lib/armv7-m\libc.a(lib_a-findfp.o)
                              c:/program files/atmel/atmel toolchain/arm gcc/native/4.8.1443/arm-gnu-toolchain/bin/../lib/gcc/arm-none-eabi/4.8.4/../../../../arm-none-eabi/lib/armv7-m\libc.a(lib_a-setvbuf.o) (_cleanup_r)
[...]
Memory Configuration

Name             Origin             Length             Attributes
rom              0x00080000         0x00080000         xr
sram0            0x20000000         0x00010000         xrw
sram1            0x20080000         0x00008000         xrw
ram              0x20070000         0x00018000         xrw
*default*        0x00000000         0xffffffff

Linker script and memory map

LOAD c:/program files/atmel/atmel toolchain/arm gcc/native/4.8.1443/arm-gnu-toolchain/bin/../lib/gcc/arm-none-eabi/4.8.4/armv7-m/crti.o
LOAD c:/program files/atmel/atmel toolchain/arm gcc/native/4.8.1443/arm-gnu-toolchain/bin/../lib/gcc/arm-none-eabi/4.8.4/armv7-m/crtbegin.o
LOAD c:/program files/atmel/atmel toolchain/arm gcc/native/4.8.1443/arm-gnu-toolchain/bin/../lib/gcc/arm-none-eabi/4.8.4/../../../../arm-none-eabi/lib/armv7-m/crt0.o
LOAD src/ASF/common/services/serial/usart_serial.o
LOAD src/ASF/common/utils/stdio/read.o
LOAD src/ASF/common/utils/stdio/write.o
LOAD src/ASF/sam/drivers/tc/tc.o
LOAD src/ASF/sam/drivers/uart/uart.o
LOAD src/ASF/sam/drivers/usart/usart.o
LOAD src/ASF/thirdparty/wireless/addons/sio2host/uart/sio2host.o
LOAD src/consoleFunctions.o
LOAD src/delayFunctions.o
LOAD src/stateMachine.o
LOAD src/ASF/common/services/clock/sam3x/sysclk.o
LOAD src/ASF/common/utils/interrupt/interrupt_sam_nvic.o
LOAD src/ASF/sam/boards/arduino_due_x/init.o
LOAD src/ASF/sam/drivers/pio/pio.o
LOAD src/ASF/sam/drivers/pio/pio_handler.o
LOAD src/ASF/sam/drivers/pmc/pmc.o
LOAD src/ASF/sam/drivers/pmc/sleep.o
LOAD src/ASF/sam/utils/cmsis/sam3x/source/templates/exceptions.o
LOAD src/ASF/sam/utils/cmsis/sam3x/source/templates/gcc/startup_sam3x.o
LOAD src/ASF/sam/utils/cmsis/sam3x/source/templates/system_sam3x.o
LOAD src/ASF/sam/utils/syscalls/gcc/syscalls.o
LOAD src/main.o
START GROUP
LOAD ../src/ASF/thirdparty/CMSIS/Lib/GCC\libarm_cortexM3l_math.a
LOAD c:/program files/atmel/atmel toolchain/arm gcc/native/4.8.1443/arm-gnu-toolchain/bin/../lib/gcc/arm-none-eabi/4.8.4/../../../../arm-none-eabi/lib/armv7-m\libm.a
END GROUP
START GROUP
LOAD c:/program files/atmel/atmel toolchain/arm gcc/native/4.8.1443/arm-gnu-toolchain/bin/../lib/gcc/arm-none-eabi/4.8.4/armv7-m\libgcc.a
LOAD c:/program files/atmel/atmel toolchain/arm gcc/native/4.8.1443/arm-gnu-toolchain/bin/../lib/gcc/arm-none-eabi/4.8.4/../../../../arm-none-eabi/lib/armv7-m\libc.a
END GROUP
LOAD c:/program files/atmel/atmel toolchain/arm gcc/native/4.8.1443/arm-gnu-toolchain/bin/../lib/gcc/arm-none-eabi/4.8.4/armv7-m/crtend.o
LOAD c:/program files/atmel/atmel toolchain/arm gcc/native/4.8.1443/arm-gnu-toolchain/bin/../lib/gcc/arm-none-eabi/4.8.4/armv7-m/crtn.o
                0x00002000                __stack_size__ = DEFINED (__stack_size__)?__stack_size__:0x2000
                0x20087ffc                __ram_end__ = ((ORIGIN (ram) + 0x18000) - 0x4)

.text           0x00080000     0x1044
                0x00080000                . = ALIGN (0x4)
                0x00080000                _sfixed = .
 *(.vectors .vectors.*)
 .vectors       0x00080000       0xf4 src/ASF/sam/utils/cmsis/sam3x/source/templates/gcc/startup_sam3x.o
                0x00080000                exception_table
 *(.text .text.* .gnu.linkonce.t.*)
 .text          0x000800f4       0x54 c:/program files/atmel/atmel toolchain/arm gcc/native/4.8.1443/arm-gnu-toolchain/bin/../lib/gcc/arm-none-eabi/4.8.4/armv7-m/crtbegin.o
 .text.usart_serial_read_packet
                0x00080148       0xc4 src/ASF/common/services/serial/usart_serial.o
                0x00080148                usart_serial_read_packet
 .text.uart_read
                0x0008020c       0x14 src/ASF/sam/drivers/uart/uart.o
                0x0008020c                uart_read
 .text.usart_read
                0x00080220       0x18 src/ASF/sam/drivers/usart/usart.o
                0x00080220                usart_read
 .text.USART0_Handler
                0x00080238       0x60 src/ASF/thirdparty/wireless/addons/sio2host/uart/sio2host.o
                0x00080238                USART0_Handler
 .text.board_init
                0x00080298       0x80 src/ASF/sam/boards/arduino_due_x/init.o
                0x00080298                board_init
 .text.pio_set_peripheral
                0x00080318       0x40 src/ASF/sam/drivers/pio/pio.o
                0x00080318                pio_set_peripheral
 .text.pio_set_input
                0x00080358       0x34 src/ASF/sam/drivers/pio/pio.o
                0x00080358                pio_set_input
 .text.pio_set_output
                0x0008038c       0x28 src/ASF/sam/drivers/pio/pio.o
                0x0008038c                pio_set_output
 .text.pio_get_interrupt_status
                0x000803b4        0x4 src/ASF/sam/drivers/pio/pio.o
                0x000803b4                pio_get_interrupt_status
 .text.pio_get_interrupt_mask
                0x000803b8        0x4 src/ASF/sam/drivers/pio/pio.o
                0x000803b8                pio_get_interrupt_mask
 .text.pio_configure_pin
                0x000803bc       0xd4 src/ASF/sam/drivers/pio/pio.o
                0x000803bc                pio_configure_pin
 .text.pio_configure_pin_group
                0x00080490       0xa0 src/ASF/sam/drivers/pio/pio.o
                0x00080490                pio_configure_pin_group
 .text.pio_handler_process
                0x00080530       0x58 src/ASF/sam/drivers/pio/pio_handler.o
                0x00080530                pio_handler_process
 .text.PIOA_Handler
                0x00080588       0x14 src/ASF/sam/drivers/pio/pio_handler.o
                0x00080588                PIOA_Handler
 .text.PIOB_Handler
                0x0008059c       0x14 src/ASF/sam/drivers/pio/pio_handler.o
                0x0008059c                PIOB_Handler
 .text.PIOC_Handler
                0x000805b0       0x14 src/ASF/sam/drivers/pio/pio_handler.o
                0x000805b0                PIOC_Handler
 .text.PIOD_Handler
                0x000805c4       0x14 src/ASF/sam/drivers/pio/pio_handler.o
                0x000805c4                PIOD_Handler
 .text.pmc_enable_periph_clk
                0x000805d8       0x58 src/ASF/sam/drivers/pmc/pmc.o
                0x000805d8                pmc_enable_periph_clk
 .text.Dummy_Handler
                0x00080630        0x4 src/ASF/sam/utils/cmsis/sam3x/source/templates/exceptions.o
                0x00080630                DACC_Handler
                0x00080630                DebugMon_Handler
                0x00080630                DMAC_Handler
                0x00080630                TRNG_Handler
                0x00080630                HardFault_Handler
                0x00080630                TC2_Handler
                0x00080630                SysTick_Handler
                0x00080630                USART3_Handler
                0x00080630                TWI1_Handler
                0x00080630                PendSV_Handler
                0x00080630                NMI_Handler
                0x00080630                TC7_Handler
                0x00080630                ADC_Handler
                0x00080630                SMC_Handler
                0x00080630                RTT_Handler
                0x00080630                EFC1_Handler
                0x00080630                RTC_Handler
                0x00080630                UsageFault_Handler
                0x00080630                TC6_Handler
                0x00080630                WDT_Handler
                0x00080630                CAN0_Handler
                0x00080630                TC4_Handler
                0x00080630                TC1_Handler
                0x00080630                HSMCI_Handler
                0x00080630                TC3_Handler
                0x00080630                Dummy_Handler
                0x00080630                TWI0_Handler
                0x00080630                USART1_Handler
                0x00080630                SSC_Handler
                0x00080630                EFC0_Handler
                0x00080630                PMC_Handler
                0x00080630                PWM_Handler
                0x00080630                CAN1_Handler
                0x00080630                MemManage_Handler
                0x00080630                SUPC_Handler
                0x00080630                SVC_Handler
                0x00080630                TC8_Handler
                0x00080630                USART2_Handler
                0x00080630                EMAC_Handler
                0x00080630                UART_Handler
                0x00080630                BusFault_Handler
                0x00080630                RSTC_Handler
                0x00080630                TC0_Handler
                0x00080630                TC5_Handler
                0x00080630                UOTGHS_Handler
                0x00080630                SPI0_Handler
 .text.Reset_Handler
                0x00080634       0xb0 src/ASF/sam/utils/cmsis/sam3x/source/templates/gcc/startup_sam3x.o
                0x00080634                Reset_Handler
 .text._sbrk    0x000806e4       0x34 src/ASF/sam/utils/syscalls/gcc/syscalls.o
                0x000806e4                _sbrk
 .text.main     0x00080718       0x10 src/main.o
                0x00080718                main
 .text.__libc_init_array
                0x00080728       0x50 c:/program files/atmel/atmel toolchain/arm gcc/native/4.8.1443/arm-gnu-toolchain/bin/../lib/gcc/arm-none-eabi/4.8.4/../../../../arm-none-eabi/lib/armv7-m\libc.a(lib_a-init.o)
                0x00080728                __libc_init_array
 .text.startup.register_fini
                0x00080778       0x14 c:/program files/atmel/atmel toolchain/arm gcc/native/4.8.1443/arm-gnu-toolchain/bin/../lib/gcc/arm-none-eabi/4.8.4/../../../../arm-none-eabi/lib/armv7-m\libc.a(lib_a-__call_atexit.o)
 .text.atexit   0x0008078c        0xc c:/program files/atmel/atmel toolchain/arm gcc/native/4.8.1443/arm-gnu-toolchain/bin/../lib/gcc/arm-none-eabi/4.8.4/../../../../arm-none-eabi/lib/armv7-m\libc.a(lib_a-atexit.o)
                0x0008078c                atexit
 .text.__libc_fini_array
                0x00080798       0x30 c:/program files/atmel/atmel toolchain/arm gcc/native/4.8.1443/arm-gnu-toolchain/bin/../lib/gcc/arm-none-eabi/4.8.4/../../../../arm-none-eabi/lib/armv7-m\libc.a(lib_a-fini.o)
                0x00080798                __libc_fini_array
 .text._malloc_trim_r
                0x000807c8       0x9c c:/program files/atmel/atmel toolchain/arm gcc/native/4.8.1443/arm-gnu-toolchain/bin/../lib/gcc/arm-none-eabi/4.8.4/../../../../arm-none-eabi/lib/armv7-m\libc.a(lib_a-freer.o)
                0x000807c8                _malloc_trim_r
 .text._free_r  0x00080864      0x198 c:/program files/atmel/atmel toolchain/arm gcc/native/4.8.1443/arm-gnu-toolchain/bin/../lib/gcc/arm-none-eabi/4.8.4/../../../../arm-none-eabi/lib/armv7-m\libc.a(lib_a-freer.o)
                0x00080864                _free_r
 .text.malloc   0x000809fc       0x10 c:/program files/atmel/atmel toolchain/arm gcc/native/4.8.1443/arm-gnu-toolchain/bin/../lib/gcc/arm-none-eabi/4.8.4/../../../../arm-none-eabi/lib/armv7-m\libc.a(lib_a-malloc.o)
                0x000809fc                malloc
 .text._malloc_r
                0x00080a0c      0x538 c:/program files/atmel/atmel toolchain/arm gcc/native/4.8.1443/arm-gnu-toolchain/bin/../lib/gcc/arm-none-eabi/4.8.4/../../../../arm-none-eabi/lib/armv7-m\libc.a(lib_a-mallocr.o)
                0x00080a0c                _malloc_r
 .text.__malloc_lock
                0x00080f44        0x4 c:/program files/atmel/atmel toolchain/arm gcc/native/4.8.1443/arm-gnu-toolchain/bin/../lib/gcc/arm-none-eabi/4.8.4/../../../../arm-none-eabi/lib/armv7-m\libc.a(lib_a-mlock.o)
                0x00080f44                __malloc_lock
 .text.__malloc_unlock
                0x00080f48        0x4 c:/program files/atmel/atmel toolchain/arm gcc/native/4.8.1443/arm-gnu-toolchain/bin/../lib/gcc/arm-none-eabi/4.8.4/../../../../arm-none-eabi/lib/armv7-m\libc.a(lib_a-mlock.o)
                0x00080f48                __malloc_unlock
 .text._sbrk_r  0x00080f4c       0x24 c:/program files/atmel/atmel toolchain/arm gcc/native/4.8.1443/arm-gnu-toolchain/bin/../lib/gcc/arm-none-eabi/4.8.4/../../../../arm-none-eabi/lib/armv7-m\libc.a(lib_a-sbrkr.o)
                0x00080f4c                _sbrk_r
 .text.__register_exitproc
                0x00080f70       0xa8 c:/program files/atmel/atmel toolchain/arm gcc/native/4.8.1443/arm-gnu-toolchain/bin/../lib/gcc/arm-none-eabi/4.8.4/../../../../arm-none-eabi/lib/armv7-m\libc.a(lib_a-__atexit.o)
                0x00080f70                __register_exitproc
 *(.glue_7t)
 .glue_7t       0x00000000        0x0 linker stubs
 *(.glue_7)
 .glue_7        0x00000000        0x0 linker stubs
 *(.rodata .rodata* .gnu.linkonce.r.*)
 .rodata.str1.4
                0x00081018        0x4 c:/program files/atmel/atmel toolchain/arm gcc/native/4.8.1443/arm-gnu-toolchain/bin/../lib/gcc/arm-none-eabi/4.8.4/../../../../arm-none-eabi/lib/armv7-m\libc.a(lib_a-impure.o)
 .rodata._global_impure_ptr
                0x0008101c        0x4 c:/program files/atmel/atmel toolchain/arm gcc/native/4.8.1443/arm-gnu-toolchain/bin/../lib/gcc/arm-none-eabi/4.8.4/../../../../arm-none-eabi/lib/armv7-m\libc.a(lib_a-impure.o)
                0x0008101c                _global_impure_ptr
 *(.ARM.extab* .gnu.linkonce.armextab.*)
                0x00081020                . = ALIGN (0x4)
 *(.init)
 .init          0x00081020        0x4 c:/program files/atmel/atmel toolchain/arm gcc/native/4.8.1443/arm-gnu-toolchain/bin/../lib/gcc/arm-none-eabi/4.8.4/armv7-m/crti.o
                0x00081020                _init
 .init          0x00081024        0x8 c:/program files/atmel/atmel toolchain/arm gcc/native/4.8.1443/arm-gnu-toolchain/bin/../lib/gcc/arm-none-eabi/4.8.4/armv7-m/crtn.o
                0x0008102c                . = ALIGN (0x4)
                0x0008102c                __preinit_array_start = .
 *(.preinit_array)
                0x0008102c                __preinit_array_end = .
                0x0008102c                . = ALIGN (0x4)
                0x0008102c                __init_array_start = .
 *(SORT(.init_array.*))
 .init_array.00000
                0x0008102c        0x4 c:/program files/atmel/atmel toolchain/arm gcc/native/4.8.1443/arm-gnu-toolchain/bin/../lib/gcc/arm-none-eabi/4.8.4/../../../../arm-none-eabi/lib/armv7-m\libc.a(lib_a-__call_atexit.o)
 *(.init_array)
 .init_array    0x00081030        0x4 c:/program files/atmel/atmel toolchain/arm gcc/native/4.8.1443/arm-gnu-toolchain/bin/../lib/gcc/arm-none-eabi/4.8.4/armv7-m/crtbegin.o
                0x00081034                __init_array_end = .
                0x00081034                . = ALIGN (0x4)
 *crtbegin.o(.ctors)
 *(EXCLUDE_FILE(*crtend.o) .ctors)
 *(SORT(.ctors.*))
 *crtend.o(.ctors)
                0x00081034                . = ALIGN (0x4)
 *(.fini)
 .fini          0x00081034        0x4 c:/program files/atmel/atmel toolchain/arm gcc/native/4.8.1443/arm-gnu-toolchain/bin/../lib/gcc/arm-none-eabi/4.8.4/armv7-m/crti.o
                0x00081034                _fini
 .fini          0x00081038        0x8 c:/program files/atmel/atmel toolchain/arm gcc/native/4.8.1443/arm-gnu-toolchain/bin/../lib/gcc/arm-none-eabi/4.8.4/armv7-m/crtn.o
                0x00081040                . = ALIGN (0x4)
                0x00081040                __fini_array_start = .
 *(.fini_array)
 .fini_array    0x00081040        0x4 c:/program files/atmel/atmel toolchain/arm gcc/native/4.8.1443/arm-gnu-toolchain/bin/../lib/gcc/arm-none-eabi/4.8.4/armv7-m/crtbegin.o
 *(SORT(.fini_array.*))
                0x00081044                __fini_array_end = .
 *crtbegin.o(.dtors)
 *(EXCLUDE_FILE(*crtend.o) .dtors)
 *(SORT(.dtors.*))
 *crtend.o(.dtors)
                0x00081044                . = ALIGN (0x4)
                0x00081044                _efixed = .
                0x00081044                PROVIDE (__exidx_start, .)

.vfp11_veneer   0x00081044        0x0
 .vfp11_veneer  0x00000000        0x0 linker stubs

.v4_bx          0x00081044        0x0
 .v4_bx         0x00000000        0x0 linker stubs

.iplt           0x00081044        0x0
 .iplt          0x00000000        0x0 c:/program files/atmel/atmel toolchain/arm gcc/native/4.8.1443/arm-gnu-toolchain/bin/../lib/gcc/arm-none-eabi/4.8.4/armv7-m/crtbegin.o

.eh_frame       0x00081044        0x0
 .eh_frame      0x00081044        0x0 c:/program files/atmel/atmel toolchain/arm gcc/native/4.8.1443/arm-gnu-toolchain/bin/../lib/gcc/arm-none-eabi/4.8.4/armv7-m/crtbegin.o

.rel.dyn        0x00081044        0x0
 .rel.iplt      0x00000000        0x0 c:/program files/atmel/atmel toolchain/arm gcc/native/4.8.1443/arm-gnu-toolchain/bin/../lib/gcc/arm-none-eabi/4.8.4/armv7-m/crtbegin.o

.jcr            0x00081044        0x0
 .jcr           0x00081044        0x0 c:/program files/atmel/atmel toolchain/arm gcc/native/4.8.1443/arm-gnu-toolchain/bin/../lib/gcc/arm-none-eabi/4.8.4/armv7-m/crtbegin.o

.igot.plt       0x00081044        0x0
 .igot.plt      0x00000000        0x0 c:/program files/atmel/atmel toolchain/arm gcc/native/4.8.1443/arm-gnu-toolchain/bin/../lib/gcc/arm-none-eabi/4.8.4/armv7-m/crtbegin.o

.ARM.exidx
 *(.ARM.exidx* .gnu.linkonce.armexidx.*)
                0x00081044                PROVIDE (__exidx_end, .)
                0x00081044                . = ALIGN (0x4)
                0x00081044                _etext = .

.relocate       0x20070000      0x844 load address 0x00081044
                0x20070000                . = ALIGN (0x4)
                0x20070000                _srelocate = .
 *(.ramfunc .ramfunc.*)
 *(.data .data.*)
 .data.g_interrupt_enabled
                0x20070000        0x1 src/ASF/common/utils/interrupt/interrupt_sam_nvic.o
                0x20070000                g_interrupt_enabled
 *fill*         0x20070001        0x7 
 .data.impure_data
                0x20070008      0x428 c:/program files/atmel/atmel toolchain/arm gcc/native/4.8.1443/arm-gnu-toolchain/bin/../lib/gcc/arm-none-eabi/4.8.4/../../../../arm-none-eabi/lib/armv7-m\libc.a(lib_a-impure.o)
 .data._impure_ptr
                0x20070430        0x4 c:/program files/atmel/atmel toolchain/arm gcc/native/4.8.1443/arm-gnu-toolchain/bin/../lib/gcc/arm-none-eabi/4.8.4/../../../../arm-none-eabi/lib/armv7-m\libc.a(lib_a-impure.o)
                0x20070430                _impure_ptr
 .data.__malloc_av_
                0x20070434      0x408 c:/program files/atmel/atmel toolchain/arm gcc/native/4.8.1443/arm-gnu-toolchain/bin/../lib/gcc/arm-none-eabi/4.8.4/../../../../arm-none-eabi/lib/armv7-m\libc.a(lib_a-mallocr.o)
                0x20070434                __malloc_av_
 .data.__malloc_trim_threshold
                0x2007083c        0x4 c:/program files/atmel/atmel toolchain/arm gcc/native/4.8.1443/arm-gnu-toolchain/bin/../lib/gcc/arm-none-eabi/4.8.4/../../../../arm-none-eabi/lib/armv7-m\libc.a(lib_a-mallocr.o)
                0x2007083c                __malloc_trim_threshold
 .data.__malloc_sbrk_base
                0x20070840        0x4 c:/program files/atmel/atmel toolchain/arm gcc/native/4.8.1443/arm-gnu-toolchain/bin/../lib/gcc/arm-none-eabi/4.8.4/../../../../arm-none-eabi/lib/armv7-m\libc.a(lib_a-mallocr.o)
                0x20070840                __malloc_sbrk_base
                0x20070844                . = ALIGN (0x4)
                0x20070844                _erelocate = .

.bss            0x20070844      0x168 load address 0x00081888
                0x20070844                . = ALIGN (0x4)
                0x20070844                _sbss = .
                0x20070844                _szero = .
 *(.bss .bss.*)
 .bss           0x20070844       0x1c c:/program files/atmel/atmel toolchain/arm gcc/native/4.8.1443/arm-gnu-toolchain/bin/../lib/gcc/arm-none-eabi/4.8.4/armv7-m/crtbegin.o
 .bss.serial_rx_buf
                0x20070860       0x9c src/ASF/thirdparty/wireless/addons/sio2host/uart/sio2host.o
 .bss.serial_rx_buf_tail
                0x200708fc        0x1 src/ASF/thirdparty/wireless/addons/sio2host/uart/sio2host.o
 *fill*         0x200708fd        0x3 
 .bss.gs_interrupt_sources
                0x20070900       0x70 src/ASF/sam/drivers/pio/pio_handler.o
 .bss.heap.5098
                0x20070970        0x4 src/ASF/sam/utils/syscalls/gcc/syscalls.o
 .bss.__malloc_max_total_mem
                0x20070974        0x4 c:/program files/atmel/atmel toolchain/arm gcc/native/4.8.1443/arm-gnu-toolchain/bin/../lib/gcc/arm-none-eabi/4.8.4/../../../../arm-none-eabi/lib/armv7-m\libc.a(lib_a-mallocr.o)
                0x20070974                __malloc_max_total_mem
 .bss.__malloc_max_sbrked_mem
                0x20070978        0x4 c:/program files/atmel/atmel toolchain/arm gcc/native/4.8.1443/arm-gnu-toolchain/bin/../lib/gcc/arm-none-eabi/4.8.4/../../../../arm-none-eabi/lib/armv7-m\libc.a(lib_a-mallocr.o)
                0x20070978                __malloc_max_sbrked_mem
 .bss.__malloc_top_pad
                0x2007097c        0x4 c:/program files/atmel/atmel toolchain/arm gcc/native/4.8.1443/arm-gnu-toolchain/bin/../lib/gcc/arm-none-eabi/4.8.4/../../../../arm-none-eabi/lib/armv7-m\libc.a(lib_a-mallocr.o)
                0x2007097c                __malloc_top_pad
 .bss.__malloc_current_mallinfo
                0x20070980       0x28 c:/program files/atmel/atmel toolchain/arm gcc/native/4.8.1443/arm-gnu-toolchain/bin/../lib/gcc/arm-none-eabi/4.8.4/../../../../arm-none-eabi/lib/armv7-m\libc.a(lib_a-mallocr.o)
                0x20070980                __malloc_current_mallinfo
 *(COMMON)
 COMMON         0x200709a8        0x4 c:/program files/atmel/atmel toolchain/arm gcc/native/4.8.1443/arm-gnu-toolchain/bin/../lib/gcc/arm-none-eabi/4.8.4/../../../../arm-none-eabi/lib/armv7-m\libc.a(lib_a-reent.o)
                0x200709a8                errno
                0x200709ac                . = ALIGN (0x4)
                0x200709ac                _ebss = .
                0x200709ac                _ezero = .

.stack          0x200709ac     0x2004 load address 0x000819f0
                0x200709b0                . = ALIGN (0x8)
 *fill*         0x200709ac        0x4 
                0x200709b0                _sstack = .
                0x200729b0                . = (. + __stack_size__)
 *fill*         0x200709b0     0x2000 
                0x200729b0                . = ALIGN (0x8)
                0x200729b0                _estack = .
                0x200729b0                . = ALIGN (0x4)
                0x200729b0                _end = .
OUTPUT(Project1401f.elf elf32-littlearm)

.ARM.attributes
                0x00000000       0x29
 .ARM.attributes
                0x00000000       0x1d c:/program files/atmel/atmel toolchain/arm gcc/native/4.8.1443/arm-gnu-toolchain/bin/../lib/gcc/arm-none-eabi/4.8.4/armv7-m/crti.o
 .ARM.attributes
                0x0000001d       0x2d c:/program files/atmel/atmel toolchain/arm gcc/native/4.8.1443/arm-gnu-toolchain/bin/../lib/gcc/arm-none-eabi/4.8.4/armv7-m/crtbegin.o
 .ARM.attributes
                0x0000004a       0x33 src/ASF/common/services/serial/usart_serial.o
 .ARM.attributes
                0x0000007d       0x33 src/ASF/sam/drivers/uart/uart.o
 .ARM.attributes
                0x000000b0       0x33 src/ASF/sam/drivers/usart/usart.o
 .ARM.attributes
                0x000000e3       0x33 src/ASF/thirdparty/wireless/addons/sio2host/uart/sio2host.o
 .ARM.attributes
                0x00000116       0x33 src/ASF/common/utils/interrupt/interrupt_sam_nvic.o
 .ARM.attributes
                0x00000149       0x33 src/ASF/sam/boards/arduino_due_x/init.o
 .ARM.attributes
                0x0000017c       0x33 src/ASF/sam/drivers/pio/pio.o
 .ARM.attributes
                0x000001af       0x33 src/ASF/sam/drivers/pio/pio_handler.o
 .ARM.attributes
                0x000001e2       0x33 src/ASF/sam/drivers/pmc/pmc.o
 .ARM.attributes
                0x00000215       0x33 src/ASF/sam/utils/cmsis/sam3x/source/templates/exceptions.o
 .ARM.attributes
                0x00000248       0x33 src/ASF/sam/utils/cmsis/sam3x/source/templates/gcc/startup_sam3x.o
 .ARM.attributes
                0x0000027b       0x33 src/ASF/sam/utils/syscalls/gcc/syscalls.o
 .ARM.attributes
                0x000002ae       0x33 src/main.o
 .ARM.attributes
                0x000002e1       0x2d c:/program files/atmel/atmel toolchain/arm gcc/native/4.8.1443/arm-gnu-toolchain/bin/../lib/gcc/arm-none-eabi/4.8.4/../../../../arm-none-eabi/lib/armv7-m\libc.a(lib_a-impure.o)
 .ARM.attributes
                0x0000030e       0x2d c:/program files/atmel/atmel toolchain/arm gcc/native/4.8.1443/arm-gnu-toolchain/bin/../lib/gcc/arm-none-eabi/4.8.4/../../../../arm-none-eabi/lib/armv7-m\libc.a(lib_a-init.o)
 .ARM.attributes
                0x0000033b       0x2d c:/program files/atmel/atmel toolchain/arm gcc/native/4.8.1443/arm-gnu-toolchain/bin/../lib/gcc/arm-none-eabi/4.8.4/../../../../arm-none-eabi/lib/armv7-m\libc.a(lib_a-__call_atexit.o)
 .ARM.attributes
                0x00000368       0x2d c:/program files/atmel/atmel toolchain/arm gcc/native/4.8.1443/arm-gnu-toolchain/bin/../lib/gcc/arm-none-eabi/4.8.4/../../../../arm-none-eabi/lib/armv7-m\libc.a(lib_a-atexit.o)
 .ARM.attributes
                0x00000395       0x2d c:/program files/atmel/atmel toolchain/arm gcc/native/4.8.1443/arm-gnu-toolchain/bin/../lib/gcc/arm-none-eabi/4.8.4/../../../../arm-none-eabi/lib/armv7-m\libc.a(lib_a-fini.o)
 .ARM.attributes
                0x000003c2       0x2d c:/program files/atmel/atmel toolchain/arm gcc/native/4.8.1443/arm-gnu-toolchain/bin/../lib/gcc/arm-none-eabi/4.8.4/../../../../arm-none-eabi/lib/armv7-m\libc.a(lib_a-freer.o)
 .ARM.attributes
                0x000003ef       0x2d c:/program files/atmel/atmel toolchain/arm gcc/native/4.8.1443/arm-gnu-toolchain/bin/../lib/gcc/arm-none-eabi/4.8.4/../../../../arm-none-eabi/lib/armv7-m\libc.a(lib_a-malloc.o)
 .ARM.attributes
                0x0000041c       0x2d c:/program files/atmel/atmel toolchain/arm gcc/native/4.8.1443/arm-gnu-toolchain/bin/../lib/gcc/arm-none-eabi/4.8.4/../../../../arm-none-eabi/lib/armv7-m\libc.a(lib_a-mallocr.o)
 .ARM.attributes
                0x00000449       0x2d c:/program files/atmel/atmel toolchain/arm gcc/native/4.8.1443/arm-gnu-toolchain/bin/../lib/gcc/arm-none-eabi/4.8.4/../../../../arm-none-eabi/lib/armv7-m\libc.a(lib_a-mlock.o)
 .ARM.attributes
                0x00000476       0x2d c:/program files/atmel/atmel toolchain/arm gcc/native/4.8.1443/arm-gnu-toolchain/bin/../lib/gcc/arm-none-eabi/4.8.4/../../../../arm-none-eabi/lib/armv7-m\libc.a(lib_a-sbrkr.o)
 .ARM.attributes
                0x000004a3       0x2d c:/program files/atmel/atmel toolchain/arm gcc/native/4.8.1443/arm-gnu-toolchain/bin/../lib/gcc/arm-none-eabi/4.8.4/../../../../arm-none-eabi/lib/armv7-m\libc.a(lib_a-__atexit.o)
 .ARM.attributes
                0x000004d0       0x2d c:/program files/atmel/atmel toolchain/arm gcc/native/4.8.1443/arm-gnu-toolchain/bin/../lib/gcc/arm-none-eabi/4.8.4/../../../../arm-none-eabi/lib/armv7-m\libc.a(lib_a-reent.o)
 .ARM.attributes
                0x000004fd       0x1d c:/program files/atmel/atmel toolchain/arm gcc/native/4.8.1443/arm-gnu-toolchain/bin/../lib/gcc/arm-none-eabi/4.8.4/armv7-m/crtn.o

.comment        0x00000000       0x5b
 .comment       0x00000000       0x5b src/ASF/common/services/serial/usart_serial.o
                                 0x5c (size before relaxing)
 .comment       0x00000000       0x5c src/ASF/sam/drivers/uart/uart.o
 .comment       0x00000000       0x5c src/ASF/sam/drivers/usart/usart.o
 .comment       0x00000000       0x5c src/ASF/thirdparty/wireless/addons/sio2host/uart/sio2host.o
 .comment       0x00000000       0x5c src/ASF/common/utils/interrupt/interrupt_sam_nvic.o
 .comment       0x00000000       0x5c src/ASF/sam/boards/arduino_due_x/init.o
 .comment       0x00000000       0x5c src/ASF/sam/drivers/pio/pio.o
 .comment       0x00000000       0x5c src/ASF/sam/drivers/pio/pio_handler.o
 .comment       0x00000000       0x5c src/ASF/sam/drivers/pmc/pmc.o
 .comment       0x00000000       0x5c src/ASF/sam/utils/cmsis/sam3x/source/templates/exceptions.o
 .comment       0x00000000       0x5c src/ASF/sam/utils/cmsis/sam3x/source/templates/gcc/startup_sam3x.o
 .comment       0x00000000       0x5c src/ASF/sam/utils/syscalls/gcc/syscalls.o
 .comment       0x00000000       0x5c src/main.o

.debug_info     0x00000000     0x93e8
 .debug_info    0x00000000      0x7c5 src/ASF/common/services/serial/usart_serial.o
 .debug_info    0x000007c5      0x889 src/ASF/sam/drivers/uart/uart.o
 .debug_info    0x0000104e     0x1bfa src/ASF/sam/drivers/usart/usart.o
 .debug_info    0x00002c48     0x187d src/ASF/thirdparty/wireless/addons/sio2host/uart/sio2host.o
 .debug_info    0x000044c5      0x1e8 src/ASF/common/utils/interrupt/interrupt_sam_nvic.o
 .debug_info    0x000046ad      0x75c src/ASF/sam/boards/arduino_due_x/init.o
 .debug_info    0x00004e09     0x1385 src/ASF/sam/drivers/pio/pio.o
 .debug_info    0x0000618e      0xe52 src/ASF/sam/drivers/pio/pio_handler.o
 .debug_info    0x00006fe0     0x1080 src/ASF/sam/drivers/pmc/pmc.o
 .debug_info    0x00008060      0x124 src/ASF/sam/utils/cmsis/sam3x/source/templates/exceptions.o
 .debug_info    0x00008184      0x3bd src/ASF/sam/utils/cmsis/sam3x/source/templates/gcc/startup_sam3x.o
 .debug_info    0x00008541      0x43f src/ASF/sam/utils/syscalls/gcc/syscalls.o
 .debug_info    0x00008980      0xa68 src/main.o

.debug_abbrev   0x00000000     0x18f5
 .debug_abbrev  0x00000000      0x1a8 src/ASF/common/services/serial/usart_serial.o
 .debug_abbrev  0x000001a8      0x1bd src/ASF/sam/drivers/uart/uart.o
 .debug_abbrev  0x00000365      0x325 src/ASF/sam/drivers/usart/usart.o
 .debug_abbrev  0x0000068a      0x3da src/ASF/thirdparty/wireless/addons/sio2host/uart/sio2host.o
 .debug_abbrev  0x00000a64       0xef src/ASF/common/utils/interrupt/interrupt_sam_nvic.o
 .debug_abbrev  0x00000b53      0x16f src/ASF/sam/boards/arduino_due_x/init.o
 .debug_abbrev  0x00000cc2      0x2d5 src/ASF/sam/drivers/pio/pio.o
 .debug_abbrev  0x00000f97      0x257 src/ASF/sam/drivers/pio/pio_handler.o
 .debug_abbrev  0x000011ee      0x268 src/ASF/sam/drivers/pmc/pmc.o
 .debug_abbrev  0x00001456       0x8c src/ASF/sam/utils/cmsis/sam3x/source/templates/exceptions.o
 .debug_abbrev  0x000014e2      0x118 src/ASF/sam/utils/cmsis/sam3x/source/templates/gcc/startup_sam3x.o
 .debug_abbrev  0x000015fa      0x14e src/ASF/sam/utils/syscalls/gcc/syscalls.o
 .debug_abbrev  0x00001748      0x1ad src/main.o

.debug_loc      0x00000000     0x3aa5
 .debug_loc     0x00000000      0x2d1 src/ASF/common/services/serial/usart_serial.o
 .debug_loc     0x000002d1      0x236 src/ASF/sam/drivers/uart/uart.o
 .debug_loc     0x00000507     0x128d src/ASF/sam/drivers/usart/usart.o
 .debug_loc     0x00001794      0x4b5 src/ASF/thirdparty/wireless/addons/sio2host/uart/sio2host.o
 .debug_loc     0x00001c49       0x1e src/ASF/common/utils/interrupt/interrupt_sam_nvic.o
 .debug_loc     0x00001c67       0x20 src/ASF/sam/boards/arduino_due_x/init.o
 .debug_loc     0x00001c87      0xa83 src/ASF/sam/drivers/pio/pio.o
 .debug_loc     0x0000270a      0x53d src/ASF/sam/drivers/pio/pio_handler.o
 .debug_loc     0x00002c47      0xc95 src/ASF/sam/drivers/pmc/pmc.o
 .debug_loc     0x000038dc       0x7e src/ASF/sam/utils/cmsis/sam3x/source/templates/gcc/startup_sam3x.o
 .debug_loc     0x0000395a      0x12b src/ASF/sam/utils/syscalls/gcc/syscalls.o
 .debug_loc     0x00003a85       0x20 src/main.o

.debug_aranges  0x00000000      0x8c0
 .debug_aranges
                0x00000000       0x28 src/ASF/common/services/serial/usart_serial.o
 .debug_aranges
                0x00000028       0xe8 src/ASF/sam/drivers/uart/uart.o
 .debug_aranges
                0x00000110      0x2a8 src/ASF/sam/drivers/usart/usart.o
 .debug_aranges
                0x000003b8       0x60 src/ASF/thirdparty/wireless/addons/sio2host/uart/sio2host.o
 .debug_aranges
                0x00000418       0x28 src/ASF/common/utils/interrupt/interrupt_sam_nvic.o
 .debug_aranges
                0x00000440       0x20 src/ASF/sam/boards/arduino_due_x/init.o
 .debug_aranges
                0x00000460      0x148 src/ASF/sam/drivers/pio/pio.o
 .debug_aranges
                0x000005a8       0x58 src/ASF/sam/drivers/pio/pio_handler.o
 .debug_aranges
                0x00000600      0x200 src/ASF/sam/drivers/pmc/pmc.o
 .debug_aranges
                0x00000800       0x20 src/ASF/sam/utils/cmsis/sam3x/source/templates/exceptions.o
 .debug_aranges
                0x00000820       0x20 src/ASF/sam/utils/cmsis/sam3x/source/templates/gcc/startup_sam3x.o
 .debug_aranges
                0x00000840       0x60 src/ASF/sam/utils/syscalls/gcc/syscalls.o
 .debug_aranges
                0x000008a0       0x20 src/main.o

.debug_ranges   0x00000000      0x808
 .debug_ranges  0x00000000       0x30 src/ASF/common/services/serial/usart_serial.o
 .debug_ranges  0x00000030       0xd8 src/ASF/sam/drivers/uart/uart.o
 .debug_ranges  0x00000108      0x298 src/ASF/sam/drivers/usart/usart.o
 .debug_ranges  0x000003a0       0x50 src/ASF/thirdparty/wireless/addons/sio2host/uart/sio2host.o
 .debug_ranges  0x000003f0       0x18 src/ASF/common/utils/interrupt/interrupt_sam_nvic.o
 .debug_ranges  0x00000408       0x10 src/ASF/sam/boards/arduino_due_x/init.o
 .debug_ranges  0x00000418      0x138 src/ASF/sam/drivers/pio/pio.o
 .debug_ranges  0x00000550       0x48 src/ASF/sam/drivers/pio/pio_handler.o
 .debug_ranges  0x00000598      0x1f0 src/ASF/sam/drivers/pmc/pmc.o
 .debug_ranges  0x00000788       0x10 src/ASF/sam/utils/cmsis/sam3x/source/templates/exceptions.o
 .debug_ranges  0x00000798       0x10 src/ASF/sam/utils/cmsis/sam3x/source/templates/gcc/startup_sam3x.o
 .debug_ranges  0x000007a8       0x50 src/ASF/sam/utils/syscalls/gcc/syscalls.o
 .debug_ranges  0x000007f8       0x10 src/main.o

.debug_macro    0x00000000    0x15d93
 .debug_macro   0x00000000      0x55c src/ASF/common/services/serial/usart_serial.o
 .debug_macro   0x0000055c      0x874 src/ASF/common/services/serial/usart_serial.o
 .debug_macro   0x00000dd0      0x5db src/ASF/common/services/serial/usart_serial.o
 .debug_macro   0x000013ab      0x166 src/ASF/common/services/serial/usart_serial.o
 .debug_macro   0x00001511       0x76 src/ASF/common/services/serial/usart_serial.o
 .debug_macro   0x00001587       0x16 src/ASF/common/services/serial/usart_serial.o
 .debug_macro   0x0000159d      0x6e4 src/ASF/common/services/serial/usart_serial.o
 .debug_macro   0x00001c81       0x16 src/ASF/common/services/serial/usart_serial.o
 .debug_macro   0x00001c97       0x44 src/ASF/common/services/serial/usart_serial.o
 .debug_macro   0x00001cdb      0x209 src/ASF/common/services/serial/usart_serial.o
 .debug_macro   0x00001ee4       0x20 src/ASF/common/services/serial/usart_serial.o
 .debug_macro   0x00001f04       0x3a src/ASF/common/services/serial/usart_serial.o
 .debug_macro   0x00001f3e       0x2d src/ASF/common/services/serial/usart_serial.o
 .debug_macro   0x00001f6b      0xbb1 src/ASF/common/services/serial/usart_serial.o
 .debug_macro   0x00002b1c      0xab6 src/ASF/common/services/serial/usart_serial.o
 .debug_macro   0x000035d2      0x569 src/ASF/common/services/serial/usart_serial.o
 .debug_macro   0x00003b3b      0x2b5 src/ASF/common/services/serial/usart_serial.o
 .debug_macro   0x00003df0      0x31a src/ASF/common/services/serial/usart_serial.o
 .debug_macro   0x0000410a      0x74f src/ASF/common/services/serial/usart_serial.o
 .debug_macro   0x00004859       0x82 src/ASF/common/services/serial/usart_serial.o
 .debug_macro   0x000048db      0x57b src/ASF/common/services/serial/usart_serial.o
 .debug_macro   0x00004e56       0x1c src/ASF/common/services/serial/usart_serial.o
 .debug_macro   0x00004e72      0x6b7 src/ASF/common/services/serial/usart_serial.o
 .debug_macro   0x00005529      0x52d src/ASF/common/services/serial/usart_serial.o
 .debug_macro   0x00005a56       0xbe src/ASF/common/services/serial/usart_serial.o
 .debug_macro   0x00005b14     0x2342 src/ASF/common/services/serial/usart_serial.o
 .debug_macro   0x00007e56      0x85d src/ASF/common/services/serial/usart_serial.o
 .debug_macro   0x000086b3      0xdc9 src/ASF/common/services/serial/usart_serial.o
 .debug_macro   0x0000947c       0x7c src/ASF/common/services/serial/usart_serial.o
 .debug_macro   0x000094f8      0x263 src/ASF/common/services/serial/usart_serial.o
 .debug_macro   0x0000975b       0x58 src/ASF/common/services/serial/usart_serial.o
 .debug_macro   0x000097b3      0x9a7 src/ASF/common/services/serial/usart_serial.o
 .debug_macro   0x0000a15a      0x248 src/ASF/common/services/serial/usart_serial.o
 .debug_macro   0x0000a3a2      0x4df src/ASF/common/services/serial/usart_serial.o
 .debug_macro   0x0000a881      0x6b3 src/ASF/common/services/serial/usart_serial.o
 .debug_macro   0x0000af34      0x59f src/ASF/common/services/serial/usart_serial.o
 .debug_macro   0x0000b4d3       0x46 src/ASF/common/services/serial/usart_serial.o
 .debug_macro   0x0000b519      0x34d src/ASF/common/services/serial/usart_serial.o
 .debug_macro   0x0000b866      0x28c src/ASF/common/services/serial/usart_serial.o
 .debug_macro   0x0000baf2     0x14d7 src/ASF/common/services/serial/usart_serial.o
 .debug_macro   0x0000cfc9      0x7ba src/ASF/common/services/serial/usart_serial.o
 .debug_macro   0x0000d783       0x76 src/ASF/common/services/serial/usart_serial.o
 .debug_macro   0x0000d7f9       0x82 src/ASF/common/services/serial/usart_serial.o
 .debug_macro   0x0000d87b       0x76 src/ASF/common/services/serial/usart_serial.o
 .debug_macro   0x0000d8f1       0x4c src/ASF/common/services/serial/usart_serial.o
 .debug_macro   0x0000d93d      0x105 src/ASF/common/services/serial/usart_serial.o
 .debug_macro   0x0000da42      0x105 src/ASF/common/services/serial/usart_serial.o
 .debug_macro   0x0000db47      0x105 src/ASF/common/services/serial/usart_serial.o
 .debug_macro   0x0000dc4c       0x88 src/ASF/common/services/serial/usart_serial.o
 .debug_macro   0x0000dcd4       0x88 src/ASF/common/services/serial/usart_serial.o
 .debug_macro   0x0000dd5c      0x3b4 src/ASF/common/services/serial/usart_serial.o
 .debug_macro   0x0000e110       0xb8 src/ASF/common/services/serial/usart_serial.o
 .debug_macro   0x0000e1c8       0xb8 src/ASF/common/services/serial/usart_serial.o
 .debug_macro   0x0000e280       0xb8 src/ASF/common/services/serial/usart_serial.o
 .debug_macro   0x0000e338       0xb8 src/ASF/common/services/serial/usart_serial.o
 .debug_macro   0x0000e3f0      0x2b8 src/ASF/common/services/serial/usart_serial.o
 .debug_macro   0x0000e6a8      0x125 src/ASF/common/services/serial/usart_serial.o
 .debug_macro   0x0000e7cd      0x225 src/ASF/common/services/serial/usart_serial.o
 .debug_macro   0x0000e9f2      0x225 src/ASF/common/services/serial/usart_serial.o
 .debug_macro   0x0000ec17       0x2e src/ASF/common/services/serial/usart_serial.o
 .debug_macro   0x0000ec45       0xac src/ASF/common/services/serial/usart_serial.o
 .debug_macro   0x0000ecf1      0x14d src/ASF/common/services/serial/usart_serial.o
 .debug_macro   0x0000ee3e       0x7c src/ASF/common/services/serial/usart_serial.o
 .debug_macro   0x0000eeba      0x205 src/ASF/common/services/serial/usart_serial.o
 .debug_macro   0x0000f0bf       0x64 src/ASF/common/services/serial/usart_serial.o
 .debug_macro   0x0000f123       0xa6 src/ASF/common/services/serial/usart_serial.o
 .debug_macro   0x0000f1c9       0x7c src/ASF/common/services/serial/usart_serial.o
 .debug_macro   0x0000f245       0x16 src/ASF/common/services/serial/usart_serial.o
 .debug_macro   0x0000f25b       0x22 src/ASF/common/services/serial/usart_serial.o
 .debug_macro   0x0000f27d       0x22 src/ASF/common/services/serial/usart_serial.o
 .debug_macro   0x0000f29f      0x115 src/ASF/common/services/serial/usart_serial.o
 .debug_macro   0x0000f3b4      0x115 src/ASF/common/services/serial/usart_serial.o
 .debug_macro   0x0000f4c9      0x115 src/ASF/common/services/serial/usart_serial.o
 .debug_macro   0x0000f5de      0x115 src/ASF/common/services/serial/usart_serial.o
 .debug_macro   0x0000f6f3       0x1c src/ASF/common/services/serial/usart_serial.o
 .debug_macro   0x0000f70f       0x2e src/ASF/common/services/serial/usart_serial.o
 .debug_macro   0x0000f73d       0x22 src/ASF/common/services/serial/usart_serial.o
 .debug_macro   0x0000f75f       0x1c src/ASF/common/services/serial/usart_serial.o
 .debug_macro   0x0000f77b       0x58 src/ASF/common/services/serial/usart_serial.o
 .debug_macro   0x0000f7d3       0x10 src/ASF/common/services/serial/usart_serial.o
 .debug_macro   0x0000f7e3      0x273 src/ASF/common/services/serial/usart_serial.o
 .debug_macro   0x0000fa56      0xd43 src/ASF/common/services/serial/usart_serial.o
 .debug_macro   0x00010799      0x131 src/ASF/common/services/serial/usart_serial.o
 .debug_macro   0x000108ca       0x58 src/ASF/common/services/serial/usart_serial.o
 .debug_macro   0x00010922       0x35 src/ASF/common/services/serial/usart_serial.o
 .debug_macro   0x00010957       0xa3 src/ASF/common/services/serial/usart_serial.o
 .debug_macro   0x000109fa       0x16 src/ASF/common/services/serial/usart_serial.o
 .debug_macro   0x00010a10       0x35 src/ASF/common/services/serial/usart_serial.o
 .debug_macro   0x00010a45       0x10 src/ASF/common/services/serial/usart_serial.o
 .debug_macro   0x00010a55       0x52 src/ASF/common/services/serial/usart_serial.o
 .debug_macro   0x00010aa7       0x16 src/ASF/common/services/serial/usart_serial.o
 .debug_macro   0x00010abd       0x43 src/ASF/common/services/serial/usart_serial.o
 .debug_macro   0x00010b00      0x180 src/ASF/common/services/serial/usart_serial.o
 .debug_macro   0x00010c80       0x10 src/ASF/common/services/serial/usart_serial.o
 .debug_macro   0x00010c90       0x22 src/ASF/common/services/serial/usart_serial.o
 .debug_macro   0x00010cb2       0xbd src/ASF/common/services/serial/usart_serial.o
 .debug_macro   0x00010d6f       0x16 src/ASF/common/services/serial/usart_serial.o
 .debug_macro   0x00010d85      0x16c src/ASF/common/services/serial/usart_serial.o
 .debug_macro   0x00010ef1       0x22 src/ASF/common/services/serial/usart_serial.o
 .debug_macro   0x00010f13       0x16 src/ASF/common/services/serial/usart_serial.o
 .debug_macro   0x00010f29       0x16 src/ASF/common/services/serial/usart_serial.o
 .debug_macro   0x00010f3f       0x29 src/ASF/common/services/serial/usart_serial.o
 .debug_macro   0x00010f68       0x6e src/ASF/common/services/serial/usart_serial.o
 .debug_macro   0x00010fd6       0x45 src/ASF/common/services/serial/usart_serial.o
 .debug_macro   0x0001101b      0x3ca src/ASF/common/services/serial/usart_serial.o
 .debug_macro   0x000113e5       0x34 src/ASF/common/services/serial/usart_serial.o
 .debug_macro   0x00011419      0x272 src/ASF/common/services/serial/usart_serial.o
 .debug_macro   0x0001168b      0x790 src/ASF/common/services/serial/usart_serial.o
 .debug_macro   0x00011e1b       0x5e src/ASF/common/services/serial/usart_serial.o
 .debug_macro   0x00011e79       0x64 src/ASF/common/services/serial/usart_serial.o
 .debug_macro   0x00011edd       0x5f src/ASF/common/services/serial/usart_serial.o
 .debug_macro   0x00011f3c       0x90 src/ASF/common/services/serial/usart_serial.o
 .debug_macro   0x00011fcc       0x1c src/ASF/common/services/serial/usart_serial.o
 .debug_macro   0x00011fe8       0x2e src/ASF/common/services/serial/usart_serial.o
 .debug_macro   0x00012016       0x1c src/ASF/common/services/serial/usart_serial.o
 .debug_macro   0x00012032      0x4b8 src/ASF/sam/drivers/uart/uart.o
 .debug_macro   0x000124ea       0x16 src/ASF/sam/drivers/uart/uart.o
 .debug_macro   0x00012500      0x4f4 src/ASF/sam/drivers/usart/usart.o
 .debug_macro   0x000129f4       0x28 src/ASF/sam/drivers/usart/usart.o
 .debug_macro   0x00012a1c      0x5e3 src/ASF/thirdparty/wireless/addons/sio2host/uart/sio2host.o
 .debug_macro   0x00012fff       0x94 src/ASF/thirdparty/wireless/addons/sio2host/uart/sio2host.o
 .debug_macro   0x00013093       0x40 src/ASF/thirdparty/wireless/addons/sio2host/uart/sio2host.o
 .debug_macro   0x000130d3       0x6a src/ASF/thirdparty/wireless/addons/sio2host/uart/sio2host.o
 .debug_macro   0x0001313d       0x34 src/ASF/thirdparty/wireless/addons/sio2host/uart/sio2host.o
 .debug_macro   0x00013171       0x40 src/ASF/thirdparty/wireless/addons/sio2host/uart/sio2host.o
 .debug_macro   0x000131b1      0x4b3 src/ASF/common/utils/interrupt/interrupt_sam_nvic.o
 .debug_macro   0x00013664       0x3f src/ASF/common/utils/interrupt/interrupt_sam_nvic.o
 .debug_macro   0x000136a3      0x568 src/ASF/sam/boards/arduino_due_x/init.o
 .debug_macro   0x00013c0b      0x4c4 src/ASF/sam/drivers/pio/pio.o
 .debug_macro   0x000140cf       0x8e src/ASF/sam/drivers/pio/pio.o
 .debug_macro   0x0001415d      0x4c8 src/ASF/sam/drivers/pio/pio_handler.o
 .debug_macro   0x00014625      0x4be src/ASF/sam/drivers/pmc/pmc.o
 .debug_macro   0x00014ae3       0x58 src/ASF/sam/drivers/pmc/pmc.o
 .debug_macro   0x00014b3b      0x4bd src/ASF/sam/utils/cmsis/sam3x/source/templates/exceptions.o
 .debug_macro   0x00014ff8      0x4cb src/ASF/sam/utils/cmsis/sam3x/source/templates/gcc/startup_sam3x.o
 .debug_macro   0x000154c3      0x129 src/ASF/sam/utils/syscalls/gcc/syscalls.o
 .debug_macro   0x000155ec       0x52 src/ASF/sam/utils/syscalls/gcc/syscalls.o
 .debug_macro   0x0001563e       0x16 src/ASF/sam/utils/syscalls/gcc/syscalls.o
 .debug_macro   0x00015654       0x10 src/ASF/sam/utils/syscalls/gcc/syscalls.o
 .debug_macro   0x00015664       0x41 src/ASF/sam/utils/syscalls/gcc/syscalls.o
 .debug_macro   0x000156a5      0x120 src/ASF/sam/utils/syscalls/gcc/syscalls.o
 .debug_macro   0x000157c5      0x5ce src/main.o

.debug_line     0x00000000     0xa39d
 .debug_line    0x00000000      0xd03 src/ASF/common/services/serial/usart_serial.o
 .debug_line    0x00000d03      0xc77 src/ASF/sam/drivers/uart/uart.o
 .debug_line    0x0000197a     0x1191 src/ASF/sam/drivers/usart/usart.o
 .debug_line    0x00002b0b     0x1007 src/ASF/thirdparty/wireless/addons/sio2host/uart/sio2host.o
 .debug_line    0x00003b12      0xadc src/ASF/common/utils/interrupt/interrupt_sam_nvic.o
 .debug_line    0x000045ee      0xcc7 src/ASF/sam/boards/arduino_due_x/init.o
 .debug_line    0x000052b5      0xe2a src/ASF/sam/drivers/pio/pio.o
 .debug_line    0x000060df      0xb75 src/ASF/sam/drivers/pio/pio_handler.o
 .debug_line    0x00006c54     0x102f src/ASF/sam/drivers/pmc/pmc.o
 .debug_line    0x00007c83      0xa9d src/ASF/sam/utils/cmsis/sam3x/source/templates/exceptions.o
 .debug_line    0x00008720      0xaed src/ASF/sam/utils/cmsis/sam3x/source/templates/gcc/startup_sam3x.o
 .debug_line    0x0000920d      0x383 src/ASF/sam/utils/syscalls/gcc/syscalls.o
 .debug_line    0x00009590      0xe0d src/main.o

.debug_str      0x00000000    0x61653
 .debug_str     0x00000000    0x5dd88 src/ASF/common/services/serial/usart_serial.o
                              0x5e0c1 (size before relaxing)
 .debug_str     0x0005dd88      0x2c4 src/ASF/sam/drivers/uart/uart.o
                              0x5a413 (size before relaxing)
 .debug_str     0x0005e04c      0xa2f src/ASF/sam/drivers/usart/usart.o
                              0x5acc4 (size before relaxing)
 .debug_str     0x0005ea7b     0x1330 src/ASF/thirdparty/wireless/addons/sio2host/uart/sio2host.o
                              0x5f4a3 (size before relaxing)
 .debug_str     0x0005fdab       0x73 src/ASF/common/utils/interrupt/interrupt_sam_nvic.o
                              0x5a09e (size before relaxing)
 .debug_str     0x0005fe1e      0x27f src/ASF/sam/boards/arduino_due_x/init.o
                              0x5e676 (size before relaxing)
 .debug_str     0x0006009d      0x432 src/ASF/sam/drivers/pio/pio.o
                              0x5a9f2 (size before relaxing)
 .debug_str     0x000604cf      0x1bf src/ASF/sam/drivers/pio/pio_handler.o
                              0x5aa3a (size before relaxing)
 .debug_str     0x0006068e      0x772 src/ASF/sam/drivers/pmc/pmc.o
                              0x5aa68 (size before relaxing)
 .debug_str     0x00060e00       0x4d src/ASF/sam/utils/cmsis/sam3x/source/templates/exceptions.o
                              0x5a067 (size before relaxing)
 .debug_str     0x00060e4d       0xb2 src/ASF/sam/utils/cmsis/sam3x/source/templates/gcc/startup_sam3x.o
                              0x5a13c (size before relaxing)
 .debug_str     0x00060eff      0x741 src/ASF/sam/utils/syscalls/gcc/syscalls.o
                               0x4f17 (size before relaxing)
 .debug_str     0x00061640       0x13 src/main.o
                              0x5e9b7 (size before relaxing)

.debug_frame    0x00000000     0x1458
 .debug_frame   0x00000000       0x60 src/ASF/common/services/serial/usart_serial.o
 .debug_frame   0x00000060      0x1b8 src/ASF/sam/drivers/uart/uart.o
 .debug_frame   0x00000218      0x5c8 src/ASF/sam/drivers/usart/usart.o
 .debug_frame   0x000007e0      0x10c src/ASF/thirdparty/wireless/addons/sio2host/uart/sio2host.o
 .debug_frame   0x000008ec       0x30 src/ASF/common/utils/interrupt/interrupt_sam_nvic.o
 .debug_frame   0x0000091c       0x28 src/ASF/sam/boards/arduino_due_x/init.o
 .debug_frame   0x00000944      0x2a8 src/ASF/sam/drivers/pio/pio.o
 .debug_frame   0x00000bec       0xf8 src/ASF/sam/drivers/pio/pio_handler.o
 .debug_frame   0x00000ce4      0x410 src/ASF/sam/drivers/pmc/pmc.o
 .debug_frame   0x000010f4       0x20 src/ASF/sam/utils/cmsis/sam3x/source/templates/exceptions.o
 .debug_frame   0x00001114       0x28 src/ASF/sam/utils/cmsis/sam3x/source/templates/gcc/startup_sam3x.o
 .debug_frame   0x0000113c       0xa8 src/ASF/sam/utils/syscalls/gcc/syscalls.o
 .debug_frame   0x000011e4       0x28 src/main.o
 .debug_frame   0x0000120c       0x2c c:/program files/atmel/atmel toolchain/arm gcc/native/4.8.1443/arm-gnu-toolchain/bin/../lib/gcc/arm-none-eabi/4.8.4/../../../../arm-none-eabi/lib/armv7-m\libc.a(lib_a-init.o)
 .debug_frame   0x00001238       0x48 c:/program files/atmel/atmel toolchain/arm gcc/native/4.8.1443/arm-gnu-toolchain/bin/../lib/gcc/arm-none-eabi/4.8.4/../../../../arm-none-eabi/lib/armv7-m\libc.a(lib_a-__call_atexit.o)
 .debug_frame   0x00001280       0x20 c:/program files/atmel/atmel toolchain/arm gcc/native/4.8.1443/arm-gnu-toolchain/bin/../lib/gcc/arm-none-eabi/4.8.4/../../../../arm-none-eabi/lib/armv7-m\libc.a(lib_a-atexit.o)
 .debug_frame   0x000012a0       0x2c c:/program files/atmel/atmel toolchain/arm gcc/native/4.8.1443/arm-gnu-toolchain/bin/../lib/gcc/arm-none-eabi/4.8.4/../../../../arm-none-eabi/lib/armv7-m\libc.a(lib_a-fini.o)
 .debug_frame   0x000012cc       0x50 c:/program files/atmel/atmel toolchain/arm gcc/native/4.8.1443/arm-gnu-toolchain/bin/../lib/gcc/arm-none-eabi/4.8.4/../../../../arm-none-eabi/lib/armv7-m\libc.a(lib_a-freer.o)
 .debug_frame   0x0000131c       0x30 c:/program files/atmel/atmel toolchain/arm gcc/native/4.8.1443/arm-gnu-toolchain/bin/../lib/gcc/arm-none-eabi/4.8.4/../../../../arm-none-eabi/lib/armv7-m\libc.a(lib_a-malloc.o)
 .debug_frame   0x0000134c       0x38 c:/program files/atmel/atmel toolchain/arm gcc/native/4.8.1443/arm-gnu-toolchain/bin/../lib/gcc/arm-none-eabi/4.8.4/../../../../arm-none-eabi/lib/armv7-m\libc.a(lib_a-mallocr.o)
 .debug_frame   0x00001384       0x30 c:/program files/atmel/atmel toolchain/arm gcc/native/4.8.1443/arm-gnu-toolchain/bin/../lib/gcc/arm-none-eabi/4.8.4/../../../../arm-none-eabi/lib/armv7-m\libc.a(lib_a-mlock.o)
 .debug_frame   0x000013b4       0x2c c:/program files/atmel/atmel toolchain/arm gcc/native/4.8.1443/arm-gnu-toolchain/bin/../lib/gcc/arm-none-eabi/4.8.4/../../../../arm-none-eabi/lib/armv7-m\libc.a(lib_a-sbrkr.o)
 .debug_frame   0x000013e0       0x30 c:/program files/atmel/atmel toolchain/arm gcc/native/4.8.1443/arm-gnu-toolchain/bin/../lib/gcc/arm-none-eabi/4.8.4/../../../../arm-none-eabi/lib/armv7-m\libc.a(lib_a-__atexit.o)
 .debug_frame   0x00001410       0x48 c:/program files/atmel/atmel toolchain/arm gcc/native/4.8.1443/arm-gnu-toolchain/bin/../lib/gcc/arm-none-eabi/4.8.4/../../../../arm-none-eabi/lib/armv7-m\libc.a(lib_a-reent.o)

Cross Reference Table

Symbol                                            File
ADC_Handler                                       src/ASF/sam/utils/cmsis/sam3x/source/templates/exceptions.o
                                                  src/ASF/sam/utils/cmsis/sam3x/source/templates/gcc/startup_sam3x.o
BusFault_Handler                                  src/ASF/sam/utils/cmsis/sam3x/source/templates/exceptions.o
                                                  src/ASF/sam/utils/cmsis/sam3x/source/templates/gcc/startup_sam3x.o
CAN0_Handler                                      src/ASF/sam/utils/cmsis/sam3x/source/templates/exceptions.o
                                                  src/ASF/sam/utils/cmsis/sam3x/source/templates/gcc/startup_sam3x.o
CAN1_Handler                                      src/ASF/sam/utils/cmsis/sam3x/source/templates/exceptions.o
                                                  src/ASF/sam/utils/cmsis/sam3x/source/templates/gcc/startup_sam3x.o
DACC_Handler                                      src/ASF/sam/utils/cmsis/sam3x/source/templates/exceptions.o
                                                  src/ASF/sam/utils/cmsis/sam3x/source/templates/gcc/startup_sam3x.o
DMAC_Handler                                      src/ASF/sam/utils/cmsis/sam3x/source/templates/exceptions.o
                                                  src/ASF/sam/utils/cmsis/sam3x/source/templates/gcc/startup_sam3x.o
DebugMon_Handler                                  src/ASF/sam/utils/cmsis/sam3x/source/templates/exceptions.o
                                                  src/ASF/sam/utils/cmsis/sam3x/source/templates/gcc/startup_sam3x.o
Dummy_Handler                                     src/ASF/sam/utils/cmsis/sam3x/source/templates/exceptions.o
EFC0_Handler                                      src/ASF/sam/utils/cmsis/sam3x/source/templates/exceptions.o
                                                  src/ASF/sam/utils/cmsis/sam3x/source/templates/gcc/startup_sam3x.o
EFC1_Handler                                      src/ASF/sam/utils/cmsis/sam3x/source/templates/exceptions.o
                                                  src/ASF/sam/utils/cmsis/sam3x/source/templates/gcc/startup_sam3x.o
EMAC_Handler                                      src/ASF/sam/utils/cmsis/sam3x/source/templates/exceptions.o
                                                  src/ASF/sam/utils/cmsis/sam3x/source/templates/gcc/startup_sam3x.o
HSMCI_Handler                                     src/ASF/sam/utils/cmsis/sam3x/source/templates/exceptions.o
                                                  src/ASF/sam/utils/cmsis/sam3x/source/templates/gcc/startup_sam3x.o
HardFault_Handler                                 src/ASF/sam/utils/cmsis/sam3x/source/templates/exceptions.o
                                                  src/ASF/sam/utils/cmsis/sam3x/source/templates/gcc/startup_sam3x.o
MemManage_Handler                                 src/ASF/sam/utils/cmsis/sam3x/source/templates/exceptions.o
                                                  src/ASF/sam/utils/cmsis/sam3x/source/templates/gcc/startup_sam3x.o
NMI_Handler                                       src/ASF/sam/utils/cmsis/sam3x/source/templates/exceptions.o
                                                  src/ASF/sam/utils/cmsis/sam3x/source/templates/gcc/startup_sam3x.o
PIOA_Handler                                      src/ASF/sam/drivers/pio/pio_handler.o
                                                  src/ASF/sam/utils/cmsis/sam3x/source/templates/gcc/startup_sam3x.o
PIOB_Handler                                      src/ASF/sam/drivers/pio/pio_handler.o
                                                  src/ASF/sam/utils/cmsis/sam3x/source/templates/gcc/startup_sam3x.o
PIOC_Handler                                      src/ASF/sam/drivers/pio/pio_handler.o
                                                  src/ASF/sam/utils/cmsis/sam3x/source/templates/gcc/startup_sam3x.o
PIOD_Handler                                      src/ASF/sam/drivers/pio/pio_handler.o
                                                  src/ASF/sam/utils/cmsis/sam3x/source/templates/gcc/startup_sam3x.o
PMC_Handler                                       src/ASF/sam/utils/cmsis/sam3x/source/templates/exceptions.o
                                                  src/ASF/sam/utils/cmsis/sam3x/source/templates/gcc/startup_sam3x.o
PWM_Handler                                       src/ASF/sam/utils/cmsis/sam3x/source/templates/exceptions.o
                                                  src/ASF/sam/utils/cmsis/sam3x/source/templates/gcc/startup_sam3x.o
PendSV_Handler                                    src/ASF/sam/utils/cmsis/sam3x/source/templates/exceptions.o
                                                  src/ASF/sam/utils/cmsis/sam3x/source/templates/gcc/startup_sam3x.o
RSTC_Handler                                      src/ASF/sam/utils/cmsis/sam3x/source/templates/exceptions.o
                                                  src/ASF/sam/utils/cmsis/sam3x/source/templates/gcc/startup_sam3x.o
RTC_Handler                                       src/ASF/sam/utils/cmsis/sam3x/source/templates/exceptions.o
                                                  src/ASF/sam/utils/cmsis/sam3x/source/templates/gcc/startup_sam3x.o
RTT_Handler                                       src/ASF/sam/utils/cmsis/sam3x/source/templates/exceptions.o
                                                  src/ASF/sam/utils/cmsis/sam3x/source/templates/gcc/startup_sam3x.o
Reset_Handler                                     src/ASF/sam/utils/cmsis/sam3x/source/templates/gcc/startup_sam3x.o
SM                                                src/stateMachine.o
SMC_Handler                                       src/ASF/sam/utils/cmsis/sam3x/source/templates/exceptions.o
                                                  src/ASF/sam/utils/cmsis/sam3x/source/templates/gcc/startup_sam3x.o
SPI0_Handler                                      src/ASF/sam/utils/cmsis/sam3x/source/templates/exceptions.o
                                                  src/ASF/sam/utils/cmsis/sam3x/source/templates/gcc/startup_sam3x.o
SSC_Handler                                       src/ASF/sam/utils/cmsis/sam3x/source/templates/exceptions.o
                                                  src/ASF/sam/utils/cmsis/sam3x/source/templates/gcc/startup_sam3x.o
SUPC_Handler                                      src/ASF/sam/utils/cmsis/sam3x/source/templates/exceptions.o
                                                  src/ASF/sam/utils/cmsis/sam3x/source/templates/gcc/startup_sam3x.o
SVC_Handler                                       src/ASF/sam/utils/cmsis/sam3x/source/templates/exceptions.o
                                                  src/ASF/sam/utils/cmsis/sam3x/source/templates/gcc/startup_sam3x.o
SysTick_Handler                                   src/ASF/sam/utils/cmsis/sam3x/source/templates/exceptions.o
                                                  src/ASF/sam/utils/cmsis/sam3x/source/templates/gcc/startup_sam3x.o
SystemCoreClock                                   src/ASF/sam/utils/cmsis/sam3x/source/templates/system_sam3x.o
SystemCoreClockUpdate                             src/ASF/sam/utils/cmsis/sam3x/source/templates/system_sam3x.o
                                                  src/ASF/common/services/clock/sam3x/sysclk.o
SystemInit                                        src/ASF/sam/utils/cmsis/sam3x/source/templates/system_sam3x.o
TC0_Handler                                       src/ASF/sam/utils/cmsis/sam3x/source/templates/exceptions.o
                                                  src/ASF/sam/utils/cmsis/sam3x/source/templates/gcc/startup_sam3x.o
TC1_Handler                                       src/ASF/sam/utils/cmsis/sam3x/source/templates/exceptions.o
                                                  src/ASF/sam/utils/cmsis/sam3x/source/templates/gcc/startup_sam3x.o
TC2_Handler                                       src/ASF/sam/utils/cmsis/sam3x/source/templates/exceptions.o
                                                  src/ASF/sam/utils/cmsis/sam3x/source/templates/gcc/startup_sam3x.o
TC3_Handler                                       src/ASF/sam/utils/cmsis/sam3x/source/templates/exceptions.o
                                                  src/ASF/sam/utils/cmsis/sam3x/source/templates/gcc/startup_sam3x.o
TC4_Handler                                       src/ASF/sam/utils/cmsis/sam3x/source/templates/exceptions.o
                                                  src/ASF/sam/utils/cmsis/sam3x/source/templates/gcc/startup_sam3x.o
TC5_Handler                                       src/ASF/sam/utils/cmsis/sam3x/source/templates/exceptions.o
                                                  src/ASF/sam/utils/cmsis/sam3x/source/templates/gcc/startup_sam3x.o
TC6_Handler                                       src/ASF/sam/utils/cmsis/sam3x/source/templates/exceptions.o
                                                  src/ASF/sam/utils/cmsis/sam3x/source/templates/gcc/startup_sam3x.o
TC7_Handler                                       src/ASF/sam/utils/cmsis/sam3x/source/templates/exceptions.o
                                                  src/ASF/sam/utils/cmsis/sam3x/source/templates/gcc/startup_sam3x.o
TC8_Handler                                       src/ASF/sam/utils/cmsis/sam3x/source/templates/exceptions.o
                                                  src/ASF/sam/utils/cmsis/sam3x/source/templates/gcc/startup_sam3x.o
TRNG_Handler                                      src/ASF/sam/utils/cmsis/sam3x/source/templates/exceptions.o
                                                  src/ASF/sam/utils/cmsis/sam3x/source/templates/gcc/startup_sam3x.o
TWI0_Handler                                      src/ASF/sam/utils/cmsis/sam3x/source/templates/exceptions.o
                                                  src/ASF/sam/utils/cmsis/sam3x/source/templates/gcc/startup_sam3x.o
TWI1_Handler                                      src/ASF/sam/utils/cmsis/sam3x/source/templates/exceptions.o
                                                  src/ASF/sam/utils/cmsis/sam3x/source/templates/gcc/startup_sam3x.o
UART_Handler                                      src/ASF/sam/utils/cmsis/sam3x/source/templates/exceptions.o
                                                  src/ASF/sam/utils/cmsis/sam3x/source/templates/gcc/startup_sam3x.o
UOTGHS_Handler                                    src/ASF/sam/utils/cmsis/sam3x/source/templates/exceptions.o
                                                  src/ASF/sam/utils/cmsis/sam3x/source/templates/gcc/startup_sam3x.o
USART0_Handler                                    src/ASF/thirdparty/wireless/addons/sio2host/uart/sio2host.o
                                                  src/ASF/sam/utils/cmsis/sam3x/source/templates/gcc/startup_sam3x.o
USART1_Handler                                    src/ASF/sam/utils/cmsis/sam3x/source/templates/exceptions.o
                                                  src/ASF/sam/utils/cmsis/sam3x/source/templates/gcc/startup_sam3x.o
USART2_Handler                                    src/ASF/sam/utils/cmsis/sam3x/source/templates/exceptions.o
                                                  src/ASF/sam/utils/cmsis/sam3x/source/templates/gcc/startup_sam3x.o
USART3_Handler                                    src/ASF/sam/utils/cmsis/sam3x/source/templates/exceptions.o
                                                  src/ASF/sam/utils/cmsis/sam3x/source/templates/gcc/startup_sam3x.o
UsageFault_Handler                                src/ASF/sam/utils/cmsis/sam3x/source/templates/exceptions.o
                                                  src/ASF/sam/utils/cmsis/sam3x/source/templates/gcc/startup_sam3x.o
WDT_Handler                                       src/ASF/sam/utils/cmsis/sam3x/source/templates/exceptions.o
                                                  src/ASF/sam/utils/cmsis/sam3x/source/templates/gcc/startup_sam3x.o
_Jv_RegisterClasses                               c:/program files/atmel/atmel toolchain/arm gcc/native/4.8.1443/arm-gnu-toolchain/bin/../lib/gcc/arm-none-eabi/4.8.4/armv7-m/crtbegin.o
_PathLocale                                       c:/program files/atmel/atmel toolchain/arm gcc/native/4.8.1443/arm-gnu-toolchain/bin/../lib/gcc/arm-none-eabi/4.8.4/../../../../arm-none-eabi/lib/armv7-m\libc.a(lib_a-locale.o)
__aeabi_idiv0                                     c:/program files/atmel/atmel toolchain/arm gcc/native/4.8.1443/arm-gnu-toolchain/bin/../lib/gcc/arm-none-eabi/4.8.4/armv7-m\libgcc.a(_dvmd_tls.o)
__aeabi_ldiv0                                     c:/program files/atmel/atmel toolchain/arm gcc/native/4.8.1443/arm-gnu-toolchain/bin/../lib/gcc/arm-none-eabi/4.8.4/armv7-m\libgcc.a(_dvmd_tls.o)
                                                  c:/program files/atmel/atmel toolchain/arm gcc/native/4.8.1443/arm-gnu-toolchain/bin/../lib/gcc/arm-none-eabi/4.8.4/armv7-m\libgcc.a(_aeabi_uldivmod.o)
__aeabi_uldivmod                                  c:/program files/atmel/atmel toolchain/arm gcc/native/4.8.1443/arm-gnu-toolchain/bin/../lib/gcc/arm-none-eabi/4.8.4/armv7-m\libgcc.a(_aeabi_uldivmod.o)
                                                  c:/program files/atmel/atmel toolchain/arm gcc/native/4.8.1443/arm-gnu-toolchain/bin/../lib/gcc/arm-none-eabi/4.8.4/../../../../arm-none-eabi/lib/armv7-m\libc.a(lib_a-vfiprintf.o)
__ascii_wctomb                                    c:/program files/atmel/atmel toolchain/arm gcc/native/4.8.1443/arm-gnu-toolchain/bin/../lib/gcc/arm-none-eabi/4.8.4/../../../../arm-none-eabi/lib/armv7-m\libc.a(lib_a-wctomb_r.o)
__bss_end__                                       c:/program files/atmel/atmel toolchain/arm gcc/native/4.8.1443/arm-gnu-toolchain/bin/../lib/gcc/arm-none-eabi/4.8.4/../../../../arm-none-eabi/lib/armv7-m/crt0.o
__bss_start__                                     c:/program files/atmel/atmel toolchain/arm gcc/native/4.8.1443/arm-gnu-toolchain/bin/../lib/gcc/arm-none-eabi/4.8.4/../../../../arm-none-eabi/lib/armv7-m/crt0.o
__call_exitprocs                                  c:/program files/atmel/atmel toolchain/arm gcc/native/4.8.1443/arm-gnu-toolchain/bin/../lib/gcc/arm-none-eabi/4.8.4/../../../../arm-none-eabi/lib/armv7-m\libc.a(lib_a-__call_atexit.o)
                                                  c:/program files/atmel/atmel toolchain/arm gcc/native/4.8.1443/arm-gnu-toolchain/bin/../lib/gcc/arm-none-eabi/4.8.4/../../../../arm-none-eabi/lib/armv7-m\libc.a(lib_a-exit.o)
__deregister_frame_info                           c:/program files/atmel/atmel toolchain/arm gcc/native/4.8.1443/arm-gnu-toolchain/bin/../lib/gcc/arm-none-eabi/4.8.4/armv7-m/crtbegin.o
__divdi3                                          c:/program files/atmel/atmel toolchain/arm gcc/native/4.8.1443/arm-gnu-toolchain/bin/../lib/gcc/arm-none-eabi/4.8.4/armv7-m\libgcc.a(_divdi3.o)
                                                  c:/program files/atmel/atmel toolchain/arm gcc/native/4.8.1443/arm-gnu-toolchain/bin/../lib/gcc/arm-none-eabi/4.8.4/armv7-m\libgcc.a(bpabi.o)
__dso_handle                                      c:/program files/atmel/atmel toolchain/arm gcc/native/4.8.1443/arm-gnu-toolchain/bin/../lib/gcc/arm-none-eabi/4.8.4/armv7-m/crtbegin.o
__fini_array_end                                  c:/program files/atmel/atmel toolchain/arm gcc/native/4.8.1443/arm-gnu-toolchain/bin/../lib/gcc/arm-none-eabi/4.8.4/../../../../arm-none-eabi/lib/armv7-m\libc.a(lib_a-fini.o)
__fini_array_start                                c:/program files/atmel/atmel toolchain/arm gcc/native/4.8.1443/arm-gnu-toolchain/bin/../lib/gcc/arm-none-eabi/4.8.4/../../../../arm-none-eabi/lib/armv7-m\libc.a(lib_a-fini.o)
__fp_lock_all                                     c:/program files/atmel/atmel toolchain/arm gcc/native/4.8.1443/arm-gnu-toolchain/bin/../lib/gcc/arm-none-eabi/4.8.4/../../../../arm-none-eabi/lib/armv7-m\libc.a(lib_a-findfp.o)
__fp_unlock_all                                   c:/program files/atmel/atmel toolchain/arm gcc/native/4.8.1443/arm-gnu-toolchain/bin/../lib/gcc/arm-none-eabi/4.8.4/../../../../arm-none-eabi/lib/armv7-m\libc.a(lib_a-findfp.o)
__gnu_ldivmod_helper                              c:/program files/atmel/atmel toolchain/arm gcc/native/4.8.1443/arm-gnu-toolchain/bin/../lib/gcc/arm-none-eabi/4.8.4/armv7-m\libgcc.a(bpabi.o)
__gnu_uldivmod_helper                             c:/program files/atmel/atmel toolchain/arm gcc/native/4.8.1443/arm-gnu-toolchain/bin/../lib/gcc/arm-none-eabi/4.8.4/armv7-m\libgcc.a(bpabi.o)
                                                  c:/program files/atmel/atmel toolchain/arm gcc/native/4.8.1443/arm-gnu-toolchain/bin/../lib/gcc/arm-none-eabi/4.8.4/armv7-m\libgcc.a(_aeabi_uldivmod.o)
__init_array_end                                  c:/program files/atmel/atmel toolchain/arm gcc/native/4.8.1443/arm-gnu-toolchain/bin/../lib/gcc/arm-none-eabi/4.8.4/../../../../arm-none-eabi/lib/armv7-m\libc.a(lib_a-init.o)
__init_array_start                                c:/program files/atmel/atmel toolchain/arm gcc/native/4.8.1443/arm-gnu-toolchain/bin/../lib/gcc/arm-none-eabi/4.8.4/../../../../arm-none-eabi/lib/armv7-m\libc.a(lib_a-init.o)
__libc_fini                                       c:/program files/atmel/atmel toolchain/arm gcc/native/4.8.1443/arm-gnu-toolchain/bin/../lib/gcc/arm-none-eabi/4.8.4/../../../../arm-none-eabi/lib/armv7-m\libc.a(lib_a-__call_atexit.o)
__libc_fini_array                                 c:/program files/atmel/atmel toolchain/arm gcc/native/4.8.1443/arm-gnu-toolchain/bin/../lib/gcc/arm-none-eabi/4.8.4/../../../../arm-none-eabi/lib/armv7-m\libc.a(lib_a-fini.o)
                                                  c:/program files/atmel/atmel toolchain/arm gcc/native/4.8.1443/arm-gnu-toolchain/bin/../lib/gcc/arm-none-eabi/4.8.4/../../../../arm-none-eabi/lib/armv7-m\libc.a(lib_a-__call_atexit.o)
                                                  c:/program files/atmel/atmel toolchain/arm gcc/native/4.8.1443/arm-gnu-toolchain/bin/../lib/gcc/arm-none-eabi/4.8.4/../../../../arm-none-eabi/lib/armv7-m/crt0.o
__libc_init_array                                 c:/program files/atmel/atmel toolchain/arm gcc/native/4.8.1443/arm-gnu-toolchain/bin/../lib/gcc/arm-none-eabi/4.8.4/../../../../arm-none-eabi/lib/armv7-m\libc.a(lib_a-init.o)
                                                  src/ASF/sam/utils/cmsis/sam3x/source/templates/gcc/startup_sam3x.o
                                                  c:/program files/atmel/atmel toolchain/arm gcc/native/4.8.1443/arm-gnu-toolchain/bin/../lib/gcc/arm-none-eabi/4.8.4/../../../../arm-none-eabi/lib/armv7-m/crt0.o
__locale_charset                                  c:/program files/atmel/atmel toolchain/arm gcc/native/4.8.1443/arm-gnu-toolchain/bin/../lib/gcc/arm-none-eabi/4.8.4/../../../../arm-none-eabi/lib/armv7-m\libc.a(lib_a-locale.o)
                                                  c:/program files/atmel/atmel toolchain/arm gcc/native/4.8.1443/arm-gnu-toolchain/bin/../lib/gcc/arm-none-eabi/4.8.4/../../../../arm-none-eabi/lib/armv7-m\libc.a(lib_a-wctomb_r.o)
                                                  c:/program files/atmel/atmel toolchain/arm gcc/native/4.8.1443/arm-gnu-toolchain/bin/../lib/gcc/arm-none-eabi/4.8.4/../../../../arm-none-eabi/lib/armv7-m\libc.a(lib_a-wcrtomb.o)
__locale_cjk_lang                                 c:/program files/atmel/atmel toolchain/arm gcc/native/4.8.1443/arm-gnu-toolchain/bin/../lib/gcc/arm-none-eabi/4.8.4/../../../../arm-none-eabi/lib/armv7-m\libc.a(lib_a-locale.o)
__locale_mb_cur_max                               c:/program files/atmel/atmel toolchain/arm gcc/native/4.8.1443/arm-gnu-toolchain/bin/../lib/gcc/arm-none-eabi/4.8.4/../../../../arm-none-eabi/lib/armv7-m\libc.a(lib_a-locale.o)
                                                  c:/program files/atmel/atmel toolchain/arm gcc/native/4.8.1443/arm-gnu-toolchain/bin/../lib/gcc/arm-none-eabi/4.8.4/../../../../arm-none-eabi/lib/armv7-m\libc.a(lib_a-fputwc.o)
__locale_msgcharset                               c:/program files/atmel/atmel toolchain/arm gcc/native/4.8.1443/arm-gnu-toolchain/bin/../lib/gcc/arm-none-eabi/4.8.4/../../../../arm-none-eabi/lib/armv7-m\libc.a(lib_a-locale.o)
__malloc_av_                                      c:/program files/atmel/atmel toolchain/arm gcc/native/4.8.1443/arm-gnu-toolchain/bin/../lib/gcc/arm-none-eabi/4.8.4/../../../../arm-none-eabi/lib/armv7-m\libc.a(lib_a-mallocr.o)
                                                  c:/program files/atmel/atmel toolchain/arm gcc/native/4.8.1443/arm-gnu-toolchain/bin/../lib/gcc/arm-none-eabi/4.8.4/../../../../arm-none-eabi/lib/armv7-m\libc.a(lib_a-reallocr.o)
                                                  c:/program files/atmel/atmel toolchain/arm gcc/native/4.8.1443/arm-gnu-toolchain/bin/../lib/gcc/arm-none-eabi/4.8.4/../../../../arm-none-eabi/lib/armv7-m\libc.a(lib_a-freer.o)
__malloc_current_mallinfo                         c:/program files/atmel/atmel toolchain/arm gcc/native/4.8.1443/arm-gnu-toolchain/bin/../lib/gcc/arm-none-eabi/4.8.4/../../../../arm-none-eabi/lib/armv7-m\libc.a(lib_a-mallocr.o)
                                                  c:/program files/atmel/atmel toolchain/arm gcc/native/4.8.1443/arm-gnu-toolchain/bin/../lib/gcc/arm-none-eabi/4.8.4/../../../../arm-none-eabi/lib/armv7-m\libc.a(lib_a-freer.o)
__malloc_lock                                     c:/program files/atmel/atmel toolchain/arm gcc/native/4.8.1443/arm-gnu-toolchain/bin/../lib/gcc/arm-none-eabi/4.8.4/../../../../arm-none-eabi/lib/armv7-m\libc.a(lib_a-mlock.o)
                                                  c:/program files/atmel/atmel toolchain/arm gcc/native/4.8.1443/arm-gnu-toolchain/bin/../lib/gcc/arm-none-eabi/4.8.4/../../../../arm-none-eabi/lib/armv7-m\libc.a(lib_a-reallocr.o)
                                                  c:/program files/atmel/atmel toolchain/arm gcc/native/4.8.1443/arm-gnu-toolchain/bin/../lib/gcc/arm-none-eabi/4.8.4/../../../../arm-none-eabi/lib/armv7-m\libc.a(lib_a-mallocr.o)
                                                  c:/program files/atmel/atmel toolchain/arm gcc/native/4.8.1443/arm-gnu-toolchain/bin/../lib/gcc/arm-none-eabi/4.8.4/../../../../arm-none-eabi/lib/armv7-m\libc.a(lib_a-freer.o)
__malloc_max_sbrked_mem                           c:/program files/atmel/atmel toolchain/arm gcc/native/4.8.1443/arm-gnu-toolchain/bin/../lib/gcc/arm-none-eabi/4.8.4/../../../../arm-none-eabi/lib/armv7-m\libc.a(lib_a-mallocr.o)
__malloc_max_total_mem                            c:/program files/atmel/atmel toolchain/arm gcc/native/4.8.1443/arm-gnu-toolchain/bin/../lib/gcc/arm-none-eabi/4.8.4/../../../../arm-none-eabi/lib/armv7-m\libc.a(lib_a-mallocr.o)
__malloc_sbrk_base                                c:/program files/atmel/atmel toolchain/arm gcc/native/4.8.1443/arm-gnu-toolchain/bin/../lib/gcc/arm-none-eabi/4.8.4/../../../../arm-none-eabi/lib/armv7-m\libc.a(lib_a-mallocr.o)
                                                  c:/program files/atmel/atmel toolchain/arm gcc/native/4.8.1443/arm-gnu-toolchain/bin/../lib/gcc/arm-none-eabi/4.8.4/../../../../arm-none-eabi/lib/armv7-m\libc.a(lib_a-freer.o)
__malloc_top_pad                                  c:/program files/atmel/atmel toolchain/arm gcc/native/4.8.1443/arm-gnu-toolchain/bin/../lib/gcc/arm-none-eabi/4.8.4/../../../../arm-none-eabi/lib/armv7-m\libc.a(lib_a-mallocr.o)
                                                  c:/program files/atmel/atmel toolchain/arm gcc/native/4.8.1443/arm-gnu-toolchain/bin/../lib/gcc/arm-none-eabi/4.8.4/../../../../arm-none-eabi/lib/armv7-m\libc.a(lib_a-freer.o)
__malloc_trim_threshold                           c:/program files/atmel/atmel toolchain/arm gcc/native/4.8.1443/arm-gnu-toolchain/bin/../lib/gcc/arm-none-eabi/4.8.4/../../../../arm-none-eabi/lib/armv7-m\libc.a(lib_a-mallocr.o)
                                                  c:/program files/atmel/atmel toolchain/arm gcc/native/4.8.1443/arm-gnu-toolchain/bin/../lib/gcc/arm-none-eabi/4.8.4/../../../../arm-none-eabi/lib/armv7-m\libc.a(lib_a-freer.o)
__malloc_unlock                                   c:/program files/atmel/atmel toolchain/arm gcc/native/4.8.1443/arm-gnu-toolchain/bin/../lib/gcc/arm-none-eabi/4.8.4/../../../../arm-none-eabi/lib/armv7-m\libc.a(lib_a-mlock.o)
                                                  c:/program files/atmel/atmel toolchain/arm gcc/native/4.8.1443/arm-gnu-toolchain/bin/../lib/gcc/arm-none-eabi/4.8.4/../../../../arm-none-eabi/lib/armv7-m\libc.a(lib_a-reallocr.o)
                                                  c:/program files/atmel/atmel toolchain/arm gcc/native/4.8.1443/arm-gnu-toolchain/bin/../lib/gcc/arm-none-eabi/4.8.4/../../../../arm-none-eabi/lib/armv7-m\libc.a(lib_a-mallocr.o)
                                                  c:/program files/atmel/atmel toolchain/arm gcc/native/4.8.1443/arm-gnu-toolchain/bin/../lib/gcc/arm-none-eabi/4.8.4/../../../../arm-none-eabi/lib/armv7-m\libc.a(lib_a-freer.o)
__mb_cur_max                                      c:/program files/atmel/atmel toolchain/arm gcc/native/4.8.1443/arm-gnu-toolchain/bin/../lib/gcc/arm-none-eabi/4.8.4/../../../../arm-none-eabi/lib/armv7-m\libc.a(lib_a-locale.o)
__mlocale_changed                                 c:/program files/atmel/atmel toolchain/arm gcc/native/4.8.1443/arm-gnu-toolchain/bin/../lib/gcc/arm-none-eabi/4.8.4/../../../../arm-none-eabi/lib/armv7-m\libc.a(lib_a-locale.o)
__nlocale_changed                                 c:/program files/atmel/atmel toolchain/arm gcc/native/4.8.1443/arm-gnu-toolchain/bin/../lib/gcc/arm-none-eabi/4.8.4/../../../../arm-none-eabi/lib/armv7-m\libc.a(lib_a-locale.o)
__preinit_array_end                               c:/program files/atmel/atmel toolchain/arm gcc/native/4.8.1443/arm-gnu-toolchain/bin/../lib/gcc/arm-none-eabi/4.8.4/../../../../arm-none-eabi/lib/armv7-m\libc.a(lib_a-init.o)
__preinit_array_start                             c:/program files/atmel/atmel toolchain/arm gcc/native/4.8.1443/arm-gnu-toolchain/bin/../lib/gcc/arm-none-eabi/4.8.4/../../../../arm-none-eabi/lib/armv7-m\libc.a(lib_a-init.o)
__ram_end__                                       src/ASF/sam/utils/syscalls/gcc/syscalls.o
__register_exitproc                               c:/program files/atmel/atmel toolchain/arm gcc/native/4.8.1443/arm-gnu-toolchain/bin/../lib/gcc/arm-none-eabi/4.8.4/../../../../arm-none-eabi/lib/armv7-m\libc.a(lib_a-__atexit.o)
                                                  c:/program files/atmel/atmel toolchain/arm gcc/native/4.8.1443/arm-gnu-toolchain/bin/../lib/gcc/arm-none-eabi/4.8.4/../../../../arm-none-eabi/lib/armv7-m\libc.a(lib_a-atexit.o)
__register_frame_info                             c:/program files/atmel/atmel toolchain/arm gcc/native/4.8.1443/arm-gnu-toolchain/bin/../lib/gcc/arm-none-eabi/4.8.4/armv7-m/crtbegin.o
__sclose                                          c:/program files/atmel/atmel toolchain/arm gcc/native/4.8.1443/arm-gnu-toolchain/bin/../lib/gcc/arm-none-eabi/4.8.4/../../../../arm-none-eabi/lib/armv7-m\libc.a(lib_a-stdio.o)
                                                  c:/program files/atmel/atmel toolchain/arm gcc/native/4.8.1443/arm-gnu-toolchain/bin/../lib/gcc/arm-none-eabi/4.8.4/../../../../arm-none-eabi/lib/armv7-m\libc.a(lib_a-findfp.o)
__seofread                                        c:/program files/atmel/atmel toolchain/arm gcc/native/4.8.1443/arm-gnu-toolchain/bin/../lib/gcc/arm-none-eabi/4.8.4/../../../../arm-none-eabi/lib/armv7-m\libc.a(lib_a-stdio.o)
__sflush_r                                        c:/program files/atmel/atmel toolchain/arm gcc/native/4.8.1443/arm-gnu-toolchain/bin/../lib/gcc/arm-none-eabi/4.8.4/../../../../arm-none-eabi/lib/armv7-m\libc.a(lib_a-fflush.o)
__sfmoreglue                                      c:/program files/atmel/atmel toolchain/arm gcc/native/4.8.1443/arm-gnu-toolchain/bin/../lib/gcc/arm-none-eabi/4.8.4/../../../../arm-none-eabi/lib/armv7-m\libc.a(lib_a-findfp.o)
__sfp                                             c:/program files/atmel/atmel toolchain/arm gcc/native/4.8.1443/arm-gnu-toolchain/bin/../lib/gcc/arm-none-eabi/4.8.4/../../../../arm-none-eabi/lib/armv7-m\libc.a(lib_a-findfp.o)
__sfp_lock_acquire                                c:/program files/atmel/atmel toolchain/arm gcc/native/4.8.1443/arm-gnu-toolchain/bin/../lib/gcc/arm-none-eabi/4.8.4/../../../../arm-none-eabi/lib/armv7-m\libc.a(lib_a-findfp.o)
                                                  c:/program files/atmel/atmel toolchain/arm gcc/native/4.8.1443/arm-gnu-toolchain/bin/../lib/gcc/arm-none-eabi/4.8.4/../../../../arm-none-eabi/lib/armv7-m\libc.a(lib_a-fclose.o)
__sfp_lock_release                                c:/program files/atmel/atmel toolchain/arm gcc/native/4.8.1443/arm-gnu-toolchain/bin/../lib/gcc/arm-none-eabi/4.8.4/../../../../arm-none-eabi/lib/armv7-m\libc.a(lib_a-findfp.o)
                                                  c:/program files/atmel/atmel toolchain/arm gcc/native/4.8.1443/arm-gnu-toolchain/bin/../lib/gcc/arm-none-eabi/4.8.4/../../../../arm-none-eabi/lib/armv7-m\libc.a(lib_a-fclose.o)
__sfvwrite_r                                      c:/program files/atmel/atmel toolchain/arm gcc/native/4.8.1443/arm-gnu-toolchain/bin/../lib/gcc/arm-none-eabi/4.8.4/../../../../arm-none-eabi/lib/armv7-m\libc.a(lib_a-fvwrite.o)
                                                  c:/program files/atmel/atmel toolchain/arm gcc/native/4.8.1443/arm-gnu-toolchain/bin/../lib/gcc/arm-none-eabi/4.8.4/../../../../arm-none-eabi/lib/armv7-m\libc.a(lib_a-vfiprintf.o)
__sinit                                           c:/program files/atmel/atmel toolchain/arm gcc/native/4.8.1443/arm-gnu-toolchain/bin/../lib/gcc/arm-none-eabi/4.8.4/../../../../arm-none-eabi/lib/armv7-m\libc.a(lib_a-findfp.o)
                                                  c:/program files/atmel/atmel toolchain/arm gcc/native/4.8.1443/arm-gnu-toolchain/bin/../lib/gcc/arm-none-eabi/4.8.4/../../../../arm-none-eabi/lib/armv7-m\libc.a(lib_a-fclose.o)
                                                  c:/program files/atmel/atmel toolchain/arm gcc/native/4.8.1443/arm-gnu-toolchain/bin/../lib/gcc/arm-none-eabi/4.8.4/../../../../arm-none-eabi/lib/armv7-m\libc.a(lib_a-wbuf.o)
                                                  c:/program files/atmel/atmel toolchain/arm gcc/native/4.8.1443/arm-gnu-toolchain/bin/../lib/gcc/arm-none-eabi/4.8.4/../../../../arm-none-eabi/lib/armv7-m\libc.a(lib_a-fputwc.o)
                                                  c:/program files/atmel/atmel toolchain/arm gcc/native/4.8.1443/arm-gnu-toolchain/bin/../lib/gcc/arm-none-eabi/4.8.4/../../../../arm-none-eabi/lib/armv7-m\libc.a(lib_a-fflush.o)
                                                  c:/program files/atmel/atmel toolchain/arm gcc/native/4.8.1443/arm-gnu-toolchain/bin/../lib/gcc/arm-none-eabi/4.8.4/../../../../arm-none-eabi/lib/armv7-m\libc.a(lib_a-wsetup.o)
                                                  c:/program files/atmel/atmel toolchain/arm gcc/native/4.8.1443/arm-gnu-toolchain/bin/../lib/gcc/arm-none-eabi/4.8.4/../../../../arm-none-eabi/lib/armv7-m\libc.a(lib_a-vfiprintf.o)
                                                  c:/program files/atmel/atmel toolchain/arm gcc/native/4.8.1443/arm-gnu-toolchain/bin/../lib/gcc/arm-none-eabi/4.8.4/../../../../arm-none-eabi/lib/armv7-m\libc.a(lib_a-setvbuf.o)
__sinit_lock_acquire                              c:/program files/atmel/atmel toolchain/arm gcc/native/4.8.1443/arm-gnu-toolchain/bin/../lib/gcc/arm-none-eabi/4.8.4/../../../../arm-none-eabi/lib/armv7-m\libc.a(lib_a-findfp.o)
__sinit_lock_release                              c:/program files/atmel/atmel toolchain/arm gcc/native/4.8.1443/arm-gnu-toolchain/bin/../lib/gcc/arm-none-eabi/4.8.4/../../../../arm-none-eabi/lib/armv7-m\libc.a(lib_a-findfp.o)
__smakebuf_r                                      c:/program files/atmel/atmel toolchain/arm gcc/native/4.8.1443/arm-gnu-toolchain/bin/../lib/gcc/arm-none-eabi/4.8.4/../../../../arm-none-eabi/lib/armv7-m\libc.a(lib_a-makebuf.o)
                                                  c:/program files/atmel/atmel toolchain/arm gcc/native/4.8.1443/arm-gnu-toolchain/bin/../lib/gcc/arm-none-eabi/4.8.4/../../../../arm-none-eabi/lib/armv7-m\libc.a(lib_a-wsetup.o)
__sprint_r                                        c:/program files/atmel/atmel toolchain/arm gcc/native/4.8.1443/arm-gnu-toolchain/bin/../lib/gcc/arm-none-eabi/4.8.4/../../../../arm-none-eabi/lib/armv7-m\libc.a(lib_a-vfiprintf.o)
__sread                                           c:/program files/atmel/atmel toolchain/arm gcc/native/4.8.1443/arm-gnu-toolchain/bin/../lib/gcc/arm-none-eabi/4.8.4/../../../../arm-none-eabi/lib/armv7-m\libc.a(lib_a-stdio.o)
                                                  c:/program files/atmel/atmel toolchain/arm gcc/native/4.8.1443/arm-gnu-toolchain/bin/../lib/gcc/arm-none-eabi/4.8.4/../../../../arm-none-eabi/lib/armv7-m\libc.a(lib_a-findfp.o)
__sseek                                           c:/program files/atmel/atmel toolchain/arm gcc/native/4.8.1443/arm-gnu-toolchain/bin/../lib/gcc/arm-none-eabi/4.8.4/../../../../arm-none-eabi/lib/armv7-m\libc.a(lib_a-stdio.o)
                                                  c:/program files/atmel/atmel toolchain/arm gcc/native/4.8.1443/arm-gnu-toolchain/bin/../lib/gcc/arm-none-eabi/4.8.4/../../../../arm-none-eabi/lib/armv7-m\libc.a(lib_a-makebuf.o)
                                                  c:/program files/atmel/atmel toolchain/arm gcc/native/4.8.1443/arm-gnu-toolchain/bin/../lib/gcc/arm-none-eabi/4.8.4/../../../../arm-none-eabi/lib/armv7-m\libc.a(lib_a-findfp.o)
__stack                                           c:/program files/atmel/atmel toolchain/arm gcc/native/4.8.1443/arm-gnu-toolchain/bin/../lib/gcc/arm-none-eabi/4.8.4/../../../../arm-none-eabi/lib/armv7-m/crt0.o
__swbuf                                           c:/program files/atmel/atmel toolchain/arm gcc/native/4.8.1443/arm-gnu-toolchain/bin/../lib/gcc/arm-none-eabi/4.8.4/../../../../arm-none-eabi/lib/armv7-m\libc.a(lib_a-wbuf.o)
__swbuf_r                                         c:/program files/atmel/atmel toolchain/arm gcc/native/4.8.1443/arm-gnu-toolchain/bin/../lib/gcc/arm-none-eabi/4.8.4/../../../../arm-none-eabi/lib/armv7-m\libc.a(lib_a-wbuf.o)
                                                  c:/program files/atmel/atmel toolchain/arm gcc/native/4.8.1443/arm-gnu-toolchain/bin/../lib/gcc/arm-none-eabi/4.8.4/../../../../arm-none-eabi/lib/armv7-m\libc.a(lib_a-fputwc.o)
__swrite                                          c:/program files/atmel/atmel toolchain/arm gcc/native/4.8.1443/arm-gnu-toolchain/bin/../lib/gcc/arm-none-eabi/4.8.4/../../../../arm-none-eabi/lib/armv7-m\libc.a(lib_a-stdio.o)
                                                  c:/program files/atmel/atmel toolchain/arm gcc/native/4.8.1443/arm-gnu-toolchain/bin/../lib/gcc/arm-none-eabi/4.8.4/../../../../arm-none-eabi/lib/armv7-m\libc.a(lib_a-findfp.o)
__swsetup_r                                       c:/program files/atmel/atmel toolchain/arm gcc/native/4.8.1443/arm-gnu-toolchain/bin/../lib/gcc/arm-none-eabi/4.8.4/../../../../arm-none-eabi/lib/armv7-m\libc.a(lib_a-wsetup.o)
                                                  c:/program files/atmel/atmel toolchain/arm gcc/native/4.8.1443/arm-gnu-toolchain/bin/../lib/gcc/arm-none-eabi/4.8.4/../../../../arm-none-eabi/lib/armv7-m\libc.a(lib_a-wbuf.o)
                                                  c:/program files/atmel/atmel toolchain/arm gcc/native/4.8.1443/arm-gnu-toolchain/bin/../lib/gcc/arm-none-eabi/4.8.4/../../../../arm-none-eabi/lib/armv7-m\libc.a(lib_a-fvwrite.o)
                                                  c:/program files/atmel/atmel toolchain/arm gcc/native/4.8.1443/arm-gnu-toolchain/bin/../lib/gcc/arm-none-eabi/4.8.4/../../../../arm-none-eabi/lib/armv7-m\libc.a(lib_a-vfiprintf.o)
__udivdi3                                         c:/program files/atmel/atmel toolchain/arm gcc/native/4.8.1443/arm-gnu-toolchain/bin/../lib/gcc/arm-none-eabi/4.8.4/armv7-m\libgcc.a(_udivdi3.o)
                                                  c:/program files/atmel/atmel toolchain/arm gcc/native/4.8.1443/arm-gnu-toolchain/bin/../lib/gcc/arm-none-eabi/4.8.4/armv7-m\libgcc.a(bpabi.o)
__wctomb                                          c:/program files/atmel/atmel toolchain/arm gcc/native/4.8.1443/arm-gnu-toolchain/bin/../lib/gcc/arm-none-eabi/4.8.4/../../../../arm-none-eabi/lib/armv7-m\libc.a(lib_a-wctomb_r.o)
                                                  c:/program files/atmel/atmel toolchain/arm gcc/native/4.8.1443/arm-gnu-toolchain/bin/../lib/gcc/arm-none-eabi/4.8.4/../../../../arm-none-eabi/lib/armv7-m\libc.a(lib_a-wcrtomb.o)
_cleanup                                          c:/program files/atmel/atmel toolchain/arm gcc/native/4.8.1443/arm-gnu-toolchain/bin/../lib/gcc/arm-none-eabi/4.8.4/../../../../arm-none-eabi/lib/armv7-m\libc.a(lib_a-findfp.o)
_cleanup_r                                        c:/program files/atmel/atmel toolchain/arm gcc/native/4.8.1443/arm-gnu-toolchain/bin/../lib/gcc/arm-none-eabi/4.8.4/../../../../arm-none-eabi/lib/armv7-m\libc.a(lib_a-findfp.o)
                                                  c:/program files/atmel/atmel toolchain/arm gcc/native/4.8.1443/arm-gnu-toolchain/bin/../lib/gcc/arm-none-eabi/4.8.4/../../../../arm-none-eabi/lib/armv7-m\libc.a(lib_a-makebuf.o)
                                                  c:/program files/atmel/atmel toolchain/arm gcc/native/4.8.1443/arm-gnu-toolchain/bin/../lib/gcc/arm-none-eabi/4.8.4/../../../../arm-none-eabi/lib/armv7-m\libc.a(lib_a-setvbuf.o)
_close                                            src/ASF/sam/utils/syscalls/gcc/syscalls.o
                                                  c:/program files/atmel/atmel toolchain/arm gcc/native/4.8.1443/arm-gnu-toolchain/bin/../lib/gcc/arm-none-eabi/4.8.4/../../../../arm-none-eabi/lib/armv7-m\libc.a(lib_a-closer.o)
_close_r                                          c:/program files/atmel/atmel toolchain/arm gcc/native/4.8.1443/arm-gnu-toolchain/bin/../lib/gcc/arm-none-eabi/4.8.4/../../../../arm-none-eabi/lib/armv7-m\libc.a(lib_a-closer.o)
                                                  c:/program files/atmel/atmel toolchain/arm gcc/native/4.8.1443/arm-gnu-toolchain/bin/../lib/gcc/arm-none-eabi/4.8.4/../../../../arm-none-eabi/lib/armv7-m\libc.a(lib_a-stdio.o)
_end                                              src/ASF/sam/utils/syscalls/gcc/syscalls.o
_erelocate                                        src/ASF/sam/utils/cmsis/sam3x/source/templates/gcc/startup_sam3x.o
_estack                                           src/ASF/sam/utils/cmsis/sam3x/source/templates/gcc/startup_sam3x.o
_etext                                            src/ASF/sam/utils/cmsis/sam3x/source/templates/gcc/startup_sam3x.o
_exit                                             src/ASF/sam/utils/syscalls/gcc/syscalls.o
                                                  c:/program files/atmel/atmel toolchain/arm gcc/native/4.8.1443/arm-gnu-toolchain/bin/../lib/gcc/arm-none-eabi/4.8.4/../../../../arm-none-eabi/lib/armv7-m\libc.a(lib_a-exit.o)
_ezero                                            src/ASF/sam/utils/cmsis/sam3x/source/templates/gcc/startup_sam3x.o
_fclose_r                                         c:/program files/atmel/atmel toolchain/arm gcc/native/4.8.1443/arm-gnu-toolchain/bin/../lib/gcc/arm-none-eabi/4.8.4/../../../../arm-none-eabi/lib/armv7-m\libc.a(lib_a-fclose.o)
_fflush_r                                         c:/program files/atmel/atmel toolchain/arm gcc/native/4.8.1443/arm-gnu-toolchain/bin/../lib/gcc/arm-none-eabi/4.8.4/../../../../arm-none-eabi/lib/armv7-m\libc.a(lib_a-fflush.o)
                                                  c:/program files/atmel/atmel toolchain/arm gcc/native/4.8.1443/arm-gnu-toolchain/bin/../lib/gcc/arm-none-eabi/4.8.4/../../../../arm-none-eabi/lib/armv7-m\libc.a(lib_a-fclose.o)
                                                  c:/program files/atmel/atmel toolchain/arm gcc/native/4.8.1443/arm-gnu-toolchain/bin/../lib/gcc/arm-none-eabi/4.8.4/../../../../arm-none-eabi/lib/armv7-m\libc.a(lib_a-wbuf.o)
                                                  c:/program files/atmel/atmel toolchain/arm gcc/native/4.8.1443/arm-gnu-toolchain/bin/../lib/gcc/arm-none-eabi/4.8.4/../../../../arm-none-eabi/lib/armv7-m\libc.a(lib_a-fvwrite.o)
                                                  c:/program files/atmel/atmel toolchain/arm gcc/native/4.8.1443/arm-gnu-toolchain/bin/../lib/gcc/arm-none-eabi/4.8.4/../../../../arm-none-eabi/lib/armv7-m\libc.a(lib_a-vfiprintf.o)
                                                  c:/program files/atmel/atmel toolchain/arm gcc/native/4.8.1443/arm-gnu-toolchain/bin/../lib/gcc/arm-none-eabi/4.8.4/../../../../arm-none-eabi/lib/armv7-m\libc.a(lib_a-setvbuf.o)
_fini                                             c:/program files/atmel/atmel toolchain/arm gcc/native/4.8.1443/arm-gnu-toolchain/bin/../lib/gcc/arm-none-eabi/4.8.4/armv7-m/crti.o
                                                  c:/program files/atmel/atmel toolchain/arm gcc/native/4.8.1443/arm-gnu-toolchain/bin/../lib/gcc/arm-none-eabi/4.8.4/../../../../arm-none-eabi/lib/armv7-m\libc.a(lib_a-fini.o)
_fputwc_r                                         c:/program files/atmel/atmel toolchain/arm gcc/native/4.8.1443/arm-gnu-toolchain/bin/../lib/gcc/arm-none-eabi/4.8.4/../../../../arm-none-eabi/lib/armv7-m\libc.a(lib_a-fputwc.o)
                                                  c:/program files/atmel/atmel toolchain/arm gcc/native/4.8.1443/arm-gnu-toolchain/bin/../lib/gcc/arm-none-eabi/4.8.4/../../../../arm-none-eabi/lib/armv7-m\libc.a(lib_a-vfiprintf.o)
_free_r                                           c:/program files/atmel/atmel toolchain/arm gcc/native/4.8.1443/arm-gnu-toolchain/bin/../lib/gcc/arm-none-eabi/4.8.4/../../../../arm-none-eabi/lib/armv7-m\libc.a(lib_a-freer.o)
                                                  c:/program files/atmel/atmel toolchain/arm gcc/native/4.8.1443/arm-gnu-toolchain/bin/../lib/gcc/arm-none-eabi/4.8.4/../../../../arm-none-eabi/lib/armv7-m\libc.a(lib_a-reent.o)
                                                  c:/program files/atmel/atmel toolchain/arm gcc/native/4.8.1443/arm-gnu-toolchain/bin/../lib/gcc/arm-none-eabi/4.8.4/../../../../arm-none-eabi/lib/armv7-m\libc.a(lib_a-fclose.o)
                                                  c:/program files/atmel/atmel toolchain/arm gcc/native/4.8.1443/arm-gnu-toolchain/bin/../lib/gcc/arm-none-eabi/4.8.4/../../../../arm-none-eabi/lib/armv7-m\libc.a(lib_a-reallocr.o)