Archive member included because of file (symbol)

c:/program files (x86)/atmel/atmel toolchain/arm gcc/native/4.8.1443/arm-gnu-toolchain/bin/../lib/gcc/arm-none-eabi/4.8.4/../../../../arm-none-eabi/lib/armv7-m\libc.a(lib_a-exit.o)
                              c:/program files (x86)/atmel/atmel toolchain/arm gcc/native/4.8.1443/arm-gnu-toolchain/bin/../lib/gcc/arm-none-eabi/4.8.4/../../../../arm-none-eabi/lib/armv7-m/crt0.o (exit)
c:/program files (x86)/atmel/atmel toolchain/arm gcc/native/4.8.1443/arm-gnu-toolchain/bin/../lib/gcc/arm-none-eabi/4.8.4/../../../../arm-none-eabi/lib/armv7-m\libc.a(lib_a-impure.o)
                              c:/program files (x86)/atmel/atmel toolchain/arm gcc/native/4.8.1443/arm-gnu-toolchain/bin/../lib/gcc/arm-none-eabi/4.8.4/../../../../arm-none-eabi/lib/armv7-m\libc.a(lib_a-exit.o) (_global_impure_ptr)
c:/program files (x86)/atmel/atmel toolchain/arm gcc/native/4.8.1443/arm-gnu-toolchain/bin/../lib/gcc/arm-none-eabi/4.8.4/../../../../arm-none-eabi/lib/armv7-m\libc.a(lib_a-init.o)
                              c:/program files (x86)/atmel/atmel toolchain/arm gcc/native/4.8.1443/arm-gnu-toolchain/bin/../lib/gcc/arm-none-eabi/4.8.4/../../../../arm-none-eabi/lib/armv7-m/crt0.o (__libc_init_array)
c:/program files (x86)/atmel/atmel toolchain/arm gcc/native/4.8.1443/arm-gnu-toolchain/bin/../lib/gcc/arm-none-eabi/4.8.4/../../../../arm-none-eabi/lib/armv7-m\libc.a(lib_a-iprintf.o)
                              src/ASF/sam/utils/syscalls/gcc/syscalls.o (iprintf)
c:/program files (x86)/atmel/atmel toolchain/arm gcc/native/4.8.1443/arm-gnu-toolchain/bin/../lib/gcc/arm-none-eabi/4.8.4/../../../../arm-none-eabi/lib/armv7-m\libc.a(lib_a-memcpy.o)
                              src/ASF/thirdparty/freertos/freertos-7.3.0/source/queue.o (memcpy)
c:/program files (x86)/atmel/atmel toolchain/arm gcc/native/4.8.1443/arm-gnu-toolchain/bin/../lib/gcc/arm-none-eabi/4.8.4/../../../../arm-none-eabi/lib/armv7-m\libc.a(lib_a-memset.o)
                              c:/program files (x86)/atmel/atmel toolchain/arm gcc/native/4.8.1443/arm-gnu-toolchain/bin/../lib/gcc/arm-none-eabi/4.8.4/../../../../arm-none-eabi/lib/armv7-m/crt0.o (memset)
c:/program files (x86)/atmel/atmel toolchain/arm gcc/native/4.8.1443/arm-gnu-toolchain/bin/../lib/gcc/arm-none-eabi/4.8.4/../../../../arm-none-eabi/lib/armv7-m\libc.a(lib_a-setbuf.o)
                              src/ASF/thirdparty/wireless/addons/sio2host/uart/sio2host.o (setbuf)
c:/program files (x86)/atmel/atmel toolchain/arm gcc/native/4.8.1443/arm-gnu-toolchain/bin/../lib/gcc/arm-none-eabi/4.8.4/../../../../arm-none-eabi/lib/armv7-m\libc.a(lib_a-setvbuf.o)
                              c:/program files (x86)/atmel/atmel toolchain/arm gcc/native/4.8.1443/arm-gnu-toolchain/bin/../lib/gcc/arm-none-eabi/4.8.4/../../../../arm-none-eabi/lib/armv7-m\libc.a(lib_a-setbuf.o) (setvbuf)
c:/program files (x86)/atmel/atmel toolchain/arm gcc/native/4.8.1443/arm-gnu-toolchain/bin/../lib/gcc/arm-none-eabi/4.8.4/../../../../arm-none-eabi/lib/armv7-m\libc.a(lib_a-sprintf.o)
                              src/ASF/thirdparty/freertos/freertos-7.3.0/source/tasks.o (sprintf)
c:/program files (x86)/atmel/atmel toolchain/arm gcc/native/4.8.1443/arm-gnu-toolchain/bin/../lib/gcc/arm-none-eabi/4.8.4/../../../../arm-none-eabi/lib/armv7-m\libc.a(lib_a-strcat.o)
                              src/ASF/thirdparty/freertos/freertos-7.3.0/source/tasks.o (strcat)
c:/program files (x86)/atmel/atmel toolchain/arm gcc/native/4.8.1443/arm-gnu-toolchain/bin/../lib/gcc/arm-none-eabi/4.8.4/../../../../arm-none-eabi/lib/armv7-m\libc.a(lib_a-strcpy.o)
                              c:/program files (x86)/atmel/atmel toolchain/arm gcc/native/4.8.1443/arm-gnu-toolchain/bin/../lib/gcc/arm-none-eabi/4.8.4/../../../../arm-none-eabi/lib/armv7-m\libc.a(lib_a-strcat.o) (strcpy)
c:/program files (x86)/atmel/atmel toolchain/arm gcc/native/4.8.1443/arm-gnu-toolchain/bin/../lib/gcc/arm-none-eabi/4.8.4/../../../../arm-none-eabi/lib/armv7-m\libc.a(lib_a-strlen.o)
                              src/ASF/thirdparty/freertos/freertos-7.3.0/source/FreeRTOS_CLI.o (strlen)
c:/program files (x86)/atmel/atmel toolchain/arm gcc/native/4.8.1443/arm-gnu-toolchain/bin/../lib/gcc/arm-none-eabi/4.8.4/../../../../arm-none-eabi/lib/armv7-m\libc.a(lib_a-strncmp.o)
                              src/ASF/thirdparty/freertos/freertos-7.3.0/source/FreeRTOS_CLI.o (strncmp)
c:/program files (x86)/atmel/atmel toolchain/arm gcc/native/4.8.1443/arm-gnu-toolchain/bin/../lib/gcc/arm-none-eabi/4.8.4/../../../../arm-none-eabi/lib/armv7-m\libc.a(lib_a-strncpy.o)
                              src/ASF/thirdparty/freertos/freertos-7.3.0/source/FreeRTOS_CLI.o (strncpy)
c:/program files (x86)/atmel/atmel toolchain/arm gcc/native/4.8.1443/arm-gnu-toolchain/bin/../lib/gcc/arm-none-eabi/4.8.4/../../../../arm-none-eabi/lib/armv7-m\libc.a(lib_a-svfprintf.o)
[...]
Memory Configuration

Name             Origin             Length             Attributes
rom              0x00080000         0x00080000         xr
sram0            0x20000000         0x00010000         xrw
sram1            0x20080000         0x00008000         xrw
ram              0x20070000         0x00018000         xrw
*default*        0x00000000         0xffffffff

Linker script and memory map

LOAD c:/program files (x86)/atmel/atmel toolchain/arm gcc/native/4.8.1443/arm-gnu-toolchain/bin/../lib/gcc/arm-none-eabi/4.8.4/armv7-m/crti.o
LOAD c:/program files (x86)/atmel/atmel toolchain/arm gcc/native/4.8.1443/arm-gnu-toolchain/bin/../lib/gcc/arm-none-eabi/4.8.4/armv7-m/crtbegin.o
LOAD c:/program files (x86)/atmel/atmel toolchain/arm gcc/native/4.8.1443/arm-gnu-toolchain/bin/../lib/gcc/arm-none-eabi/4.8.4/../../../../arm-none-eabi/lib/armv7-m/crt0.o
LOAD src/btnLedSetup.o
LOAD src/ledTask.o
LOAD src/stateMachine.o
LOAD src/ASF/common/services/serial/usart_serial.o
LOAD src/ASF/common/utils/stdio/read.o
LOAD src/ASF/common/utils/stdio/write.o
LOAD src/ASF/sam/drivers/tc/tc.o
LOAD src/ASF/sam/drivers/uart/uart.o
LOAD src/ASF/sam/drivers/usart/usart.o
LOAD src/ASF/thirdparty/freertos/freertos-7.3.0/source/FreeRTOS_CLI.o
LOAD src/ASF/thirdparty/freertos/freertos-7.3.0/source/list.o
LOAD src/ASF/thirdparty/freertos/freertos-7.3.0/source/portable/gcc/sam/port.o
LOAD src/ASF/thirdparty/freertos/freertos-7.3.0/source/portable/memmang/heap_4.o
LOAD src/ASF/thirdparty/freertos/freertos-7.3.0/source/queue.o
LOAD src/ASF/thirdparty/freertos/freertos-7.3.0/source/tasks.o
LOAD src/ASF/thirdparty/freertos/freertos-7.3.0/source/timers.o
LOAD src/ASF/thirdparty/wireless/addons/sio2host/uart/sio2host.o
LOAD src/lockTask.o
LOAD src/consoleFunctions.o
LOAD src/delayFunctions.o
LOAD src/ASF/common/services/clock/sam3x/sysclk.o
LOAD src/ASF/common/utils/interrupt/interrupt_sam_nvic.o
LOAD src/ASF/sam/boards/arduino_due_x/init.o
LOAD src/ASF/sam/drivers/pio/pio.o
LOAD src/ASF/sam/drivers/pio/pio_handler.o
LOAD src/ASF/sam/drivers/pmc/pmc.o
LOAD src/ASF/sam/drivers/pmc/sleep.o
LOAD src/ASF/sam/utils/cmsis/sam3x/source/templates/exceptions.o
LOAD src/ASF/sam/utils/cmsis/sam3x/source/templates/gcc/startup_sam3x.o
LOAD src/ASF/sam/utils/cmsis/sam3x/source/templates/system_sam3x.o
LOAD src/ASF/sam/utils/syscalls/gcc/syscalls.o
LOAD src/main.o
START GROUP
LOAD ../src/ASF/thirdparty/CMSIS/Lib/GCC\libarm_cortexM3l_math.a
LOAD c:/program files (x86)/atmel/atmel toolchain/arm gcc/native/4.8.1443/arm-gnu-toolchain/bin/../lib/gcc/arm-none-eabi/4.8.4/../../../../arm-none-eabi/lib/armv7-m\libm.a
END GROUP
START GROUP
LOAD c:/program files (x86)/atmel/atmel toolchain/arm gcc/native/4.8.1443/arm-gnu-toolchain/bin/../lib/gcc/arm-none-eabi/4.8.4/armv7-m\libgcc.a
LOAD c:/program files (x86)/atmel/atmel toolchain/arm gcc/native/4.8.1443/arm-gnu-toolchain/bin/../lib/gcc/arm-none-eabi/4.8.4/../../../../arm-none-eabi/lib/armv7-m\libc.a
END GROUP
LOAD c:/program files (x86)/atmel/atmel toolchain/arm gcc/native/4.8.1443/arm-gnu-toolchain/bin/../lib/gcc/arm-none-eabi/4.8.4/armv7-m/crtend.o
LOAD c:/program files (x86)/atmel/atmel toolchain/arm gcc/native/4.8.1443/arm-gnu-toolchain/bin/../lib/gcc/arm-none-eabi/4.8.4/armv7-m/crtn.o
                0x00002000                __stack_size__ = DEFINED (__stack_size__)?__stack_size__:0x2000
                0x20087ffc                __ram_end__ = ((ORIGIN (ram) + 0x18000) - 0x4)

.text           0x00080000     0x56bc
                0x00080000                . = ALIGN (0x4)
                0x00080000                _sfixed = .
 *(.vectors .vectors.*)
 .vectors       0x00080000       0xf4 src/ASF/sam/utils/cmsis/sam3x/source/templates/gcc/startup_sam3x.o
                0x00080000                exception_table
 *(.text .text.* .gnu.linkonce.t.*)
 .text          0x000800f4       0x54 c:/program files (x86)/atmel/atmel toolchain/arm gcc/native/4.8.1443/arm-gnu-toolchain/bin/../lib/gcc/arm-none-eabi/4.8.4/armv7-m/crtbegin.o
 .text.btnLedConf
                0x00080148       0x6c src/btnLedSetup.o
                0x00080148                btnLedConf
 .text.task_led
                0x000801b4       0x2c src/ledTask.o
                0x000801b4                task_led
 .text.startCodeLock
                0x000801e0        0x8 src/stateMachine.o
                0x000801e0                startCodeLock
 .text.pushButton1
                0x000801e8       0x10 src/stateMachine.o
                0x000801e8                pushButton1
 .text.pushButton2
                0x000801f8       0x14 src/stateMachine.o
                0x000801f8                pushButton2
 .text.pushButton3
                0x0008020c       0x14 src/stateMachine.o
                0x0008020c                pushButton3
 .text.releaseButton
                0x00080220       0x14 src/stateMachine.o
                0x00080220                releaseButton
 .text.usart_serial_read_packet
                0x00080234       0xc4 src/ASF/common/services/serial/usart_serial.o
                0x00080234                usart_serial_read_packet
 .text._read    0x000802f8       0x40 src/ASF/common/utils/stdio/read.o
                0x000802f8                _read
 .text._write   0x00080338       0x54 src/ASF/common/utils/stdio/write.o
                0x00080338                _write
 .text.uart_init
                0x0008038c       0x38 src/ASF/sam/drivers/uart/uart.o
                0x0008038c                uart_init
 .text.uart_write
                0x000803c4       0x10 src/ASF/sam/drivers/uart/uart.o
                0x000803c4                uart_write
 .text.uart_read
                0x000803d4       0x14 src/ASF/sam/drivers/uart/uart.o
                0x000803d4                uart_read
 .text.usart_write
                0x000803e8       0x14 src/ASF/sam/drivers/usart/usart.o
                0x000803e8                usart_write
 .text.usart_read
                0x000803fc       0x18 src/ASF/sam/drivers/usart/usart.o
                0x000803fc                usart_read
 .text.vListInitialise
                0x00080414       0x18 src/ASF/thirdparty/freertos/freertos-7.3.0/source/list.o
                0x00080414                vListInitialise
 .text.vListInitialiseItem
                0x0008042c        0x8 src/ASF/thirdparty/freertos/freertos-7.3.0/source/list.o
                0x0008042c                vListInitialiseItem
 .text.vListInsertEnd
                0x00080434       0x1c src/ASF/thirdparty/freertos/freertos-7.3.0/source/list.o
                0x00080434                vListInsertEnd
 .text.vListInsert
                0x00080450       0x44 src/ASF/thirdparty/freertos/freertos-7.3.0/source/list.o
                0x00080450                vListInsert
 .text.uxListRemove
                0x00080494       0x28 src/ASF/thirdparty/freertos/freertos-7.3.0/source/list.o
                0x00080494                uxListRemove
 .text.prvPortStartFirstTask
                0x000804bc       0x14 src/ASF/thirdparty/freertos/freertos-7.3.0/source/portable/gcc/sam/port.o
 .text.pxPortInitialiseStack
                0x000804d0       0x1c src/ASF/thirdparty/freertos/freertos-7.3.0/source/portable/gcc/sam/port.o
                0x000804d0                pxPortInitialiseStack
 .text.SVC_Handler
                0x000804ec       0x20 src/ASF/thirdparty/freertos/freertos-7.3.0/source/portable/gcc/sam/port.o
                0x000804ec                SVC_Handler
 .text.vPortYieldFromISR
                0x0008050c       0x10 src/ASF/thirdparty/freertos/freertos-7.3.0/source/portable/gcc/sam/port.o
                0x0008050c                vPortYieldFromISR
 .text.ulPortSetInterruptMask
                0x0008051c       0x10 src/ASF/thirdparty/freertos/freertos-7.3.0/source/portable/gcc/sam/port.o
                0x0008051c                ulPortSetInterruptMask
 .text.vPortEnterCritical
                0x0008052c       0x18 src/ASF/thirdparty/freertos/freertos-7.3.0/source/portable/gcc/sam/port.o
                0x0008052c                vPortEnterCritical
 .text.vPortClearInterruptMask
                0x00080544        0x8 src/ASF/thirdparty/freertos/freertos-7.3.0/source/portable/gcc/sam/port.o
                0x00080544                vPortClearInterruptMask
 .text.vPortExitCritical
                0x0008054c       0x1c src/ASF/thirdparty/freertos/freertos-7.3.0/source/portable/gcc/sam/port.o
                0x0008054c                vPortExitCritical
 .text.PendSV_Handler
                0x00080568       0x3c src/ASF/thirdparty/freertos/freertos-7.3.0/source/portable/gcc/sam/port.o
                0x00080568                PendSV_Handler
 .text.SysTick_Handler
                0x000805a4       0x2c src/ASF/thirdparty/freertos/freertos-7.3.0/source/portable/gcc/sam/port.o
                0x000805a4                SysTick_Handler
 .text.vPortSetupTimerInterrupt
                0x000805d0       0x18 src/ASF/thirdparty/freertos/freertos-7.3.0/source/portable/gcc/sam/port.o
                0x000805d0                vPortSetupTimerInterrupt
 .text.xPortStartScheduler
                0x000805e8       0x38 src/ASF/thirdparty/freertos/freertos-7.3.0/source/portable/gcc/sam/port.o
                0x000805e8                xPortStartScheduler
 .text.prvInsertBlockIntoFreeList
                0x00080620       0x58 src/ASF/thirdparty/freertos/freertos-7.3.0/source/portable/memmang/heap_4.o
 .text.pvPortMalloc
                0x00080678       0xc4 src/ASF/thirdparty/freertos/freertos-7.3.0/source/portable/memmang/heap_4.o
                0x00080678                pvPortMalloc
 .text.vPortFree
                0x0008073c       0x34 src/ASF/thirdparty/freertos/freertos-7.3.0/source/portable/memmang/heap_4.o
                0x0008073c                vPortFree
 .text.prvCopyDataToQueue
                0x00080770       0x64 src/ASF/thirdparty/freertos/freertos-7.3.0/source/queue.o
 .text.prvCopyDataFromQueue
                0x000807d4       0x28 src/ASF/thirdparty/freertos/freertos-7.3.0/source/queue.o
 .text.prvUnlockQueue
                0x000807fc       0x8c src/ASF/thirdparty/freertos/freertos-7.3.0/source/queue.o
 .text.xQueueGenericReset
                0x00080888       0x7c src/ASF/thirdparty/freertos/freertos-7.3.0/source/queue.o
                0x00080888                xQueueGenericReset
 .text.xQueueGenericCreate
                0x00080904       0x58 src/ASF/thirdparty/freertos/freertos-7.3.0/source/queue.o
                0x00080904                xQueueGenericCreate
 .text.xQueueGenericSend
                0x0008095c      0x124 src/ASF/thirdparty/freertos/freertos-7.3.0/source/queue.o
                0x0008095c                xQueueGenericSend
 .text.xQueueGenericSendFromISR
                0x00080a80       0x90 src/ASF/thirdparty/freertos/freertos-7.3.0/source/queue.o
                0x00080a80                xQueueGenericSendFromISR
 .text.xQueueGenericReceive
                0x00080b10      0x164 src/ASF/thirdparty/freertos/freertos-7.3.0/source/queue.o
                0x00080b10                xQueueGenericReceive
 .text.vQueueWaitForMessageRestricted
                0x00080c74       0x4c src/ASF/thirdparty/freertos/freertos-7.3.0/source/queue.o
                0x00080c74                vQueueWaitForMessageRestricted
 .text.prvAddCurrentTaskToDelayedList
                0x00080cc0       0x5c src/ASF/thirdparty/freertos/freertos-7.3.0/source/tasks.o
 .text.xTaskGenericCreate
                0x00080d1c      0x208 src/ASF/thirdparty/freertos/freertos-7.3.0/source/tasks.o
                0x00080d1c                xTaskGenericCreate
 .text.vTaskStartScheduler
                0x00080f24       0x6c src/ASF/thirdparty/freertos/freertos-7.3.0/source/tasks.o
                0x00080f24                vTaskStartScheduler
 .text.vTaskSuspendAll
                0x00080f90       0x10 src/ASF/thirdparty/freertos/freertos-7.3.0/source/tasks.o
                0x00080f90                vTaskSuspendAll
 .text.xTaskGetTickCount
                0x00080fa0       0x20 src/ASF/thirdparty/freertos/freertos-7.3.0/source/tasks.o
                0x00080fa0                xTaskGetTickCount
 .text.vTaskIncrementTick
                0x00080fc0      0x12c src/ASF/thirdparty/freertos/freertos-7.3.0/source/tasks.o
                0x00080fc0                vTaskIncrementTick
 .text.xTaskResumeAll
                0x000810ec      0x108 src/ASF/thirdparty/freertos/freertos-7.3.0/source/tasks.o
                0x000810ec                xTaskResumeAll
 .text.vTaskDelayUntil
                0x000811f4       0x98 src/ASF/thirdparty/freertos/freertos-7.3.0/source/tasks.o
                0x000811f4                vTaskDelayUntil
 .text.vTaskDelay
                0x0008128c       0x4c src/ASF/thirdparty/freertos/freertos-7.3.0/source/tasks.o
                0x0008128c                vTaskDelay
 .text.prvIdleTask
                0x000812d8       0x84 src/ASF/thirdparty/freertos/freertos-7.3.0/source/tasks.o
 .text.vTaskSwitchContext
                0x0008135c       0x90 src/ASF/thirdparty/freertos/freertos-7.3.0/source/tasks.o
                0x0008135c                vTaskSwitchContext
 .text.vTaskPlaceOnEventList
                0x000813ec       0x64 src/ASF/thirdparty/freertos/freertos-7.3.0/source/tasks.o
                0x000813ec                vTaskPlaceOnEventList
 .text.vTaskPlaceOnEventListRestricted
                0x00081450       0x48 src/ASF/thirdparty/freertos/freertos-7.3.0/source/tasks.o
                0x00081450                vTaskPlaceOnEventListRestricted
 .text.xTaskRemoveFromEventList
                0x00081498       0x84 src/ASF/thirdparty/freertos/freertos-7.3.0/source/tasks.o
                0x00081498                xTaskRemoveFromEventList
 .text.vTaskSetTimeOutState
                0x0008151c       0x28 src/ASF/thirdparty/freertos/freertos-7.3.0/source/tasks.o
                0x0008151c                vTaskSetTimeOutState
 .text.xTaskCheckForTimeOut
                0x00081544       0x8c src/ASF/thirdparty/freertos/freertos-7.3.0/source/tasks.o
                0x00081544                xTaskCheckForTimeOut
 .text.vTaskMissedYield
                0x000815d0        0xc src/ASF/thirdparty/freertos/freertos-7.3.0/source/tasks.o
                0x000815d0                vTaskMissedYield
 .text.xTaskGetCurrentTaskHandle
                0x000815dc        0xc src/ASF/thirdparty/freertos/freertos-7.3.0/source/tasks.o
                0x000815dc                xTaskGetCurrentTaskHandle
 .text.xTaskGetSchedulerState
                0x000815e8       0x20 src/ASF/thirdparty/freertos/freertos-7.3.0/source/tasks.o
                0x000815e8                xTaskGetSchedulerState
 .text.vTaskPriorityInherit
                0x00081608       0x7c src/ASF/thirdparty/freertos/freertos-7.3.0/source/tasks.o
                0x00081608                vTaskPriorityInherit
 .text.vTaskPriorityDisinherit
                0x00081684       0x50 src/ASF/thirdparty/freertos/freertos-7.3.0/source/tasks.o
                0x00081684                vTaskPriorityDisinherit
 .text.prvInsertTimerInActiveList
                0x000816d4       0x50 src/ASF/thirdparty/freertos/freertos-7.3.0/source/timers.o
 .text.prvCheckForValidListAndQueue
                0x00081724       0x5c src/ASF/thirdparty/freertos/freertos-7.3.0/source/timers.o
 .text.xTimerCreateTimerTask
                0x00081780       0x4c src/ASF/thirdparty/freertos/freertos-7.3.0/source/timers.o
                0x00081780                xTimerCreateTimerTask
 .text.xTimerGenericCommand
                0x000817cc       0x58 src/ASF/thirdparty/freertos/freertos-7.3.0/source/timers.o
                0x000817cc                xTimerGenericCommand
 .text.prvSampleTimeNow
                0x00081824       0xbc src/ASF/thirdparty/freertos/freertos-7.3.0/source/timers.o
 .text.prvTimerTask
                0x000818e0      0x180 src/ASF/thirdparty/freertos/freertos-7.3.0/source/timers.o
 .text.USART0_Handler
                0x00081a60       0x60 src/ASF/thirdparty/wireless/addons/sio2host/uart/sio2host.o
                0x00081a60                USART0_Handler
 .text.task_codeLock
                0x00081ac0       0xc0 src/lockTask.o
                0x00081ac0                task_codeLock
 .text.usart_serial_getchar
                0x00081b80       0xa8 src/consoleFunctions.o
 .text.usart_serial_putchar
                0x00081c28       0xa8 src/consoleFunctions.o
 .text.configureConsole
                0x00081cd0       0x80 src/consoleFunctions.o
                0x00081cd0                configureConsole
 .text.sysclk_init
                0x00081d50       0x64 src/ASF/common/services/clock/sam3x/sysclk.o
                0x00081d50                sysclk_init
 .text.board_init
                0x00081db4       0x80 src/ASF/sam/boards/arduino_due_x/init.o
                0x00081db4                board_init
 .text.pio_set_peripheral
                0x00081e34       0x40 src/ASF/sam/drivers/pio/pio.o
                0x00081e34                pio_set_peripheral
 .text.pio_set_input
                0x00081e74       0x34 src/ASF/sam/drivers/pio/pio.o
                0x00081e74                pio_set_input
 .text.pio_set_output
                0x00081ea8       0x28 src/ASF/sam/drivers/pio/pio.o
                0x00081ea8                pio_set_output
 .text.pio_get_interrupt_status
                0x00081ed0        0x4 src/ASF/sam/drivers/pio/pio.o
                0x00081ed0                pio_get_interrupt_status
 .text.pio_get_interrupt_mask
                0x00081ed4        0x4 src/ASF/sam/drivers/pio/pio.o
                0x00081ed4                pio_get_interrupt_mask
 .text.pio_toggle_pin
                0x00081ed8       0x24 src/ASF/sam/drivers/pio/pio.o
                0x00081ed8                pio_toggle_pin
 .text.pio_configure_pin
                0x00081efc       0xd4 src/ASF/sam/drivers/pio/pio.o
                0x00081efc                pio_configure_pin
 .text.pio_configure_pin_group
                0x00081fd0       0xa0 src/ASF/sam/drivers/pio/pio.o
                0x00081fd0                pio_configure_pin_group
 .text.pio_handler_process
                0x00082070       0x58 src/ASF/sam/drivers/pio/pio_handler.o
                0x00082070                pio_handler_process
 .text.PIOA_Handler
                0x000820c8       0x14 src/ASF/sam/drivers/pio/pio_handler.o
                0x000820c8                PIOA_Handler
 .text.PIOB_Handler
                0x000820dc       0x14 src/ASF/sam/drivers/pio/pio_handler.o
                0x000820dc                PIOB_Handler
 .text.PIOC_Handler
                0x000820f0       0x14 src/ASF/sam/drivers/pio/pio_handler.o
                0x000820f0                PIOC_Handler
 .text.PIOD_Handler
                0x00082104       0x14 src/ASF/sam/drivers/pio/pio_handler.o
                0x00082104                PIOD_Handler
 .text.pmc_switch_mck_to_pllack
                0x00082118       0x64 src/ASF/sam/drivers/pmc/pmc.o
                0x00082118                pmc_switch_mck_to_pllack
 .text.pmc_switch_mainck_to_xtal
                0x0008217c       0x54 src/ASF/sam/drivers/pmc/pmc.o
                0x0008217c                pmc_switch_mainck_to_xtal
 .text.pmc_osc_is_ready_mainck
                0x000821d0       0x10 src/ASF/sam/drivers/pmc/pmc.o
                0x000821d0                pmc_osc_is_ready_mainck
 .text.pmc_disable_pllack
                0x000821e0       0x10 src/ASF/sam/drivers/pmc/pmc.o
                0x000821e0                pmc_disable_pllack
 .text.pmc_is_locked_pllack
                0x000821f0       0x10 src/ASF/sam/drivers/pmc/pmc.o
                0x000821f0                pmc_is_locked_pllack
 .text.pmc_enable_periph_clk
                0x00082200       0x58 src/ASF/sam/drivers/pmc/pmc.o
                0x00082200                pmc_enable_periph_clk
 .text.Dummy_Handler
                0x00082258        0x4 src/ASF/sam/utils/cmsis/sam3x/source/templates/exceptions.o
                0x00082258                DACC_Handler
                0x00082258                DebugMon_Handler
                0x00082258                DMAC_Handler
                0x00082258                TRNG_Handler
                0x00082258                HardFault_Handler
                0x00082258                TC2_Handler
                0x00082258                USART3_Handler
                0x00082258                TWI1_Handler
                0x00082258                NMI_Handler
                0x00082258                TC7_Handler
                0x00082258                ADC_Handler
                0x00082258                SMC_Handler
                0x00082258                RTT_Handler
                0x00082258                EFC1_Handler
                0x00082258                RTC_Handler
                0x00082258                UsageFault_Handler
                0x00082258                TC6_Handler
                0x00082258                WDT_Handler
                0x00082258                CAN0_Handler
                0x00082258                TC4_Handler
                0x00082258                TC1_Handler
                0x00082258                HSMCI_Handler
                0x00082258                TC3_Handler
                0x00082258                Dummy_Handler
                0x00082258                TWI0_Handler
                0x00082258                USART1_Handler
                0x00082258                SSC_Handler
                0x00082258                EFC0_Handler
                0x00082258                PMC_Handler
                0x00082258                PWM_Handler
                0x00082258                CAN1_Handler
                0x00082258                MemManage_Handler
                0x00082258                SUPC_Handler
                0x00082258                TC8_Handler
                0x00082258                USART2_Handler
                0x00082258                EMAC_Handler
                0x00082258                UART_Handler
                0x00082258                BusFault_Handler
                0x00082258                RSTC_Handler
                0x00082258                TC0_Handler
                0x00082258                TC5_Handler
                0x00082258                UOTGHS_Handler
                0x00082258                SPI0_Handler
 .text.Reset_Handler
                0x0008225c       0xb0 src/ASF/sam/utils/cmsis/sam3x/source/templates/gcc/startup_sam3x.o
                0x0008225c                Reset_Handler
 .text.SystemCoreClockUpdate
                0x0008230c      0x11c src/ASF/sam/utils/cmsis/sam3x/source/templates/system_sam3x.o
                0x0008230c                SystemCoreClockUpdate
 .text._sbrk    0x00082428       0x34 src/ASF/sam/utils/syscalls/gcc/syscalls.o
                0x00082428                _sbrk
 .text._close   0x0008245c        0x8 src/ASF/sam/utils/syscalls/gcc/syscalls.o
                0x0008245c                _close
 .text._fstat   0x00082464        0xc src/ASF/sam/utils/syscalls/gcc/syscalls.o
                0x00082464                _fstat
 .text._isatty  0x00082470        0x4 src/ASF/sam/utils/syscalls/gcc/syscalls.o
                0x00082470                _isatty
 .text._lseek   0x00082474        0x4 src/ASF/sam/utils/syscalls/gcc/syscalls.o
                0x00082474                _lseek
 .text.main     0x00082478       0xc0 src/main.o
                0x00082478                main
 .text.__libc_init_array
                0x00082538       0x50 c:/program files (x86)/atmel/atmel toolchain/arm gcc/native/4.8.1443/arm-gnu-toolchain/bin/../lib/gcc/arm-none-eabi/4.8.4/../../../../arm-none-eabi/lib/armv7-m\libc.a(lib_a-init.o)
                0x00082538                __libc_init_array
 .text.iprintf  0x00082588       0x28 c:/program files (x86)/atmel/atmel toolchain/arm gcc/native/4.8.1443/arm-gnu-toolchain/bin/../lib/gcc/arm-none-eabi/4.8.4/../../../../arm-none-eabi/lib/armv7-m\libc.a(lib_a-iprintf.o)
                0x00082588                iprintf
 .text          0x000825b0       0xec c:/program files (x86)/atmel/atmel toolchain/arm gcc/native/4.8.1443/arm-gnu-toolchain/bin/../lib/gcc/arm-none-eabi/4.8.4/../../../../arm-none-eabi/lib/armv7-m\libc.a(lib_a-memcpy.o)
                0x000825b0                memcpy
 .text.memset   0x0008269c       0x94 c:/program files (x86)/atmel/atmel toolchain/arm gcc/native/4.8.1443/arm-gnu-toolchain/bin/../lib/gcc/arm-none-eabi/4.8.4/../../../../arm-none-eabi/lib/armv7-m\libc.a(lib_a-memset.o)
                0x0008269c                memset
 .text.setbuf   0x00082730       0x10 c:/program files (x86)/atmel/atmel toolchain/arm gcc/native/4.8.1443/arm-gnu-toolchain/bin/../lib/gcc/arm-none-eabi/4.8.4/../../../../arm-none-eabi/lib/armv7-m\libc.a(lib_a-setbuf.o)
                0x00082730                setbuf
 .text.setvbuf  0x00082740      0x100 c:/program files (x86)/atmel/atmel toolchain/arm gcc/native/4.8.1443/arm-gnu-toolchain/bin/../lib/gcc/arm-none-eabi/4.8.4/../../../../arm-none-eabi/lib/armv7-m\libc.a(lib_a-setvbuf.o)
                0x00082740                setvbuf
 .text.strlen   0x00082840       0x60 c:/program files (x86)/atmel/atmel toolchain/arm gcc/native/4.8.1443/arm-gnu-toolchain/bin/../lib/gcc/arm-none-eabi/4.8.4/../../../../arm-none-eabi/lib/armv7-m\libc.a(lib_a-strlen.o)
                0x00082840                strlen
 .text.strncpy  0x000828a0       0x64 c:/program files (x86)/atmel/atmel toolchain/arm gcc/native/4.8.1443/arm-gnu-toolchain/bin/../lib/gcc/arm-none-eabi/4.8.4/../../../../arm-none-eabi/lib/armv7-m\libc.a(lib_a-strncpy.o)
                0x000828a0                strncpy
 .text.__sprint_r.part.0
                0x00082904       0x78 c:/program files (x86)/atmel/atmel toolchain/arm gcc/native/4.8.1443/arm-gnu-toolchain/bin/../lib/gcc/arm-none-eabi/4.8.4/../../../../arm-none-eabi/lib/armv7-m\libc.a(lib_a-vfiprintf.o)
 .text._vfiprintf_r
                0x0008297c      0xc54 c:/program files (x86)/atmel/atmel toolchain/arm gcc/native/4.8.1443/arm-gnu-toolchain/bin/../lib/gcc/arm-none-eabi/4.8.4/../../../../arm-none-eabi/lib/armv7-m\libc.a(lib_a-vfiprintf.o)
                0x0008297c                _vfiprintf_r
 .text.__sbprintf
                0x000835d0       0x7c c:/program files (x86)/atmel/atmel toolchain/arm gcc/native/4.8.1443/arm-gnu-toolchain/bin/../lib/gcc/arm-none-eabi/4.8.4/../../../../arm-none-eabi/lib/armv7-m\libc.a(lib_a-vfiprintf.o)
 .text.__swsetup_r
                0x0008364c       0xc4 c:/program files (x86)/atmel/atmel toolchain/arm gcc/native/4.8.1443/arm-gnu-toolchain/bin/../lib/gcc/arm-none-eabi/4.8.4/../../../../arm-none-eabi/lib/armv7-m\libc.a(lib_a-wsetup.o)
                0x0008364c                __swsetup_r
 .text.startup.register_fini
                0x00083710       0x14 c:/program files (x86)/atmel/atmel toolchain/arm gcc/native/4.8.1443/arm-gnu-toolchain/bin/../lib/gcc/arm-none-eabi/4.8.4/../../../../arm-none-eabi/lib/armv7-m\libc.a(lib_a-__call_atexit.o)
 .text.atexit   0x00083724        0xc c:/program files (x86)/atmel/atmel toolchain/arm gcc/native/4.8.1443/arm-gnu-toolchain/bin/../lib/gcc/arm-none-eabi/4.8.4/../../../../arm-none-eabi/lib/armv7-m\libc.a(lib_a-atexit.o)
                0x00083724                atexit
 .text.__sflush_r
                0x00083730      0x148 c:/program files (x86)/atmel/atmel toolchain/arm gcc/native/4.8.1443/arm-gnu-toolchain/bin/../lib/gcc/arm-none-eabi/4.8.4/../../../../arm-none-eabi/lib/armv7-m\libc.a(lib_a-fflush.o)
                0x00083730                __sflush_r
 .text._fflush_r
                0x00083878       0x2c c:/program files (x86)/atmel/atmel toolchain/arm gcc/native/4.8.1443/arm-gnu-toolchain/bin/../lib/gcc/arm-none-eabi/4.8.4/../../../../arm-none-eabi/lib/armv7-m\libc.a(lib_a-fflush.o)
                0x00083878                _fflush_r
 .text._cleanup_r
                0x000838a4        0xc c:/program files (x86)/atmel/atmel toolchain/arm gcc/native/4.8.1443/arm-gnu-toolchain/bin/../lib/gcc/arm-none-eabi/4.8.4/../../../../arm-none-eabi/lib/armv7-m\libc.a(lib_a-findfp.o)
                0x000838a4                _cleanup_r
 .text.__sinit  0x000838b0       0xf4 c:/program files (x86)/atmel/atmel toolchain/arm gcc/native/4.8.1443/arm-gnu-toolchain/bin/../lib/gcc/arm-none-eabi/4.8.4/../../../../arm-none-eabi/lib/armv7-m\libc.a(lib_a-findfp.o)
                0x000838b0                __sinit
 .text.__sfp_lock_acquire
                0x000839a4        0x4 c:/program files (x86)/atmel/atmel toolchain/arm gcc/native/4.8.1443/arm-gnu-toolchain/bin/../lib/gcc/arm-none-eabi/4.8.4/../../../../arm-none-eabi/lib/armv7-m\libc.a(lib_a-findfp.o)
                0x000839a4                __sfp_lock_acquire
 .text.__sfp_lock_release
                0x000839a8        0x4 c:/program files (x86)/atmel/atmel toolchain/arm gcc/native/4.8.1443/arm-gnu-toolchain/bin/../lib/gcc/arm-none-eabi/4.8.4/../../../../arm-none-eabi/lib/armv7-m\libc.a(lib_a-findfp.o)
                0x000839a8                __sfp_lock_release
 .text.__libc_fini_array
                0x000839ac       0x30 c:/program files (x86)/atmel/atmel toolchain/arm gcc/native/4.8.1443/arm-gnu-toolchain/bin/../lib/gcc/arm-none-eabi/4.8.4/../../../../arm-none-eabi/lib/armv7-m\libc.a(lib_a-fini.o)
                0x000839ac                __libc_fini_array
 .text._fputwc_r
                0x000839dc       0xc0 c:/program files (x86)/atmel/atmel toolchain/arm gcc/native/4.8.1443/arm-gnu-toolchain/bin/../lib/gcc/arm-none-eabi/4.8.4/../../../../arm-none-eabi/lib/armv7-m\libc.a(lib_a-fputwc.o)
                0x000839dc                _fputwc_r
 .text._malloc_trim_r
                0x00083a9c       0x9c c:/program files (x86)/atmel/atmel toolchain/arm gcc/native/4.8.1443/arm-gnu-toolchain/bin/../lib/gcc/arm-none-eabi/4.8.4/../../../../arm-none-eabi/lib/armv7-m\libc.a(lib_a-freer.o)
                0x00083a9c                _malloc_trim_r
 .text._free_r  0x00083b38      0x198 c:/program files (x86)/atmel/atmel toolchain/arm gcc/native/4.8.1443/arm-gnu-toolchain/bin/../lib/gcc/arm-none-eabi/4.8.4/../../../../arm-none-eabi/lib/armv7-m\libc.a(lib_a-freer.o)
                0x00083b38                _free_r
 .text.__sfvwrite_r
                0x00083cd0      0x318 c:/program files (x86)/atmel/atmel toolchain/arm gcc/native/4.8.1443/arm-gnu-toolchain/bin/../lib/gcc/arm-none-eabi/4.8.4/../../../../arm-none-eabi/lib/armv7-m\libc.a(lib_a-fvwrite.o)
                0x00083cd0                __sfvwrite_r
 .text._fwalk   0x00083fe8       0x48 c:/program files (x86)/atmel/atmel toolchain/arm gcc/native/4.8.1443/arm-gnu-toolchain/bin/../lib/gcc/arm-none-eabi/4.8.4/../../../../arm-none-eabi/lib/armv7-m\libc.a(lib_a-fwalk.o)
                0x00083fe8                _fwalk
 .text.__locale_charset
                0x00084030        0x8 c:/program files (x86)/atmel/atmel toolchain/arm gcc/native/4.8.1443/arm-gnu-toolchain/bin/../lib/gcc/arm-none-eabi/4.8.4/../../../../arm-none-eabi/lib/armv7-m\libc.a(lib_a-locale.o)
                0x00084030                __locale_charset
 .text.__locale_mb_cur_max
                0x00084038        0xc c:/program files (x86)/atmel/atmel toolchain/arm gcc/native/4.8.1443/arm-gnu-toolchain/bin/../lib/gcc/arm-none-eabi/4.8.4/../../../../arm-none-eabi/lib/armv7-m\libc.a(lib_a-locale.o)
                0x00084038                __locale_mb_cur_max
 .text.__smakebuf_r
                0x00084044       0xe0 c:/program files (x86)/atmel/atmel toolchain/arm gcc/native/4.8.1443/arm-gnu-toolchain/bin/../lib/gcc/arm-none-eabi/4.8.4/../../../../arm-none-eabi/lib/armv7-m\libc.a(lib_a-makebuf.o)
                0x00084044                __smakebuf_r
 .text.malloc   0x00084124       0x10 c:/program files (x86)/atmel/atmel toolchain/arm gcc/native/4.8.1443/arm-gnu-toolchain/bin/../lib/gcc/arm-none-eabi/4.8.4/../../../../arm-none-eabi/lib/armv7-m\libc.a(lib_a-malloc.o)
                0x00084124                malloc
 .text._malloc_r
                0x00084134      0x538 c:/program files (x86)/atmel/atmel toolchain/arm gcc/native/4.8.1443/arm-gnu-toolchain/bin/../lib/gcc/arm-none-eabi/4.8.4/../../../../arm-none-eabi/lib/armv7-m\libc.a(lib_a-mallocr.o)
                0x00084134                _malloc_r
 .text.memchr   0x0008466c       0x94 c:/program files (x86)/atmel/atmel toolchain/arm gcc/native/4.8.1443/arm-gnu-toolchain/bin/../lib/gcc/arm-none-eabi/4.8.4/../../../../arm-none-eabi/lib/armv7-m\libc.a(lib_a-memchr-stub.o)
                0x0008466c                memchr
 .text.memmove  0x00084700       0xcc c:/program files (x86)/atmel/atmel toolchain/arm gcc/native/4.8.1443/arm-gnu-toolchain/bin/../lib/gcc/arm-none-eabi/4.8.4/../../../../arm-none-eabi/lib/armv7-m\libc.a(lib_a-memmove.o)
                0x00084700                memmove
 .text.__malloc_lock
                0x000847cc        0x4 c:/program files (x86)/atmel/atmel toolchain/arm gcc/native/4.8.1443/arm-gnu-toolchain/bin/../lib/gcc/arm-none-eabi/4.8.4/../../../../arm-none-eabi/lib/armv7-m\libc.a(lib_a-mlock.o)
                0x000847cc                __malloc_lock
 .text.__malloc_unlock
                0x000847d0        0x4 c:/program files (x86)/atmel/atmel toolchain/arm gcc/native/4.8.1443/arm-gnu-toolchain/bin/../lib/gcc/arm-none-eabi/4.8.4/../../../../arm-none-eabi/lib/armv7-m\libc.a(lib_a-mlock.o)
                0x000847d0                __malloc_unlock
 .text._realloc_r
                0x000847d4      0x3c0 c:/program files (x86)/atmel/atmel toolchain/arm gcc/native/4.8.1443/arm-gnu-toolchain/bin/../lib/gcc/arm-none-eabi/4.8.4/../../../../arm-none-eabi/lib/armv7-m\libc.a(lib_a-reallocr.o)
                0x000847d4                _realloc_r
 .text._sbrk_r  0x00084b94       0x24 c:/program files (x86)/atmel/atmel toolchain/arm gcc/native/4.8.1443/arm-gnu-toolchain/bin/../lib/gcc/arm-none-eabi/4.8.4/../../../../arm-none-eabi/lib/armv7-m\libc.a(lib_a-sbrkr.o)
                0x00084b94                _sbrk_r
 .text.__sread  0x00084bb8       0x24 c:/program files (x86)/atmel/atmel toolchain/arm gcc/native/4.8.1443/arm-gnu-toolchain/bin/../lib/gcc/arm-none-eabi/4.8.4/../../../../arm-none-eabi/lib/armv7-m\libc.a(lib_a-stdio.o)
                0x00084bb8                __sread
 .text.__swrite
                0x00084bdc       0x38 c:/program files (x86)/atmel/atmel toolchain/arm gcc/native/4.8.1443/arm-gnu-toolchain/bin/../lib/gcc/arm-none-eabi/4.8.4/../../../../arm-none-eabi/lib/armv7-m\libc.a(lib_a-stdio.o)
                0x00084bdc                __swrite
 .text.__sseek  0x00084c14       0x20 c:/program files (x86)/atmel/atmel toolchain/arm gcc/native/4.8.1443/arm-gnu-toolchain/bin/../lib/gcc/arm-none-eabi/4.8.4/../../../../arm-none-eabi/lib/armv7-m\libc.a(lib_a-stdio.o)
                0x00084c14                __sseek
 .text.__sclose
                0x00084c34        0x8 c:/program files (x86)/atmel/atmel toolchain/arm gcc/native/4.8.1443/arm-gnu-toolchain/bin/../lib/gcc/arm-none-eabi/4.8.4/../../../../arm-none-eabi/lib/armv7-m\libc.a(lib_a-stdio.o)
                0x00084c34                __sclose
 .text.__swbuf_r
                0x00084c3c       0xa8 c:/program files (x86)/atmel/atmel toolchain/arm gcc/native/4.8.1443/arm-gnu-toolchain/bin/../lib/gcc/arm-none-eabi/4.8.4/../../../../arm-none-eabi/lib/armv7-m\libc.a(lib_a-wbuf.o)
                0x00084c3c                __swbuf_r
 .text._wcrtomb_r
                0x00084ce4       0x50 c:/program files (x86)/atmel/atmel toolchain/arm gcc/native/4.8.1443/arm-gnu-toolchain/bin/../lib/gcc/arm-none-eabi/4.8.4/../../../../arm-none-eabi/lib/armv7-m\libc.a(lib_a-wcrtomb.o)
                0x00084ce4                _wcrtomb_r
 .text.__ascii_wctomb
                0x00084d34       0x1c c:/program files (x86)/atmel/atmel toolchain/arm gcc/native/4.8.1443/arm-gnu-toolchain/bin/../lib/gcc/arm-none-eabi/4.8.4/../../../../arm-none-eabi/lib/armv7-m\libc.a(lib_a-wctomb_r.o)
                0x00084d34                __ascii_wctomb
 .text._write_r
                0x00084d50       0x28 c:/program files (x86)/atmel/atmel toolchain/arm gcc/native/4.8.1443/arm-gnu-toolchain/bin/../lib/gcc/arm-none-eabi/4.8.4/../../../../arm-none-eabi/lib/armv7-m\libc.a(lib_a-writer.o)
                0x00084d50                _write_r
 .text.__register_exitproc
                0x00084d78       0xa8 c:/program files (x86)/atmel/atmel toolchain/arm gcc/native/4.8.1443/arm-gnu-toolchain/bin/../lib/gcc/arm-none-eabi/4.8.4/../../../../arm-none-eabi/lib/armv7-m\libc.a(lib_a-__atexit.o)
                0x00084d78                __register_exitproc
 .text._close_r
                0x00084e20       0x24 c:/program files (x86)/atmel/atmel toolchain/arm gcc/native/4.8.1443/arm-gnu-toolchain/bin/../lib/gcc/arm-none-eabi/4.8.4/../../../../arm-none-eabi/lib/armv7-m\libc.a(lib_a-closer.o)
                0x00084e20                _close_r
 .text._fclose_r
                0x00084e44       0x80 c:/program files (x86)/atmel/atmel toolchain/arm gcc/native/4.8.1443/arm-gnu-toolchain/bin/../lib/gcc/arm-none-eabi/4.8.4/../../../../arm-none-eabi/lib/armv7-m\libc.a(lib_a-fclose.o)
                0x00084e44                _fclose_r
 .text.fclose   0x00084ec4       0x10 c:/program files (x86)/atmel/atmel toolchain/arm gcc/native/4.8.1443/arm-gnu-toolchain/bin/../lib/gcc/arm-none-eabi/4.8.4/../../../../arm-none-eabi/lib/armv7-m\libc.a(lib_a-fclose.o)
                0x00084ec4                fclose
 .text._fstat_r
                0x00084ed4       0x28 c:/program files (x86)/atmel/atmel toolchain/arm gcc/native/4.8.1443/arm-gnu-toolchain/bin/../lib/gcc/arm-none-eabi/4.8.4/../../../../arm-none-eabi/lib/armv7-m\libc.a(lib_a-fstatr.o)
                0x00084ed4                _fstat_r
 .text._isatty_r
                0x00084efc       0x24 c:/program files (x86)/atmel/atmel toolchain/arm gcc/native/4.8.1443/arm-gnu-toolchain/bin/../lib/gcc/arm-none-eabi/4.8.4/../../../../arm-none-eabi/lib/armv7-m\libc.a(lib_a-isattyr.o)
                0x00084efc                _isatty_r
 .text._lseek_r
                0x00084f20       0x28 c:/program files (x86)/atmel/atmel toolchain/arm gcc/native/4.8.1443/arm-gnu-toolchain/bin/../lib/gcc/arm-none-eabi/4.8.4/../../../../arm-none-eabi/lib/armv7-m\libc.a(lib_a-lseekr.o)
                0x00084f20                _lseek_r
 .text._read_r  0x00084f48       0x28 c:/program files (x86)/atmel/atmel toolchain/arm gcc/native/4.8.1443/arm-gnu-toolchain/bin/../lib/gcc/arm-none-eabi/4.8.4/../../../../arm-none-eabi/lib/armv7-m\libc.a(lib_a-readr.o)
                0x00084f48                _read_r
 .text          0x00084f70       0x2c c:/program files (x86)/atmel/atmel toolchain/arm gcc/native/4.8.1443/arm-gnu-toolchain/bin/../lib/gcc/arm-none-eabi/4.8.4/armv7-m\libgcc.a(_aeabi_uldivmod.o)
                0x00084f70                __aeabi_uldivmod
 .text          0x00084f9c       0x60 c:/program files (x86)/atmel/atmel toolchain/arm gcc/native/4.8.1443/arm-gnu-toolchain/bin/../lib/gcc/arm-none-eabi/4.8.4/armv7-m\libgcc.a(bpabi.o)
                0x00084f9c                __gnu_ldivmod_helper
                0x00084fcc                __gnu_uldivmod_helper
 .text          0x00084ffc        0x4 c:/program files (x86)/atmel/atmel toolchain/arm gcc/native/4.8.1443/arm-gnu-toolchain/bin/../lib/gcc/arm-none-eabi/4.8.4/armv7-m\libgcc.a(_dvmd_tls.o)
                0x00084ffc                __aeabi_idiv0
                0x00084ffc                __aeabi_ldiv0
 .text          0x00085000      0x2a0 c:/program files (x86)/atmel/atmel toolchain/arm gcc/native/4.8.1443/arm-gnu-toolchain/bin/../lib/gcc/arm-none-eabi/4.8.4/armv7-m\libgcc.a(_divdi3.o)
                0x00085000                __divdi3
 .text          0x000852a0      0x290 c:/program files (x86)/atmel/atmel toolchain/arm gcc/native/4.8.1443/arm-gnu-toolchain/bin/../lib/gcc/arm-none-eabi/4.8.4/armv7-m\libgcc.a(_udivdi3.o)
                0x000852a0                __udivdi3
 *(.glue_7t)
 .glue_7t       0x00000000        0x0 linker stubs
 *(.glue_7)
 .glue_7        0x00000000        0x0 linker stubs
 *(.rodata .rodata* .gnu.linkonce.r.*)
 .rodata.TransitionTable
                0x00085530       0x24 src/stateMachine.o
                0x00085530                TransitionTable
 .rodata.str1.4
                0x00085554       0x1f src/ASF/thirdparty/freertos/freertos-7.3.0/source/tasks.o
                                 0x20 (size before relaxing)
 *fill*         0x00085573        0x1 
 .rodata.str1.4
                0x00085574        0x8 src/ASF/thirdparty/freertos/freertos-7.3.0/source/timers.o
 .rodata.str1.4
                0x0008557c       0xc1 src/main.o
                                 0xc4 (size before relaxing)
 *fill*         0x0008563d        0x3 
 .rodata.str1.4
                0x00085640        0x2 c:/program files (x86)/atmel/atmel toolchain/arm gcc/native/4.8.1443/arm-gnu-toolchain/bin/../lib/gcc/arm-none-eabi/4.8.4/../../../../arm-none-eabi/lib/armv7-m\libc.a(lib_a-impure.o)
                                  0x4 (size before relaxing)
 *fill*         0x00085642        0x2 
 .rodata._global_impure_ptr
                0x00085644        0x4 c:/program files (x86)/atmel/atmel toolchain/arm gcc/native/4.8.1443/arm-gnu-toolchain/bin/../lib/gcc/arm-none-eabi/4.8.4/../../../../arm-none-eabi/lib/armv7-m\libc.a(lib_a-impure.o)
                0x00085644                _global_impure_ptr
 .rodata.str1.4
                0x00085648       0x30 c:/program files (x86)/atmel/atmel toolchain/arm gcc/native/4.8.1443/arm-gnu-toolchain/bin/../lib/gcc/arm-none-eabi/4.8.4/../../../../arm-none-eabi/lib/armv7-m\libc.a(lib_a-vfiprintf.o)
 .rodata.zeroes.6721
                0x00085678       0x10 c:/program files (x86)/atmel/atmel toolchain/arm gcc/native/4.8.1443/arm-gnu-toolchain/bin/../lib/gcc/arm-none-eabi/4.8.4/../../../../arm-none-eabi/lib/armv7-m\libc.a(lib_a-vfiprintf.o)
 .rodata.blanks.6720
                0x00085688       0x10 c:/program files (x86)/atmel/atmel toolchain/arm gcc/native/4.8.1443/arm-gnu-toolchain/bin/../lib/gcc/arm-none-eabi/4.8.4/../../../../arm-none-eabi/lib/armv7-m\libc.a(lib_a-vfiprintf.o)
 *(.ARM.extab* .gnu.linkonce.armextab.*)
                0x00085698                . = ALIGN (0x4)
 *(.init)
 .init          0x00085698        0x4 c:/program files (x86)/atmel/atmel toolchain/arm gcc/native/4.8.1443/arm-gnu-toolchain/bin/../lib/gcc/arm-none-eabi/4.8.4/armv7-m/crti.o
                0x00085698                _init
 .init          0x0008569c        0x8 c:/program files (x86)/atmel/atmel toolchain/arm gcc/native/4.8.1443/arm-gnu-toolchain/bin/../lib/gcc/arm-none-eabi/4.8.4/armv7-m/crtn.o
                0x000856a4                . = ALIGN (0x4)
                0x000856a4                __preinit_array_start = .
 *(.preinit_array)
                0x000856a4                __preinit_array_end = .
                0x000856a4                . = ALIGN (0x4)
                0x000856a4                __init_array_start = .
 *(SORT(.init_array.*))
 .init_array.00000
                0x000856a4        0x4 c:/program files (x86)/atmel/atmel toolchain/arm gcc/native/4.8.1443/arm-gnu-toolchain/bin/../lib/gcc/arm-none-eabi/4.8.4/../../../../arm-none-eabi/lib/armv7-m\libc.a(lib_a-__call_atexit.o)
 *(.init_array)
 .init_array    0x000856a8        0x4 c:/program files (x86)/atmel/atmel toolchain/arm gcc/native/4.8.1443/arm-gnu-toolchain/bin/../lib/gcc/arm-none-eabi/4.8.4/armv7-m/crtbegin.o
                0x000856ac                __init_array_end = .
                0x000856ac                . = ALIGN (0x4)
 *crtbegin.o(.ctors)
 *(EXCLUDE_FILE(*crtend.o) .ctors)
 *(SORT(.ctors.*))
 *crtend.o(.ctors)
                0x000856ac                . = ALIGN (0x4)
 *(.fini)
 .fini          0x000856ac        0x4 c:/program files (x86)/atmel/atmel toolchain/arm gcc/native/4.8.1443/arm-gnu-toolchain/bin/../lib/gcc/arm-none-eabi/4.8.4/armv7-m/crti.o
                0x000856ac                _fini
 .fini          0x000856b0        0x8 c:/program files (x86)/atmel/atmel toolchain/arm gcc/native/4.8.1443/arm-gnu-toolchain/bin/../lib/gcc/arm-none-eabi/4.8.4/armv7-m/crtn.o
                0x000856b8                . = ALIGN (0x4)
                0x000856b8                __fini_array_start = .
 *(.fini_array)
 .fini_array    0x000856b8        0x4 c:/program files (x86)/atmel/atmel toolchain/arm gcc/native/4.8.1443/arm-gnu-toolchain/bin/../lib/gcc/arm-none-eabi/4.8.4/armv7-m/crtbegin.o
 *(SORT(.fini_array.*))
                0x000856bc                __fini_array_end = .
 *crtbegin.o(.dtors)
 *(EXCLUDE_FILE(*crtend.o) .dtors)
 *(SORT(.dtors.*))
 *crtend.o(.dtors)
                0x000856bc                . = ALIGN (0x4)
                0x000856bc                _efixed = .
                0x000856bc                PROVIDE (__exidx_start, .)

.vfp11_veneer   0x000856bc        0x0
 .vfp11_veneer  0x00000000        0x0 linker stubs

.v4_bx          0x000856bc        0x0
 .v4_bx         0x00000000        0x0 linker stubs

.iplt           0x000856bc        0x0
 .iplt          0x00000000        0x0 c:/program files (x86)/atmel/atmel toolchain/arm gcc/native/4.8.1443/arm-gnu-toolchain/bin/../lib/gcc/arm-none-eabi/4.8.4/armv7-m/crtbegin.o

.ARM.exidx      0x000856bc        0x8
 *(.ARM.exidx* .gnu.linkonce.armexidx.*)
 .ARM.exidx     0x000856bc        0x8 c:/program files (x86)/atmel/atmel toolchain/arm gcc/native/4.8.1443/arm-gnu-toolchain/bin/../lib/gcc/arm-none-eabi/4.8.4/armv7-m\libgcc.a(_divdi3.o)
 .ARM.exidx     0x000856c4        0x0 c:/program files (x86)/atmel/atmel toolchain/arm gcc/native/4.8.1443/arm-gnu-toolchain/bin/../lib/gcc/arm-none-eabi/4.8.4/armv7-m\libgcc.a(_udivdi3.o)
                                  0x8 (size before relaxing)
                0x000856c4                PROVIDE (__exidx_end, .)

.eh_frame       0x000856c4        0x0
 .eh_frame      0x000856c4        0x0 c:/program files (x86)/atmel/atmel toolchain/arm gcc/native/4.8.1443/arm-gnu-toolchain/bin/../lib/gcc/arm-none-eabi/4.8.4/armv7-m/crtbegin.o

.rel.dyn        0x000856c4        0x0
 .rel.iplt      0x00000000        0x0 c:/program files (x86)/atmel/atmel toolchain/arm gcc/native/4.8.1443/arm-gnu-toolchain/bin/../lib/gcc/arm-none-eabi/4.8.4/armv7-m/crtbegin.o

.jcr            0x000856c4        0x0
 .jcr           0x000856c4        0x0 c:/program files (x86)/atmel/atmel toolchain/arm gcc/native/4.8.1443/arm-gnu-toolchain/bin/../lib/gcc/arm-none-eabi/4.8.4/armv7-m/crtbegin.o

.igot.plt       0x000856c4        0x0
 .igot.plt      0x00000000        0x0 c:/program files (x86)/atmel/atmel toolchain/arm gcc/native/4.8.1443/arm-gnu-toolchain/bin/../lib/gcc/arm-none-eabi/4.8.4/armv7-m/crtbegin.o
                0x000856c4                . = ALIGN (0x4)
                0x000856c4                _etext = .

.relocate       0x20070000      0x9a4 load address 0x000856c4
                0x20070000                . = ALIGN (0x4)
                0x20070000                _srelocate = .
 *(.ramfunc .ramfunc.*)
 .ramfunc       0x20070000      0x12c src/ASF/sam/utils/cmsis/sam3x/source/templates/system_sam3x.o
                0x20070000                SystemInit
                0x200700a4                system_init_flash
 *(.data .data.*)
 .data.uxCriticalNesting
                0x2007012c        0x4 src/ASF/thirdparty/freertos/freertos-7.3.0/source/portable/gcc/sam/port.o
 .data.xFreeBytesRemaining
                0x20070130        0x4 src/ASF/thirdparty/freertos/freertos-7.3.0/source/portable/memmang/heap_4.o
 .data.xNextTaskUnblockTime
                0x20070134        0x2 src/ASF/thirdparty/freertos/freertos-7.3.0/source/tasks.o
 .data.g_interrupt_enabled
                0x20070136        0x1 src/ASF/common/utils/interrupt/interrupt_sam_nvic.o
                0x20070136                g_interrupt_enabled
 *fill*         0x20070137        0x1 
 .data.SystemCoreClock
                0x20070138        0x4 src/ASF/sam/utils/cmsis/sam3x/source/templates/system_sam3x.o
                0x20070138                SystemCoreClock
 *fill*         0x2007013c        0x4 
 .data.impure_data
                0x20070140      0x428 c:/program files (x86)/atmel/atmel toolchain/arm gcc/native/4.8.1443/arm-gnu-toolchain/bin/../lib/gcc/arm-none-eabi/4.8.4/../../../../arm-none-eabi/lib/armv7-m\libc.a(lib_a-impure.o)
 .data._impure_ptr
                0x20070568        0x4 c:/program files (x86)/atmel/atmel toolchain/arm gcc/native/4.8.1443/arm-gnu-toolchain/bin/../lib/gcc/arm-none-eabi/4.8.4/../../../../arm-none-eabi/lib/armv7-m\libc.a(lib_a-impure.o)
                0x20070568                _impure_ptr
 .data.lc_ctype_charset
                0x2007056c       0x20 c:/program files (x86)/atmel/atmel toolchain/arm gcc/native/4.8.1443/arm-gnu-toolchain/bin/../lib/gcc/arm-none-eabi/4.8.4/../../../../arm-none-eabi/lib/armv7-m\libc.a(lib_a-locale.o)
 .data.__mb_cur_max
                0x2007058c        0x4 c:/program files (x86)/atmel/atmel toolchain/arm gcc/native/4.8.1443/arm-gnu-toolchain/bin/../lib/gcc/arm-none-eabi/4.8.4/../../../../arm-none-eabi/lib/armv7-m\libc.a(lib_a-locale.o)
                0x2007058c                __mb_cur_max
 .data.__malloc_av_
                0x20070590      0x408 c:/program files (x86)/atmel/atmel toolchain/arm gcc/native/4.8.1443/arm-gnu-toolchain/bin/../lib/gcc/arm-none-eabi/4.8.4/../../../../arm-none-eabi/lib/armv7-m\libc.a(lib_a-mallocr.o)
                0x20070590                __malloc_av_
 .data.__malloc_trim_threshold
                0x20070998        0x4 c:/program files (x86)/atmel/atmel toolchain/arm gcc/native/4.8.1443/arm-gnu-toolchain/bin/../lib/gcc/arm-none-eabi/4.8.4/../../../../arm-none-eabi/lib/armv7-m\libc.a(lib_a-mallocr.o)
                0x20070998                __malloc_trim_threshold
 .data.__malloc_sbrk_base
                0x2007099c        0x4 c:/program files (x86)/atmel/atmel toolchain/arm gcc/native/4.8.1443/arm-gnu-toolchain/bin/../lib/gcc/arm-none-eabi/4.8.4/../../../../arm-none-eabi/lib/armv7-m\libc.a(lib_a-mallocr.o)
                0x2007099c                __malloc_sbrk_base
 .data.__wctomb
                0x200709a0        0x4 c:/program files (x86)/atmel/atmel toolchain/arm gcc/native/4.8.1443/arm-gnu-toolchain/bin/../lib/gcc/arm-none-eabi/4.8.4/../../../../arm-none-eabi/lib/armv7-m\libc.a(lib_a-wctomb_r.o)
                0x200709a0                __wctomb
                0x200709a4                . = ALIGN (0x4)
                0x200709a4                _erelocate = .

.bss            0x200709a8     0x8338 load address 0x00086070
                0x200709a8                . = ALIGN (0x4)
                0x200709a8                _sbss = .
                0x200709a8                _szero = .
 *(.bss .bss.*)
 .bss           0x200709a8       0x1c c:/program files (x86)/atmel/atmel toolchain/arm gcc/native/4.8.1443/arm-gnu-toolchain/bin/../lib/gcc/arm-none-eabi/4.8.4/armv7-m/crtbegin.o
 *fill*         0x200709c4        0x4 
 .bss.xHeap     0x200709c8     0x8000 src/ASF/thirdparty/freertos/freertos-7.3.0/source/portable/memmang/heap_4.o
 .bss.pxEnd     0x200789c8        0x4 src/ASF/thirdparty/freertos/freertos-7.3.0/source/portable/memmang/heap_4.o
 .bss.xStart    0x200789cc        0x8 src/ASF/thirdparty/freertos/freertos-7.3.0/source/portable/memmang/heap_4.o
 .bss.uxMissedTicks
                0x200789d4        0x4 src/ASF/thirdparty/freertos/freertos-7.3.0/source/tasks.o
 .bss.xSuspendedTaskList
                0x200789d8       0x14 src/ASF/thirdparty/freertos/freertos-7.3.0/source/tasks.o
 .bss.pxDelayedTaskList
                0x200789ec        0x4 src/ASF/thirdparty/freertos/freertos-7.3.0/source/tasks.o
 .bss.xSchedulerRunning
                0x200789f0        0x4 src/ASF/thirdparty/freertos/freertos-7.3.0/source/tasks.o
 .bss.uxTasksDeleted
                0x200789f4        0x4 src/ASF/thirdparty/freertos/freertos-7.3.0/source/tasks.o
 .bss.xTasksWaitingTermination
                0x200789f8       0x14 src/ASF/thirdparty/freertos/freertos-7.3.0/source/tasks.o
 .bss.xDelayedTaskList2
                0x20078a0c       0x14 src/ASF/thirdparty/freertos/freertos-7.3.0/source/tasks.o
 .bss.uxTopReadyPriority
                0x20078a20        0x4 src/ASF/thirdparty/freertos/freertos-7.3.0/source/tasks.o
 .bss.pxReadyTasksLists
                0x20078a24       0xc8 src/ASF/thirdparty/freertos/freertos-7.3.0/source/tasks.o
 .bss.uxSchedulerSuspended
                0x20078aec        0x4 src/ASF/thirdparty/freertos/freertos-7.3.0/source/tasks.o
 .bss.pxCurrentTCB
                0x20078af0        0x4 src/ASF/thirdparty/freertos/freertos-7.3.0/source/tasks.o
                0x20078af0                pxCurrentTCB
 .bss.xPendingReadyList
                0x20078af4       0x14 src/ASF/thirdparty/freertos/freertos-7.3.0/source/tasks.o
 .bss.xNumOfOverflows
                0x20078b08        0x4 src/ASF/thirdparty/freertos/freertos-7.3.0/source/tasks.o
 .bss.xTickCount
                0x20078b0c        0x2 src/ASF/thirdparty/freertos/freertos-7.3.0/source/tasks.o
 *fill*         0x20078b0e        0x2 
 .bss.pxOverflowDelayedTaskList
                0x20078b10        0x4 src/ASF/thirdparty/freertos/freertos-7.3.0/source/tasks.o
 .bss.uxTaskNumber
                0x20078b14        0x4 src/ASF/thirdparty/freertos/freertos-7.3.0/source/tasks.o
 .bss.xDelayedTaskList1
                0x20078b18       0x14 src/ASF/thirdparty/freertos/freertos-7.3.0/source/tasks.o
 .bss.xMissedYield
                0x20078b2c        0x4 src/ASF/thirdparty/freertos/freertos-7.3.0/source/tasks.o
 .bss.uxCurrentNumberOfTasks
                0x20078b30        0x4 src/ASF/thirdparty/freertos/freertos-7.3.0/source/tasks.o
 .bss.uxTopUsedPriority
                0x20078b34        0x4 src/ASF/thirdparty/freertos/freertos-7.3.0/source/tasks.o
 .bss.pxCurrentTimerList
                0x20078b38        0x4 src/ASF/thirdparty/freertos/freertos-7.3.0/source/timers.o
 .bss.xActiveTimerList1
                0x20078b3c       0x14 src/ASF/thirdparty/freertos/freertos-7.3.0/source/timers.o
 .bss.xActiveTimerList2
                0x20078b50       0x14 src/ASF/thirdparty/freertos/freertos-7.3.0/source/timers.o
 .bss.xLastTime.4484
                0x20078b64        0x2 src/ASF/thirdparty/freertos/freertos-7.3.0/source/timers.o
 *fill*         0x20078b66        0x2 
 .bss.xTimerQueue
                0x20078b68        0x4 src/ASF/thirdparty/freertos/freertos-7.3.0/source/timers.o
 .bss.pxOverflowTimerList
                0x20078b6c        0x4 src/ASF/thirdparty/freertos/freertos-7.3.0/source/timers.o
 .bss.serial_rx_buf
                0x20078b70       0x9c src/ASF/thirdparty/wireless/addons/sio2host/uart/sio2host.o
 .bss.serial_rx_buf_tail
                0x20078c0c        0x1 src/ASF/thirdparty/wireless/addons/sio2host/uart/sio2host.o
 *fill*         0x20078c0d        0x3 
 .bss.gs_interrupt_sources
                0x20078c10       0x70 src/ASF/sam/drivers/pio/pio_handler.o
 .bss.heap.5098
                0x20078c80        0x4 src/ASF/sam/utils/syscalls/gcc/syscalls.o
 .bss.__malloc_max_total_mem
                0x20078c84        0x4 c:/program files (x86)/atmel/atmel toolchain/arm gcc/native/4.8.1443/arm-gnu-toolchain/bin/../lib/gcc/arm-none-eabi/4.8.4/../../../../arm-none-eabi/lib/armv7-m\libc.a(lib_a-mallocr.o)
                0x20078c84                __malloc_max_total_mem
 .bss.__malloc_max_sbrked_mem
                0x20078c88        0x4 c:/program files (x86)/atmel/atmel toolchain/arm gcc/native/4.8.1443/arm-gnu-toolchain/bin/../lib/gcc/arm-none-eabi/4.8.4/../../../../arm-none-eabi/lib/armv7-m\libc.a(lib_a-mallocr.o)
                0x20078c88                __malloc_max_sbrked_mem
 .bss.__malloc_top_pad
                0x20078c8c        0x4 c:/program files (x86)/atmel/atmel toolchain/arm gcc/native/4.8.1443/arm-gnu-toolchain/bin/../lib/gcc/arm-none-eabi/4.8.4/../../../../arm-none-eabi/lib/armv7-m\libc.a(lib_a-mallocr.o)
                0x20078c8c                __malloc_top_pad
 .bss.__malloc_current_mallinfo
                0x20078c90       0x28 c:/program files (x86)/atmel/atmel toolchain/arm gcc/native/4.8.1443/arm-gnu-toolchain/bin/../lib/gcc/arm-none-eabi/4.8.4/../../../../arm-none-eabi/lib/armv7-m\libc.a(lib_a-mallocr.o)
                0x20078c90                __malloc_current_mallinfo
 *(COMMON)
 COMMON         0x20078cb8       0x18 src/stateMachine.o
                0x20078cb8                SM
                0x20078ccc                instance
 COMMON         0x20078cd0        0x4 src/ASF/common/utils/stdio/read.o
                0x20078cd0                ptr_get
 COMMON         0x20078cd4        0x8 src/ASF/common/utils/stdio/write.o
                0x20078cd4                ptr_put
                0x20078cd8                stdio_base
 COMMON         0x20078cdc        0x4 c:/program files (x86)/atmel/atmel toolchain/arm gcc/native/4.8.1443/arm-gnu-toolchain/bin/../lib/gcc/arm-none-eabi/4.8.4/../../../../arm-none-eabi/lib/armv7-m\libc.a(lib_a-reent.o)
                0x20078cdc                errno
                0x20078ce0                . = ALIGN (0x4)
                0x20078ce0                _ebss = .
                0x20078ce0                _ezero = .

.stack          0x20078ce0     0x2000 load address 0x0008e3a8
                0x20078ce0                . = ALIGN (0x8)
                0x20078ce0                _sstack = .
                0x2007ace0                . = (. + __stack_size__)
 *fill*         0x20078ce0     0x2000 
                0x2007ace0                . = ALIGN (0x8)
                0x2007ace0                _estack = .
                0x2007ace0                . = ALIGN (0x4)
                0x2007ace0                _end = .
OUTPUT(ProjectCodeLockInC.elf elf32-littlearm)

.ARM.attributes
                0x00000000       0x29
 .ARM.attributes
                0x00000000       0x1d c:/program files (x86)/atmel/atmel toolchain/arm gcc/native/4.8.1443/arm-gnu-toolchain/bin/../lib/gcc/arm-none-eabi/4.8.4/armv7-m/crti.o
 .ARM.attributes
                0x0000001d       0x2d c:/program files (x86)/atmel/atmel toolchain/arm gcc/native/4.8.1443/arm-gnu-toolchain/bin/../lib/gcc/arm-none-eabi/4.8.4/armv7-m/crtbegin.o
 .ARM.attributes
                0x0000004a       0x33 src/btnLedSetup.o
 .ARM.attributes
                0x0000007d       0x33 src/ledTask.o
 .ARM.attributes
                0x000000b0       0x33 src/stateMachine.o
 .ARM.attributes
                0x000000e3       0x33 src/ASF/common/services/serial/usart_serial.o
 .ARM.attributes
                0x00000116       0x33 src/ASF/common/utils/stdio/read.o
 .ARM.attributes
                0x00000149       0x33 src/ASF/common/utils/stdio/write.o
 .ARM.attributes
                0x0000017c       0x33 src/ASF/sam/drivers/uart/uart.o
 .ARM.attributes
                0x000001af       0x33 src/ASF/sam/drivers/usart/usart.o
 .ARM.attributes
                0x000001e2       0x33 src/ASF/thirdparty/freertos/freertos-7.3.0/source/list.o
 .ARM.attributes
                0x00000215       0x33 src/ASF/thirdparty/freertos/freertos-7.3.0/source/portable/gcc/sam/port.o
 .ARM.attributes
                0x00000248       0x33 src/ASF/thirdparty/freertos/freertos-7.3.0/source/portable/memmang/heap_4.o
 .ARM.attributes
                0x0000027b       0x33 src/ASF/thirdparty/freertos/freertos-7.3.0/source/queue.o
 .ARM.attributes
                0x000002ae       0x33 src/ASF/thirdparty/freertos/freertos-7.3.0/source/tasks.o
 .ARM.attributes
                0x000002e1       0x33 src/ASF/thirdparty/freertos/freertos-7.3.0/source/timers.o
 .ARM.attributes
                0x00000314       0x33 src/ASF/thirdparty/wireless/addons/sio2host/uart/sio2host.o
 .ARM.attributes
                0x00000347       0x33 src/lockTask.o
 .ARM.attributes
                0x0000037a       0x33 src/consoleFunctions.o
 .ARM.attributes
                0x000003ad       0x33 src/ASF/common/services/clock/sam3x/sysclk.o
 .ARM.attributes
                0x000003e0       0x33 src/ASF/common/utils/interrupt/interrupt_sam_nvic.o
 .ARM.attributes
                0x00000413       0x33 src/ASF/sam/boards/arduino_due_x/init.o
 .ARM.attributes
                0x00000446       0x33 src/ASF/sam/drivers/pio/pio.o
 .ARM.attributes
                0x00000479       0x33 src/ASF/sam/drivers/pio/pio_handler.o
 .ARM.attributes
                0x000004ac       0x33 src/ASF/sam/drivers/pmc/pmc.o
 .ARM.attributes
                0x000004df       0x33 src/ASF/sam/utils/cmsis/sam3x/source/templates/exceptions.o
 .ARM.attributes
                0x00000512       0x33 src/ASF/sam/utils/cmsis/sam3x/source/templates/gcc/startup_sam3x.o
 .ARM.attributes
                0x00000545       0x33 src/ASF/sam/utils/cmsis/sam3x/source/templates/system_sam3x.o
 .ARM.attributes
                0x00000578       0x33 src/ASF/sam/utils/syscalls/gcc/syscalls.o
 .ARM.attributes
                0x000005ab       0x33 src/main.o
 .ARM.attributes
                0x000005de       0x2d c:/program files (x86)/atmel/atmel toolchain/arm gcc/native/4.8.1443/arm-gnu-toolchain/bin/../lib/gcc/arm-none-eabi/4.8.4/../../../../arm-none-eabi/lib/armv7-m\libc.a(lib_a-impure.o)
 .ARM.attributes
                0x0000060b       0x2d c:/program files (x86)/atmel/atmel toolchain/arm gcc/native/4.8.1443/arm-gnu-toolchain/bin/../lib/gcc/arm-none-eabi/4.8.4/../../../../arm-none-eabi/lib/armv7-m\libc.a(lib_a-init.o)
 .ARM.attributes
                0x00000638       0x2d c:/program files (x86)/atmel/atmel toolchain/arm gcc/native/4.8.1443/arm-gnu-toolchain/bin/../lib/gcc/arm-none-eabi/4.8.4/../../../../arm-none-eabi/lib/armv7-m\libc.a(lib_a-iprintf.o)
 .ARM.attributes
                0x00000665       0x1b c:/program files (x86)/atmel/atmel toolchain/arm gcc/native/4.8.1443/arm-gnu-toolchain/bin/../lib/gcc/arm-none-eabi/4.8.4/../../../../arm-none-eabi/lib/armv7-m\libc.a(lib_a-memcpy.o)
 .ARM.attributes
                0x00000680       0x2d c:/program files (x86)/atmel/atmel toolchain/arm gcc/native/4.8.1443/arm-gnu-toolchain/bin/../lib/gcc/arm-none-eabi/4.8.4/../../../../arm-none-eabi/lib/armv7-m\libc.a(lib_a-memset.o)
 .ARM.attributes
                0x000006ad       0x2d c:/program files (x86)/atmel/atmel toolchain/arm gcc/native/4.8.1443/arm-gnu-toolchain/bin/../lib/gcc/arm-none-eabi/4.8.4/../../../../arm-none-eabi/lib/armv7-m\libc.a(lib_a-setbuf.o)
 .ARM.attributes
                0x000006da       0x2d c:/program files (x86)/atmel/atmel toolchain/arm gcc/native/4.8.1443/arm-gnu-toolchain/bin/../lib/gcc/arm-none-eabi/4.8.4/../../../../arm-none-eabi/lib/armv7-m\libc.a(lib_a-setvbuf.o)
 .ARM.attributes
                0x00000707       0x2d c:/program files (x86)/atmel/atmel toolchain/arm gcc/native/4.8.1443/arm-gnu-toolchain/bin/../lib/gcc/arm-none-eabi/4.8.4/../../../../arm-none-eabi/lib/armv7-m\libc.a(lib_a-strlen.o)
 .ARM.attributes
                0x00000734       0x2d c:/program files (x86)/atmel/atmel toolchain/arm gcc/native/4.8.1443/arm-gnu-toolchain/bin/../lib/gcc/arm-none-eabi/4.8.4/../../../../arm-none-eabi/lib/armv7-m\libc.a(lib_a-strncpy.o)
 .ARM.attributes
                0x00000761       0x2d c:/program files (x86)/atmel/atmel toolchain/arm gcc/native/4.8.1443/arm-gnu-toolchain/bin/../lib/gcc/arm-none-eabi/4.8.4/../../../../arm-none-eabi/lib/armv7-m\libc.a(lib_a-vfiprintf.o)
 .ARM.attributes
                0x0000078e       0x2d c:/program files (x86)/atmel/atmel toolchain/arm gcc/native/4.8.1443/arm-gnu-toolchain/bin/../lib/gcc/arm-none-eabi/4.8.4/../../../../arm-none-eabi/lib/armv7-m\libc.a(lib_a-wsetup.o)
 .ARM.attributes
                0x000007bb       0x2d c:/program files (x86)/atmel/atmel toolchain/arm gcc/native/4.8.1443/arm-gnu-toolchain/bin/../lib/gcc/arm-none-eabi/4.8.4/../../../../arm-none-eabi/lib/armv7-m\libc.a(lib_a-__call_atexit.o)
 .ARM.attributes
                0x000007e8       0x2d c:/program files (x86)/atmel/atmel toolchain/arm gcc/native/4.8.1443/arm-gnu-toolchain/bin/../lib/gcc/arm-none-eabi/4.8.4/../../../../arm-none-eabi/lib/armv7-m\libc.a(lib_a-atexit.o)
 .ARM.attributes
                0x00000815       0x2d c:/program files (x86)/atmel/atmel toolchain/arm gcc/native/4.8.1443/arm-gnu-toolchain/bin/../lib/gcc/arm-none-eabi/4.8.4/../../../../arm-none-eabi/lib/armv7-m\libc.a(lib_a-fflush.o)
 .ARM.attributes
                0x00000842       0x2d c:/program files (x86)/atmel/atmel toolchain/arm gcc/native/4.8.1443/arm-gnu-toolchain/bin/../lib/gcc/arm-none-eabi/4.8.4/../../../../arm-none-eabi/lib/armv7-m\libc.a(lib_a-findfp.o)
 .ARM.attributes
                0x0000086f       0x2d c:/program files (x86)/atmel/atmel toolchain/arm gcc/native/4.8.1443/arm-gnu-toolchain/bin/../lib/gcc/arm-none-eabi/4.8.4/../../../../arm-none-eabi/lib/armv7-m\libc.a(lib_a-fini.o)
 .ARM.attributes
                0x0000089c       0x2d c:/program files (x86)/atmel/atmel toolchain/arm gcc/native/4.8.1443/arm-gnu-toolchain/bin/../lib/gcc/arm-none-eabi/4.8.4/../../../../arm-none-eabi/lib/armv7-m\libc.a(lib_a-fputwc.o)
 .ARM.attributes
                0x000008c9       0x2d c:/program files (x86)/atmel/atmel toolchain/arm gcc/native/4.8.1443/arm-gnu-toolchain/bin/../lib/gcc/arm-none-eabi/4.8.4/../../../../arm-none-eabi/lib/armv7-m\libc.a(lib_a-freer.o)
 .ARM.attributes
                0x000008f6       0x2d c:/program files (x86)/atmel/atmel toolchain/arm gcc/native/4.8.1443/arm-gnu-toolchain/bin/../lib/gcc/arm-none-eabi/4.8.4/../../../../arm-none-eabi/lib/armv7-m\libc.a(lib_a-fvwrite.o)
 .ARM.attributes
                0x00000923       0x2d c:/program files (x86)/atmel/atmel toolchain/arm gcc/native/4.8.1443/arm-gnu-toolchain/bin/../lib/gcc/arm-none-eabi/4.8.4/../../../../arm-none-eabi/lib/armv7-m\libc.a(lib_a-fwalk.o)
 .ARM.attributes
                0x00000950       0x2d c:/program files (x86)/atmel/atmel toolchain/arm gcc/native/4.8.1443/arm-gnu-toolchain/bin/../lib/gcc/arm-none-eabi/4.8.4/../../../../arm-none-eabi/lib/armv7-m\libc.a(lib_a-locale.o)
 .ARM.attributes
                0x0000097d       0x2d c:/program files (x86)/atmel/atmel toolchain/arm gcc/native/4.8.1443/arm-gnu-toolchain/bin/../lib/gcc/arm-none-eabi/4.8.4/../../../../arm-none-eabi/lib/armv7-m\libc.a(lib_a-makebuf.o)
 .ARM.attributes
                0x000009aa       0x2d c:/program files (x86)/atmel/atmel toolchain/arm gcc/native/4.8.1443/arm-gnu-toolchain/bin/../lib/gcc/arm-none-eabi/4.8.4/../../../../arm-none-eabi/lib/armv7-m\libc.a(lib_a-malloc.o)
 .ARM.attributes
                0x000009d7       0x2d c:/program files (x86)/atmel/atmel toolchain/arm gcc/native/4.8.1443/arm-gnu-toolchain/bin/../lib/gcc/arm-none-eabi/4.8.4/../../../../arm-none-eabi/lib/armv7-m\libc.a(lib_a-mallocr.o)
 .ARM.attributes
                0x00000a04       0x2d c:/program files (x86)/atmel/atmel toolchain/arm gcc/native/4.8.1443/arm-gnu-toolchain/bin/../lib/gcc/arm-none-eabi/4.8.4/../../../../arm-none-eabi/lib/armv7-m\libc.a(lib_a-memchr-stub.o)
 .ARM.attributes
                0x00000a31       0x2d c:/program files (x86)/atmel/atmel toolchain/arm gcc/native/4.8.1443/arm-gnu-toolchain/bin/../lib/gcc/arm-none-eabi/4.8.4/../../../../arm-none-eabi/lib/armv7-m\libc.a(lib_a-memmove.o)
 .ARM.attributes
                0x00000a5e       0x2d c:/program files (x86)/atmel/atmel toolchain/arm gcc/native/4.8.1443/arm-gnu-toolchain/bin/../lib/gcc/arm-none-eabi/4.8.4/../../../../arm-none-eabi/lib/armv7-m\libc.a(lib_a-mlock.o)
 .ARM.attributes
                0x00000a8b       0x2d c:/program files (x86)/atmel/atmel toolchain/arm gcc/native/4.8.1443/arm-gnu-toolchain/bin/../lib/gcc/arm-none-eabi/4.8.4/../../../../arm-none-eabi/lib/armv7-m\libc.a(lib_a-reallocr.o)
 .ARM.attributes
                0x00000ab8       0x2d c:/program files (x86)/atmel/atmel toolchain/arm gcc/native/4.8.1443/arm-gnu-toolchain/bin/../lib/gcc/arm-none-eabi/4.8.4/../../../../arm-none-eabi/lib/armv7-m\libc.a(lib_a-sbrkr.o)
 .ARM.attributes
                0x00000ae5       0x2d c:/program files (x86)/atmel/atmel toolchain/arm gcc/native/4.8.1443/arm-gnu-toolchain/bin/../lib/gcc/arm-none-eabi/4.8.4/../../../../arm-none-eabi/lib/armv7-m\libc.a(lib_a-stdio.o)
 .ARM.attributes
                0x00000b12       0x2d c:/program files (x86)/atmel/atmel toolchain/arm gcc/native/4.8.1443/arm-gnu-toolchain/bin/../lib/gcc/arm-none-eabi/4.8.4/../../../../arm-none-eabi/lib/armv7-m\libc.a(lib_a-wbuf.o)
 .ARM.attributes
                0x00000b3f       0x2d c:/program files (x86)/atmel/atmel toolchain/arm gcc/native/4.8.1443/arm-gnu-toolchain/bin/../lib/gcc/arm-none-eabi/4.8.4/../../../../arm-none-eabi/lib/armv7-m\libc.a(lib_a-wcrtomb.o)
 .ARM.attributes
                0x00000b6c       0x2d c:/program files (x86)/atmel/atmel toolchain/arm gcc/native/4.8.1443/arm-gnu-toolchain/bin/../lib/gcc/arm-none-eabi/4.8.4/../../../../arm-none-eabi/lib/armv7-m\libc.a(lib_a-wctomb_r.o)
 .ARM.attributes
                0x00000b99       0x2d c:/program files (x86)/atmel/atmel toolchain/arm gcc/native/4.8.1443/arm-gnu-toolchain/bin/../lib/gcc/arm-none-eabi/4.8.4/../../../../arm-none-eabi/lib/armv7-m\libc.a(lib_a-writer.o)
 .ARM.attributes
                0x00000bc6       0x2d c:/program files (x86)/atmel/atmel toolchain/arm gcc/native/4.8.1443/arm-gnu-toolchain/bin/../lib/gcc/arm-none-eabi/4.8.4/../../../../arm-none-eabi/lib/armv7-m\libc.a(lib_a-__atexit.o)
 .ARM.attributes
                0x00000bf3       0x2d c:/program files (x86)/atmel/atmel toolchain/arm gcc/native/4.8.1443/arm-gnu-toolchain/bin/../lib/gcc/arm-none-eabi/4.8.4/../../../../arm-none-eabi/lib/armv7-m\libc.a(lib_a-closer.o)
 .ARM.attributes
                0x00000c20       0x2d c:/program files (x86)/atmel/atmel toolchain/arm gcc/native/4.8.1443/arm-gnu-toolchain/bin/../lib/gcc/arm-none-eabi/4.8.4/../../../../arm-none-eabi/lib/armv7-m\libc.a(lib_a-fclose.o)
 .ARM.attributes
                0x00000c4d       0x2d c:/program files (x86)/atmel/atmel toolchain/arm gcc/native/4.8.1443/arm-gnu-toolchain/bin/../lib/gcc/arm-none-eabi/4.8.4/../../../../arm-none-eabi/lib/armv7-m\libc.a(lib_a-fstatr.o)
 .ARM.attributes
                0x00000c7a       0x2d c:/program files (x86)/atmel/atmel toolchain/arm gcc/native/4.8.1443/arm-gnu-toolchain/bin/../lib/gcc/arm-none-eabi/4.8.4/../../../../arm-none-eabi/lib/armv7-m\libc.a(lib_a-isattyr.o)
 .ARM.attributes
                0x00000ca7       0x2d c:/program files (x86)/atmel/atmel toolchain/arm gcc/native/4.8.1443/arm-gnu-toolchain/bin/../lib/gcc/arm-none-eabi/4.8.4/../../../../arm-none-eabi/lib/armv7-m\libc.a(lib_a-lseekr.o)
 .ARM.attributes
                0x00000cd4       0x2d c:/program files (x86)/atmel/atmel toolchain/arm gcc/native/4.8.1443/arm-gnu-toolchain/bin/../lib/gcc/arm-none-eabi/4.8.4/../../../../arm-none-eabi/lib/armv7-m\libc.a(lib_a-readr.o)
 .ARM.attributes
                0x00000d01       0x2d c:/program files (x86)/atmel/atmel toolchain/arm gcc/native/4.8.1443/arm-gnu-toolchain/bin/../lib/gcc/arm-none-eabi/4.8.4/../../../../arm-none-eabi/lib/armv7-m\libc.a(lib_a-reent.o)
 .ARM.attributes
                0x00000d2e       0x1d c:/program files (x86)/atmel/atmel toolchain/arm gcc/native/4.8.1443/arm-gnu-toolchain/bin/../lib/gcc/arm-none-eabi/4.8.4/armv7-m\libgcc.a(_aeabi_uldivmod.o)
 .ARM.attributes
                0x00000d4b       0x2d c:/program files (x86)/atmel/atmel toolchain/arm gcc/native/4.8.1443/arm-gnu-toolchain/bin/../lib/gcc/arm-none-eabi/4.8.4/armv7-m\libgcc.a(bpabi.o)
 .ARM.attributes
                0x00000d78       0x1d c:/program files (x86)/atmel/atmel toolchain/arm gcc/native/4.8.1443/arm-gnu-toolchain/bin/../lib/gcc/arm-none-eabi/4.8.4/armv7-m\libgcc.a(_dvmd_tls.o)
 .ARM.attributes
                0x00000d95       0x2d c:/program files (x86)/atmel/atmel toolchain/arm gcc/native/4.8.1443/arm-gnu-toolchain/bin/../lib/gcc/arm-none-eabi/4.8.4/armv7-m\libgcc.a(_divdi3.o)
 .ARM.attributes
                0x00000dc2       0x2d c:/program files (x86)/atmel/atmel toolchain/arm gcc/native/4.8.1443/arm-gnu-toolchain/bin/../lib/gcc/arm-none-eabi/4.8.4/armv7-m\libgcc.a(_udivdi3.o)
 .ARM.attributes
                0x00000def       0x1d c:/program files (x86)/atmel/atmel toolchain/arm gcc/native/4.8.1443/arm-gnu-toolchain/bin/../lib/gcc/arm-none-eabi/4.8.4/armv7-m/crtn.o

.comment        0x00000000       0x5b
 .comment       0x00000000       0x5b src/btnLedSetup.o
                                 0x5c (size before relaxing)
 .comment       0x00000000       0x5c src/ledTask.o
 .comment       0x00000000       0x5c src/stateMachine.o
 .comment       0x00000000       0x5c src/ASF/common/services/serial/usart_serial.o
 .comment       0x00000000       0x5c src/ASF/common/utils/stdio/read.o
 .comment       0x00000000       0x5c src/ASF/common/utils/stdio/write.o
 .comment       0x00000000       0x5c src/ASF/sam/drivers/uart/uart.o
 .comment       0x00000000       0x5c src/ASF/sam/drivers/usart/usart.o
 .comment       0x00000000       0x5c src/ASF/thirdparty/freertos/freertos-7.3.0/source/list.o
 .comment       0x00000000       0x5c src/ASF/thirdparty/freertos/freertos-7.3.0/source/portable/gcc/sam/port.o
 .comment       0x00000000       0x5c src/ASF/thirdparty/freertos/freertos-7.3.0/source/portable/memmang/heap_4.o
 .comment       0x00000000       0x5c src/ASF/thirdparty/freertos/freertos-7.3.0/source/queue.o
 .comment       0x00000000       0x5c src/ASF/thirdparty/freertos/freertos-7.3.0/source/tasks.o
 .comment       0x00000000       0x5c src/ASF/thirdparty/freertos/freertos-7.3.0/source/timers.o
 .comment       0x00000000       0x5c src/ASF/thirdparty/wireless/addons/sio2host/uart/sio2host.o
 .comment       0x00000000       0x5c src/lockTask.o
 .comment       0x00000000       0x5c src/consoleFunctions.o
 .comment       0x00000000       0x5c src/ASF/common/services/clock/sam3x/sysclk.o
 .comment       0x00000000       0x5c src/ASF/common/utils/interrupt/interrupt_sam_nvic.o
 .comment       0x00000000       0x5c src/ASF/sam/boards/arduino_due_x/init.o
 .comment       0x00000000       0x5c src/ASF/sam/drivers/pio/pio.o
 .comment       0x00000000       0x5c src/ASF/sam/drivers/pio/pio_handler.o
 .comment       0x00000000       0x5c src/ASF/sam/drivers/pmc/pmc.o
 .comment       0x00000000       0x5c src/ASF/sam/utils/cmsis/sam3x/source/templates/exceptions.o
 .comment       0x00000000       0x5c src/ASF/sam/utils/cmsis/sam3x/source/templates/gcc/startup_sam3x.o
 .comment       0x00000000       0x5c src/ASF/sam/utils/cmsis/sam3x/source/templates/system_sam3x.o
 .comment       0x00000000       0x5c src/ASF/sam/utils/syscalls/gcc/syscalls.o
 .comment       0x00000000       0x5c src/main.o

.debug_info     0x00000000    0x1266b
 .debug_info    0x00000000     0x126d src/btnLedSetup.o
 .debug_info    0x0000126d      0xac1 src/ledTask.o
 .debug_info    0x00001d2e      0x250 src/stateMachine.o
 .debug_info    0x00001f7e      0x7c5 src/ASF/common/services/serial/usart_serial.o
 .debug_info    0x00002743      0x1bb src/ASF/common/utils/stdio/read.o
 .debug_info    0x000028fe      0x1c0 src/ASF/common/utils/stdio/write.o
 .debug_info    0x00002abe      0x889 src/ASF/sam/drivers/uart/uart.o
 .debug_info    0x00003347     0x1bfa src/ASF/sam/drivers/usart/usart.o
 .debug_info    0x00004f41      0x2b7 src/ASF/thirdparty/freertos/freertos-7.3.0/source/list.o
 .debug_info    0x000051f8      0x3a0 src/ASF/thirdparty/freertos/freertos-7.3.0/source/portable/gcc/sam/port.o
 .debug_info    0x00005598      0x38d src/ASF/thirdparty/freertos/freertos-7.3.0/source/portable/memmang/heap_4.o
 .debug_info    0x00005925      0xea7 src/ASF/thirdparty/freertos/freertos-7.3.0/source/queue.o
 .debug_info    0x000067cc     0x178e src/ASF/thirdparty/freertos/freertos-7.3.0/source/tasks.o
 .debug_info    0x00007f5a      0xb44 src/ASF/thirdparty/freertos/freertos-7.3.0/source/timers.o
 .debug_info    0x00008a9e     0x187d src/ASF/thirdparty/wireless/addons/sio2host/uart/sio2host.o
 .debug_info    0x0000a31b     0x1428 src/lockTask.o
 .debug_info    0x0000b743     0x129e src/consoleFunctions.o
 .debug_info    0x0000c9e1      0x796 src/ASF/common/services/clock/sam3x/sysclk.o
 .debug_info    0x0000d177      0x1e8 src/ASF/common/utils/interrupt/interrupt_sam_nvic.o
 .debug_info    0x0000d35f      0x75c src/ASF/sam/boards/arduino_due_x/init.o
 .debug_info    0x0000dabb     0x1385 src/ASF/sam/drivers/pio/pio.o
 .debug_info    0x0000ee40      0xe52 src/ASF/sam/drivers/pio/pio_handler.o
 .debug_info    0x0000fc92     0x1080 src/ASF/sam/drivers/pmc/pmc.o
 .debug_info    0x00010d12      0x124 src/ASF/sam/utils/cmsis/sam3x/source/templates/exceptions.o
 .debug_info    0x00010e36      0x3bd src/ASF/sam/utils/cmsis/sam3x/source/templates/gcc/startup_sam3x.o
 .debug_info    0x000111f3      0x4c6 src/ASF/sam/utils/cmsis/sam3x/source/templates/system_sam3x.o
 .debug_info    0x000116b9      0x43f src/ASF/sam/utils/syscalls/gcc/syscalls.o
 .debug_info    0x00011af8      0xb73 src/main.o

.debug_abbrev   0x00000000     0x36d8
 .debug_abbrev  0x00000000      0x29d src/btnLedSetup.o
 .debug_abbrev  0x0000029d      0x1e9 src/ledTask.o
 .debug_abbrev  0x00000486       0xec src/stateMachine.o
 .debug_abbrev  0x00000572      0x1a8 src/ASF/common/services/serial/usart_serial.o
 .debug_abbrev  0x0000071a      0x101 src/ASF/common/utils/stdio/read.o
 .debug_abbrev  0x0000081b       0xf5 src/ASF/common/utils/stdio/write.o
 .debug_abbrev  0x00000910      0x1bd src/ASF/sam/drivers/uart/uart.o
 .debug_abbrev  0x00000acd      0x325 src/ASF/sam/drivers/usart/usart.o
 .debug_abbrev  0x00000df2       0xfb src/ASF/thirdparty/freertos/freertos-7.3.0/source/list.o
 .debug_abbrev  0x00000eed      0x246 src/ASF/thirdparty/freertos/freertos-7.3.0/source/portable/gcc/sam/port.o
 .debug_abbrev  0x00001133      0x220 src/ASF/thirdparty/freertos/freertos-7.3.0/source/portable/memmang/heap_4.o
 .debug_abbrev  0x00001353      0x231 src/ASF/thirdparty/freertos/freertos-7.3.0/source/queue.o
 .debug_abbrev  0x00001584      0x2e0 src/ASF/thirdparty/freertos/freertos-7.3.0/source/tasks.o
 .debug_abbrev  0x00001864      0x261 src/ASF/thirdparty/freertos/freertos-7.3.0/source/timers.o
 .debug_abbrev  0x00001ac5      0x3da src/ASF/thirdparty/wireless/addons/sio2host/uart/sio2host.o
 .debug_abbrev  0x00001e9f      0x306 src/lockTask.o
 .debug_abbrev  0x000021a5      0x341 src/consoleFunctions.o
 .debug_abbrev  0x000024e6      0x227 src/ASF/common/services/clock/sam3x/sysclk.o
 .debug_abbrev  0x0000270d       0xef src/ASF/common/utils/interrupt/interrupt_sam_nvic.o
 .debug_abbrev  0x000027fc      0x16f src/ASF/sam/boards/arduino_due_x/init.o
 .debug_abbrev  0x0000296b      0x2d5 src/ASF/sam/drivers/pio/pio.o
 .debug_abbrev  0x00002c40      0x257 src/ASF/sam/drivers/pio/pio_handler.o
 .debug_abbrev  0x00002e97      0x268 src/ASF/sam/drivers/pmc/pmc.o
 .debug_abbrev  0x000030ff       0x8c src/ASF/sam/utils/cmsis/sam3x/source/templates/exceptions.o
 .debug_abbrev  0x0000318b      0x118 src/ASF/sam/utils/cmsis/sam3x/source/templates/gcc/startup_sam3x.o
 .debug_abbrev  0x000032a3      0x115 src/ASF/sam/utils/cmsis/sam3x/source/templates/system_sam3x.o
 .debug_abbrev  0x000033b8      0x14e src/ASF/sam/utils/syscalls/gcc/syscalls.o
 .debug_abbrev  0x00003506      0x1d2 src/main.o

.debug_loc      0x00000000     0x78d2
 .debug_loc     0x00000000       0x20 src/btnLedSetup.o
 .debug_loc     0x00000020       0x4d src/ledTask.o
 .debug_loc     0x0000006d       0x7c src/stateMachine.o
 .debug_loc     0x000000e9      0x2d1 src/ASF/common/services/serial/usart_serial.o
 .debug_loc     0x000003ba       0xc5 src/ASF/common/utils/stdio/read.o
 .debug_loc     0x0000047f      0x161 src/ASF/common/utils/stdio/write.o
 .debug_loc     0x000005e0      0x236 src/ASF/sam/drivers/uart/uart.o
 .debug_loc     0x00000816     0x128d src/ASF/sam/drivers/usart/usart.o
 .debug_loc     0x00001aa3       0x91 src/ASF/thirdparty/freertos/freertos-7.3.0/source/list.o
 .debug_loc     0x00001b34      0x100 src/ASF/thirdparty/freertos/freertos-7.3.0/source/portable/gcc/sam/port.o
 .debug_loc     0x00001c34      0x371 src/ASF/thirdparty/freertos/freertos-7.3.0/source/portable/memmang/heap_4.o
 .debug_loc     0x00001fa5     0x10da src/ASF/thirdparty/freertos/freertos-7.3.0/source/queue.o
 .debug_loc     0x0000307f     0x1545 src/ASF/thirdparty/freertos/freertos-7.3.0/source/tasks.o
 .debug_loc     0x000045c4      0x9a4 src/ASF/thirdparty/freertos/freertos-7.3.0/source/timers.o
 .debug_loc     0x00004f68      0x4b5 src/ASF/thirdparty/wireless/addons/sio2host/uart/sio2host.o
 .debug_loc     0x0000541d      0x295 src/lockTask.o
 .debug_loc     0x000056b2      0x28b src/consoleFunctions.o
 .debug_loc     0x0000593d      0x12d src/ASF/common/services/clock/sam3x/sysclk.o
 .debug_loc     0x00005a6a       0x1e src/ASF/common/utils/interrupt/interrupt_sam_nvic.o
 .debug_loc     0x00005a88       0x20 src/ASF/sam/boards/arduino_due_x/init.o
 .debug_loc     0x00005aa8      0xa83 src/ASF/sam/drivers/pio/pio.o
 .debug_loc     0x0000652b      0x53d src/ASF/sam/drivers/pio/pio_handler.o
 .debug_loc     0x00006a68      0xc95 src/ASF/sam/drivers/pmc/pmc.o
 .debug_loc     0x000076fd       0x7e src/ASF/sam/utils/cmsis/sam3x/source/templates/gcc/startup_sam3x.o
 .debug_loc     0x0000777b      0x12b src/ASF/sam/utils/syscalls/gcc/syscalls.o
 .debug_loc     0x000078a6       0x2c src/main.o

.debug_aranges  0x00000000      0xd98
 .debug_aranges
                0x00000000       0x20 src/btnLedSetup.o
 .debug_aranges
                0x00000020       0x20 src/ledTask.o
 .debug_aranges
                0x00000040       0x40 src/stateMachine.o
 .debug_aranges
                0x00000080       0x28 src/ASF/common/services/serial/usart_serial.o
 .debug_aranges
                0x000000a8       0x20 src/ASF/common/utils/stdio/read.o
 .debug_aranges
                0x000000c8       0x20 src/ASF/common/utils/stdio/write.o
 .debug_aranges
                0x000000e8       0xe8 src/ASF/sam/drivers/uart/uart.o
 .debug_aranges
                0x000001d0      0x2a8 src/ASF/sam/drivers/usart/usart.o
 .debug_aranges
                0x00000478       0x40 src/ASF/thirdparty/freertos/freertos-7.3.0/source/list.o
 .debug_aranges
                0x000004b8       0x80 src/ASF/thirdparty/freertos/freertos-7.3.0/source/portable/gcc/sam/port.o
 .debug_aranges
                0x00000538       0x40 src/ASF/thirdparty/freertos/freertos-7.3.0/source/portable/memmang/heap_4.o
 .debug_aranges
                0x00000578       0xc8 src/ASF/thirdparty/freertos/freertos-7.3.0/source/queue.o
 .debug_aranges
                0x00000640      0x130 src/ASF/thirdparty/freertos/freertos-7.3.0/source/tasks.o
 .debug_aranges
                0x00000770       0x60 src/ASF/thirdparty/freertos/freertos-7.3.0/source/timers.o
 .debug_aranges
                0x000007d0       0x60 src/ASF/thirdparty/wireless/addons/sio2host/uart/sio2host.o
 .debug_aranges
                0x00000830       0x20 src/lockTask.o
 .debug_aranges
                0x00000850       0x30 src/consoleFunctions.o
 .debug_aranges
                0x00000880       0x40 src/ASF/common/services/clock/sam3x/sysclk.o
 .debug_aranges
                0x000008c0       0x28 src/ASF/common/utils/interrupt/interrupt_sam_nvic.o
 .debug_aranges
                0x000008e8       0x20 src/ASF/sam/boards/arduino_due_x/init.o
 .debug_aranges
                0x00000908      0x148 src/ASF/sam/drivers/pio/pio.o
 .debug_aranges
                0x00000a50       0x58 src/ASF/sam/drivers/pio/pio_handler.o
 .debug_aranges
                0x00000aa8      0x200 src/ASF/sam/drivers/pmc/pmc.o
 .debug_aranges
                0x00000ca8       0x20 src/ASF/sam/utils/cmsis/sam3x/source/templates/exceptions.o
 .debug_aranges
                0x00000cc8       0x20 src/ASF/sam/utils/cmsis/sam3x/source/templates/gcc/startup_sam3x.o
 .debug_aranges
                0x00000ce8       0x30 src/ASF/sam/utils/cmsis/sam3x/source/templates/system_sam3x.o
 .debug_aranges
                0x00000d18       0x60 src/ASF/sam/utils/syscalls/gcc/syscalls.o
 .debug_aranges
                0x00000d78       0x20 src/main.o

.debug_ranges   0x00000000      0xcc0
 .debug_ranges  0x00000000       0x10 src/btnLedSetup.o
 .debug_ranges  0x00000010       0x10 src/ledTask.o
 .debug_ranges  0x00000020       0x30 src/stateMachine.o
 .debug_ranges  0x00000050       0x30 src/ASF/common/services/serial/usart_serial.o
 .debug_ranges  0x00000080       0x10 src/ASF/common/utils/stdio/read.o
 .debug_ranges  0x00000090       0x10 src/ASF/common/utils/stdio/write.o
 .debug_ranges  0x000000a0       0xd8 src/ASF/sam/drivers/uart/uart.o
 .debug_ranges  0x00000178      0x298 src/ASF/sam/drivers/usart/usart.o
 .debug_ranges  0x00000410       0x30 src/ASF/thirdparty/freertos/freertos-7.3.0/source/list.o
 .debug_ranges  0x00000440       0x70 src/ASF/thirdparty/freertos/freertos-7.3.0/source/portable/gcc/sam/port.o
 .debug_ranges  0x000004b0       0x30 src/ASF/thirdparty/freertos/freertos-7.3.0/source/portable/memmang/heap_4.o
 .debug_ranges  0x000004e0       0xb8 src/ASF/thirdparty/freertos/freertos-7.3.0/source/queue.o
 .debug_ranges  0x00000598      0x168 src/ASF/thirdparty/freertos/freertos-7.3.0/source/tasks.o
 .debug_ranges  0x00000700       0xa8 src/ASF/thirdparty/freertos/freertos-7.3.0/source/timers.o
 .debug_ranges  0x000007a8       0x50 src/ASF/thirdparty/wireless/addons/sio2host/uart/sio2host.o
 .debug_ranges  0x000007f8       0x40 src/lockTask.o
 .debug_ranges  0x00000838       0x20 src/consoleFunctions.o
 .debug_ranges  0x00000858       0x30 src/ASF/common/services/clock/sam3x/sysclk.o
 .debug_ranges  0x00000888       0x18 src/ASF/common/utils/interrupt/interrupt_sam_nvic.o
 .debug_ranges  0x000008a0       0x10 src/ASF/sam/boards/arduino_due_x/init.o
 .debug_ranges  0x000008b0      0x138 src/ASF/sam/drivers/pio/pio.o
 .debug_ranges  0x000009e8       0x48 src/ASF/sam/drivers/pio/pio_handler.o
 .debug_ranges  0x00000a30      0x1f0 src/ASF/sam/drivers/pmc/pmc.o
 .debug_ranges  0x00000c20       0x10 src/ASF/sam/utils/cmsis/sam3x/source/templates/exceptions.o
 .debug_ranges  0x00000c30       0x10 src/ASF/sam/utils/cmsis/sam3x/source/templates/gcc/startup_sam3x.o
 .debug_ranges  0x00000c40       0x20 src/ASF/sam/utils/cmsis/sam3x/source/templates/system_sam3x.o
 .debug_ranges  0x00000c60       0x50 src/ASF/sam/utils/syscalls/gcc/syscalls.o
 .debug_ranges  0x00000cb0       0x10 src/main.o

.debug_macro    0x00000000    0x1afbc
 .debug_macro   0x00000000      0x6c3 src/btnLedSetup.o
 .debug_macro   0x000006c3      0x87a src/btnLedSetup.o
 .debug_macro   0x00000f3d       0x16 src/btnLedSetup.o
 .debug_macro   0x00000f53       0x4a src/btnLedSetup.o
 .debug_macro   0x00000f9d      0x209 src/btnLedSetup.o
 .debug_macro   0x000011a6       0x82 src/btnLedSetup.o
 .debug_macro   0x00001228      0x452 src/btnLedSetup.o
 .debug_macro   0x0000167a       0xf6 src/btnLedSetup.o
 .debug_macro   0x00001770      0x5db src/btnLedSetup.o
 .debug_macro   0x00001d4b       0x76 src/btnLedSetup.o
 .debug_macro   0x00001dc1       0x16 src/btnLedSetup.o
 .debug_macro   0x00001dd7      0x6e4 src/btnLedSetup.o
 .debug_macro   0x000024bb       0x26 src/btnLedSetup.o
 .debug_macro   0x000024e1       0x3a src/btnLedSetup.o
 .debug_macro   0x0000251b       0x2d src/btnLedSetup.o
 .debug_macro   0x00002548      0xbb1 src/btnLedSetup.o
 .debug_macro   0x000030f9      0xab6 src/btnLedSetup.o
 .debug_macro   0x00003baf      0x569 src/btnLedSetup.o
 .debug_macro   0x00004118      0x2b5 src/btnLedSetup.o
 .debug_macro   0x000043cd      0x31a src/btnLedSetup.o
 .debug_macro   0x000046e7      0x74f src/btnLedSetup.o
 .debug_macro   0x00004e36       0x82 src/btnLedSetup.o
 .debug_macro   0x00004eb8      0x57b src/btnLedSetup.o
 .debug_macro   0x00005433       0x1c src/btnLedSetup.o
 .debug_macro   0x0000544f      0x6b7 src/btnLedSetup.o
 .debug_macro   0x00005b06      0x52d src/btnLedSetup.o
 .debug_macro   0x00006033       0xbe src/btnLedSetup.o
 .debug_macro   0x000060f1     0x2342 src/btnLedSetup.o
 .debug_macro   0x00008433      0x85d src/btnLedSetup.o
 .debug_macro   0x00008c90      0xdc9 src/btnLedSetup.o
 .debug_macro   0x00009a59       0x7c src/btnLedSetup.o
 .debug_macro   0x00009ad5      0x263 src/btnLedSetup.o
 .debug_macro   0x00009d38       0x58 src/btnLedSetup.o
 .debug_macro   0x00009d90      0x9a7 src/btnLedSetup.o
 .debug_macro   0x0000a737      0x248 src/btnLedSetup.o
 .debug_macro   0x0000a97f      0x4df src/btnLedSetup.o
 .debug_macro   0x0000ae5e      0x6b3 src/btnLedSetup.o
 .debug_macro   0x0000b511      0x59f src/btnLedSetup.o
 .debug_macro   0x0000bab0       0x46 src/btnLedSetup.o
 .debug_macro   0x0000baf6      0x34d src/btnLedSetup.o
 .debug_macro   0x0000be43      0x28c src/btnLedSetup.o
 .debug_macro   0x0000c0cf     0x14d7 src/btnLedSetup.o
 .debug_macro   0x0000d5a6      0x7ba src/btnLedSetup.o
 .debug_macro   0x0000dd60       0x76 src/btnLedSetup.o
 .debug_macro   0x0000ddd6       0x82 src/btnLedSetup.o
 .debug_macro   0x0000de58       0x76 src/btnLedSetup.o
 .debug_macro   0x0000dece       0x4c src/btnLedSetup.o
 .debug_macro   0x0000df1a      0x105 src/btnLedSetup.o
 .debug_macro   0x0000e01f      0x105 src/btnLedSetup.o
 .debug_macro   0x0000e124      0x105 src/btnLedSetup.o
 .debug_macro   0x0000e229       0x88 src/btnLedSetup.o
 .debug_macro   0x0000e2b1       0x88 src/btnLedSetup.o
 .debug_macro   0x0000e339      0x3b4 src/btnLedSetup.o
 .debug_macro   0x0000e6ed       0xb8 src/btnLedSetup.o
 .debug_macro   0x0000e7a5       0xb8 src/btnLedSetup.o
 .debug_macro   0x0000e85d       0xb8 src/btnLedSetup.o
 .debug_macro   0x0000e915       0xb8 src/btnLedSetup.o
 .debug_macro   0x0000e9cd      0x2b8 src/btnLedSetup.o
 .debug_macro   0x0000ec85      0x125 src/btnLedSetup.o
 .debug_macro   0x0000edaa      0x225 src/btnLedSetup.o
 .debug_macro   0x0000efcf      0x225 src/btnLedSetup.o
 .debug_macro   0x0000f1f4       0x2e src/btnLedSetup.o
 .debug_macro   0x0000f222       0xac src/btnLedSetup.o
 .debug_macro   0x0000f2ce      0x14d src/btnLedSetup.o
 .debug_macro   0x0000f41b       0x7c src/btnLedSetup.o
 .debug_macro   0x0000f497      0x205 src/btnLedSetup.o
 .debug_macro   0x0000f69c       0x64 src/btnLedSetup.o
 .debug_macro   0x0000f700       0xa6 src/btnLedSetup.o
 .debug_macro   0x0000f7a6       0x7c src/btnLedSetup.o
 .debug_macro   0x0000f822       0x16 src/btnLedSetup.o
 .debug_macro   0x0000f838       0x22 src/btnLedSetup.o
 .debug_macro   0x0000f85a       0x22 src/btnLedSetup.o
 .debug_macro   0x0000f87c      0x115 src/btnLedSetup.o
 .debug_macro   0x0000f991      0x115 src/btnLedSetup.o
 .debug_macro   0x0000faa6      0x115 src/btnLedSetup.o
 .debug_macro   0x0000fbbb      0x115 src/btnLedSetup.o
 .debug_macro   0x0000fcd0       0x1c src/btnLedSetup.o
 .debug_macro   0x0000fcec       0x2e src/btnLedSetup.o
 .debug_macro   0x0000fd1a       0x22 src/btnLedSetup.o
 .debug_macro   0x0000fd3c       0x1c src/btnLedSetup.o
 .debug_macro   0x0000fd58       0x58 src/btnLedSetup.o
 .debug_macro   0x0000fdb0       0x10 src/btnLedSetup.o
 .debug_macro   0x0000fdc0      0x273 src/btnLedSetup.o
 .debug_macro   0x00010033      0xd43 src/btnLedSetup.o
 .debug_macro   0x00010d76      0x131 src/btnLedSetup.o
 .debug_macro   0x00010ea7       0x58 src/btnLedSetup.o
 .debug_macro   0x00010eff       0x35 src/btnLedSetup.o
 .debug_macro   0x00010f34       0xa3 src/btnLedSetup.o
 .debug_macro   0x00010fd7       0x16 src/btnLedSetup.o
 .debug_macro   0x00010fed       0x35 src/btnLedSetup.o
 .debug_macro   0x00011022       0x10 src/btnLedSetup.o
 .debug_macro   0x00011032       0x52 src/btnLedSetup.o
 .debug_macro   0x00011084       0x16 src/btnLedSetup.o
 .debug_macro   0x0001109a       0x43 src/btnLedSetup.o
 .debug_macro   0x000110dd      0x180 src/btnLedSetup.o
 .debug_macro   0x0001125d       0x10 src/btnLedSetup.o
 .debug_macro   0x0001126d       0x22 src/btnLedSetup.o
 .debug_macro   0x0001128f       0xbd src/btnLedSetup.o
 .debug_macro   0x0001134c       0x16 src/btnLedSetup.o
 .debug_macro   0x00011362      0x16c src/btnLedSetup.o
 .debug_macro   0x000114ce       0x22 src/btnLedSetup.o
 .debug_macro   0x000114f0       0x16 src/btnLedSetup.o
 .debug_macro   0x00011506       0x16 src/btnLedSetup.o
 .debug_macro   0x0001151c       0x29 src/btnLedSetup.o
 .debug_macro   0x00011545       0x6e src/btnLedSetup.o
 .debug_macro   0x000115b3       0x45 src/btnLedSetup.o
 .debug_macro   0x000115f8      0x3ca src/btnLedSetup.o
 .debug_macro   0x000119c2       0x46 src/btnLedSetup.o
 .debug_macro   0x00011a08      0x100 src/btnLedSetup.o
 .debug_macro   0x00011b08       0x99 src/btnLedSetup.o
 .debug_macro   0x00011ba1       0x12 src/btnLedSetup.o
 .debug_macro   0x00011bb3       0x1f src/btnLedSetup.o
 .debug_macro   0x00011bd2      0x1e7 src/btnLedSetup.o
 .debug_macro   0x00011db9       0x10 src/btnLedSetup.o
 .debug_macro   0x00011dc9       0x16 src/btnLedSetup.o
 .debug_macro   0x00011ddf       0x5e src/btnLedSetup.o
 .debug_macro   0x00011e3d       0x43 src/btnLedSetup.o
 .debug_macro   0x00011e80       0x96 src/btnLedSetup.o
 .debug_macro   0x00011f16       0x77 src/btnLedSetup.o
 .debug_macro   0x00011f8d       0x5d src/btnLedSetup.o
 .debug_macro   0x00011fea       0x5b src/btnLedSetup.o
 .debug_macro   0x00012045       0x94 src/btnLedSetup.o
 .debug_macro   0x000120d9       0x40 src/btnLedSetup.o
 .debug_macro   0x00012119      0x272 src/btnLedSetup.o
 .debug_macro   0x0001238b      0x790 src/btnLedSetup.o
 .debug_macro   0x00012b1b       0x34 src/btnLedSetup.o
 .debug_macro   0x00012b4f       0x5e src/btnLedSetup.o
 .debug_macro   0x00012bad       0x64 src/btnLedSetup.o
 .debug_macro   0x00012c11       0x5f src/btnLedSetup.o
 .debug_macro   0x00012c70       0x90 src/btnLedSetup.o
 .debug_macro   0x00012d00       0x6a src/btnLedSetup.o
 .debug_macro   0x00012d6a       0x34 src/btnLedSetup.o
 .debug_macro   0x00012d9e       0x1c src/btnLedSetup.o
 .debug_macro   0x00012dba       0x2e src/btnLedSetup.o
 .debug_macro   0x00012de8       0x1c src/btnLedSetup.o
 .debug_macro   0x00012e04       0x40 src/btnLedSetup.o
 .debug_macro   0x00012e44      0x6a6 src/ledTask.o
 .debug_macro   0x000134ea       0x1c src/ledTask.o
 .debug_macro   0x00013506      0x166 src/ledTask.o
 .debug_macro   0x0001366c       0x44 src/ledTask.o
 .debug_macro   0x000136b0       0x20 src/ledTask.o
 .debug_macro   0x000136d0       0x23 src/stateMachine.o
 .debug_macro   0x000136f3       0x16 src/stateMachine.o
 .debug_macro   0x00013709       0x16 src/stateMachine.o
 .debug_macro   0x0001371f      0x55c src/ASF/common/services/serial/usart_serial.o
 .debug_macro   0x00013c7b      0x4a9 src/ASF/common/utils/stdio/read.o
 .debug_macro   0x00014124      0x4a9 src/ASF/common/utils/stdio/write.o
 .debug_macro   0x000145cd      0x4b8 src/ASF/sam/drivers/uart/uart.o
 .debug_macro   0x00014a85       0x16 src/ASF/sam/drivers/uart/uart.o
 .debug_macro   0x00014a9b      0x4f4 src/ASF/sam/drivers/usart/usart.o
 .debug_macro   0x00014f8f       0x28 src/ASF/sam/drivers/usart/usart.o
 .debug_macro   0x00014fb7      0x13f src/ASF/thirdparty/freertos/freertos-7.3.0/source/list.o
 .debug_macro   0x000150f6      0x10e src/ASF/thirdparty/freertos/freertos-7.3.0/source/list.o
 .debug_macro   0x00015204       0x7f src/ASF/thirdparty/freertos/freertos-7.3.0/source/list.o