Archive member included because of file (symbol)

c:/program files (x86)/atmel/atmel toolchain/arm gcc/native/4.8.1443/arm-gnu-toolchain/bin/../lib/gcc/arm-none-eabi/4.8.4/../../../../arm-none-eabi/lib/armv7-m\libc.a(lib_a-exit.o)
                              c:/program files (x86)/atmel/atmel toolchain/arm gcc/native/4.8.1443/arm-gnu-toolchain/bin/../lib/gcc/arm-none-eabi/4.8.4/../../../../arm-none-eabi/lib/armv7-m/crt0.o (exit)
c:/program files (x86)/atmel/atmel toolchain/arm gcc/native/4.8.1443/arm-gnu-toolchain/bin/../lib/gcc/arm-none-eabi/4.8.4/../../../../arm-none-eabi/lib/armv7-m\libc.a(lib_a-impure.o)
                              c:/program files (x86)/atmel/atmel toolchain/arm gcc/native/4.8.1443/arm-gnu-toolchain/bin/../lib/gcc/arm-none-eabi/4.8.4/../../../../arm-none-eabi/lib/armv7-m\libc.a(lib_a-exit.o) (_global_impure_ptr)
c:/program files (x86)/atmel/atmel toolchain/arm gcc/native/4.8.1443/arm-gnu-toolchain/bin/../lib/gcc/arm-none-eabi/4.8.4/../../../../arm-none-eabi/lib/armv7-m\libc.a(lib_a-init.o)
                              c:/program files (x86)/atmel/atmel toolchain/arm gcc/native/4.8.1443/arm-gnu-toolchain/bin/../lib/gcc/arm-none-eabi/4.8.4/../../../../arm-none-eabi/lib/armv7-m/crt0.o (__libc_init_array)
c:/program files (x86)/atmel/atmel toolchain/arm gcc/native/4.8.1443/arm-gnu-toolchain/bin/../lib/gcc/arm-none-eabi/4.8.4/../../../../arm-none-eabi/lib/armv7-m\libc.a(lib_a-iprintf.o)
                              src/ASF/sam/drivers/adc/adc.o (iprintf)
c:/program files (x86)/atmel/atmel toolchain/arm gcc/native/4.8.1443/arm-gnu-toolchain/bin/../lib/gcc/arm-none-eabi/4.8.4/../../../../arm-none-eabi/lib/armv7-m\libc.a(lib_a-memset.o)
                              c:/program files (x86)/atmel/atmel toolchain/arm gcc/native/4.8.1443/arm-gnu-toolchain/bin/../lib/gcc/arm-none-eabi/4.8.4/../../../../arm-none-eabi/lib/armv7-m/crt0.o (memset)
c:/program files (x86)/atmel/atmel toolchain/arm gcc/native/4.8.1443/arm-gnu-toolchain/bin/../lib/gcc/arm-none-eabi/4.8.4/../../../../arm-none-eabi/lib/armv7-m\libc.a(lib_a-puts.o)
                              src/ASF/sam/drivers/adc/adc.o (puts)
c:/program files (x86)/atmel/atmel toolchain/arm gcc/native/4.8.1443/arm-gnu-toolchain/bin/../lib/gcc/arm-none-eabi/4.8.4/../../../../arm-none-eabi/lib/armv7-m\libc.a(lib_a-sprintf.o)
                              src/matlab_coms/matlab_functions.o (sprintf)
c:/program files (x86)/atmel/atmel toolchain/arm gcc/native/4.8.1443/arm-gnu-toolchain/bin/../lib/gcc/arm-none-eabi/4.8.4/../../../../arm-none-eabi/lib/armv7-m\libc.a(lib_a-strlen.o)
                              c:/program files (x86)/atmel/atmel toolchain/arm gcc/native/4.8.1443/arm-gnu-toolchain/bin/../lib/gcc/arm-none-eabi/4.8.4/../../../../arm-none-eabi/lib/armv7-m\libc.a(lib_a-puts.o) (strlen)
c:/program files (x86)/atmel/atmel toolchain/arm gcc/native/4.8.1443/arm-gnu-toolchain/bin/../lib/gcc/arm-none-eabi/4.8.4/../../../../arm-none-eabi/lib/armv7-m\libc.a(lib_a-svfprintf.o)
                              c:/program files (x86)/atmel/atmel toolchain/arm gcc/native/4.8.1443/arm-gnu-toolchain/bin/../lib/gcc/arm-none-eabi/4.8.4/../../../../arm-none-eabi/lib/armv7-m\libc.a(lib_a-sprintf.o) (_svfprintf_r)
c:/program files (x86)/atmel/atmel toolchain/arm gcc/native/4.8.1443/arm-gnu-toolchain/bin/../lib/gcc/arm-none-eabi/4.8.4/../../../../arm-none-eabi/lib/armv7-m\libc.a(lib_a-vfiprintf.o)
                              c:/program files (x86)/atmel/atmel toolchain/arm gcc/native/4.8.1443/arm-gnu-toolchain/bin/../lib/gcc/arm-none-eabi/4.8.4/../../../../arm-none-eabi/lib/armv7-m\libc.a(lib_a-iprintf.o) (_vfiprintf_r)
c:/program files (x86)/atmel/atmel toolchain/arm gcc/native/4.8.1443/arm-gnu-toolchain/bin/../lib/gcc/arm-none-eabi/4.8.4/../../../../arm-none-eabi/lib/armv7-m\libc.a(lib_a-wsetup.o)
                              c:/program files (x86)/atmel/atmel toolchain/arm gcc/native/4.8.1443/arm-gnu-toolchain/bin/../lib/gcc/arm-none-eabi/4.8.4/../../../../arm-none-eabi/lib/armv7-m\libc.a(lib_a-vfiprintf.o) (__swsetup_r)
c:/program files (x86)/atmel/atmel toolchain/arm gcc/native/4.8.1443/arm-gnu-toolchain/bin/../lib/gcc/arm-none-eabi/4.8.4/../../../../arm-none-eabi/lib/armv7-m\libc.a(lib_a-__call_atexit.o)
                              c:/program files (x86)/atmel/atmel toolchain/arm gcc/native/4.8.1443/arm-gnu-toolchain/bin/../lib/gcc/arm-none-eabi/4.8.4/../../../../arm-none-eabi/lib/armv7-m\libc.a(lib_a-exit.o) (__call_exitprocs)
c:/program files (x86)/atmel/atmel toolchain/arm gcc/native/4.8.1443/arm-gnu-toolchain/bin/../lib/gcc/arm-none-eabi/4.8.4/../../../../arm-none-eabi/lib/armv7-m\libc.a(lib_a-atexit.o)
                              c:/program files (x86)/atmel/atmel toolchain/arm gcc/native/4.8.1443/arm-gnu-toolchain/bin/../lib/gcc/arm-none-eabi/4.8.4/../../../../arm-none-eabi/lib/armv7-m\libc.a(lib_a-__call_atexit.o) (atexit)
[...]
Memory Configuration

Name             Origin             Length             Attributes
rom              0x00080000         0x00080000         xr
sram0            0x20000000         0x00010000         xrw
sram1            0x20080000         0x00008000         xrw
ram              0x20070000         0x00018000         xrw
*default*        0x00000000         0xffffffff

Linker script and memory map

LOAD c:/program files (x86)/atmel/atmel toolchain/arm gcc/native/4.8.1443/arm-gnu-toolchain/bin/../lib/gcc/arm-none-eabi/4.8.4/armv7-m/crti.o
LOAD c:/program files (x86)/atmel/atmel toolchain/arm gcc/native/4.8.1443/arm-gnu-toolchain/bin/../lib/gcc/arm-none-eabi/4.8.4/armv7-m/crtbegin.o
LOAD c:/program files (x86)/atmel/atmel toolchain/arm gcc/native/4.8.1443/arm-gnu-toolchain/bin/../lib/gcc/arm-none-eabi/4.8.4/../../../../arm-none-eabi/lib/armv7-m/crt0.o
LOAD src/ASF/sam/drivers/adc/adc.o
LOAD src/common/pin_mapper.o
LOAD src/io_control/analog_output.o
LOAD src/io_control/io_uart.o
LOAD src/matlab_coms/matlab_functions.o
LOAD src/matlab_coms/matlab_state.o
LOAD src/ASF/sam/drivers/adc/adc_sam3u.o
LOAD src/ASF/common/services/delay/sam/cycle_counter.o
LOAD src/ASF/sam/drivers/dacc/dacc.o
LOAD src/ASF/sam/drivers/pwm/pwm.o
LOAD src/io_control/adc.o
LOAD src/ASF/common/services/clock/sam3x/sysclk.o
LOAD src/ASF/common/utils/interrupt/interrupt_sam_nvic.o
LOAD src/ASF/sam/boards/arduino_due_x/init.o
LOAD src/ASF/sam/drivers/pio/pio.o
LOAD src/ASF/sam/drivers/pio/pio_handler.o
LOAD src/ASF/sam/drivers/pmc/pmc.o
LOAD src/ASF/sam/drivers/pmc/sleep.o
LOAD src/ASF/sam/utils/cmsis/sam3x/source/templates/exceptions.o
LOAD src/ASF/sam/utils/cmsis/sam3x/source/templates/gcc/startup_sam3x.o
LOAD src/ASF/sam/utils/cmsis/sam3x/source/templates/system_sam3x.o
LOAD src/ASF/sam/utils/syscalls/gcc/syscalls.o
LOAD src/main.o
START GROUP
LOAD ../src/ASF/thirdparty/CMSIS/Lib/GCC\libarm_cortexM3l_math.a
LOAD c:/program files (x86)/atmel/atmel toolchain/arm gcc/native/4.8.1443/arm-gnu-toolchain/bin/../lib/gcc/arm-none-eabi/4.8.4/../../../../arm-none-eabi/lib/armv7-m\libm.a
END GROUP
START GROUP
LOAD c:/program files (x86)/atmel/atmel toolchain/arm gcc/native/4.8.1443/arm-gnu-toolchain/bin/../lib/gcc/arm-none-eabi/4.8.4/armv7-m\libgcc.a
LOAD c:/program files (x86)/atmel/atmel toolchain/arm gcc/native/4.8.1443/arm-gnu-toolchain/bin/../lib/gcc/arm-none-eabi/4.8.4/../../../../arm-none-eabi/lib/armv7-m\libc.a
END GROUP
LOAD c:/program files (x86)/atmel/atmel toolchain/arm gcc/native/4.8.1443/arm-gnu-toolchain/bin/../lib/gcc/arm-none-eabi/4.8.4/armv7-m/crtend.o
LOAD c:/program files (x86)/atmel/atmel toolchain/arm gcc/native/4.8.1443/arm-gnu-toolchain/bin/../lib/gcc/arm-none-eabi/4.8.4/armv7-m/crtn.o
                0x00002000                __stack_size__ = DEFINED (__stack_size__)?__stack_size__:0x2000
                0x20087ffc                __ram_end__ = ((ORIGIN (ram) + 0x18000) - 0x4)

.text           0x00080000     0x5bc8
                0x00080000                . = ALIGN (0x4)
                0x00080000                _sfixed = .
 *(.vectors .vectors.*)
 .vectors       0x00080000       0xf4 src/ASF/sam/utils/cmsis/sam3x/source/templates/gcc/startup_sam3x.o
                0x00080000                exception_table
 *(.text .text.* .gnu.linkonce.t.*)
 .text          0x000800f4       0x54 c:/program files (x86)/atmel/atmel toolchain/arm gcc/native/4.8.1443/arm-gnu-toolchain/bin/../lib/gcc/arm-none-eabi/4.8.4/armv7-m/crtbegin.o
 .text.adc_init
                0x00080148       0x34 src/ASF/sam/drivers/adc/adc.o
                0x00080148                adc_init
 .text.adc_set_resolution
                0x0008017c       0x10 src/ASF/sam/drivers/adc/adc.o
                0x0008017c                adc_set_resolution
 .text.adc_configure_trigger
                0x0008018c       0x10 src/ASF/sam/drivers/adc/adc.o
                0x0008018c                adc_configure_trigger
 .text.adc_configure_timing
                0x0008019c       0x20 src/ASF/sam/drivers/adc/adc.o
                0x0008019c                adc_configure_timing
 .text.adc_start
                0x000801bc        0x8 src/ASF/sam/drivers/adc/adc.o
                0x000801bc                adc_start
 .text.adc_enable_channel
                0x000801c4        0xc src/ASF/sam/drivers/adc/adc.o
                0x000801c4                adc_enable_channel
 .text.adc_enable_all_channel
                0x000801d0        0x8 src/ASF/sam/drivers/adc/adc.o
                0x000801d0                adc_enable_all_channel
 .text.pin_mapper
                0x000801d8        0xc src/common/pin_mapper.o
                0x000801d8                pin_mapper
 .text.pwm_set_duty
                0x000801e4       0x1c src/io_control/analog_output.o
                0x000801e4                pwm_set_duty
 .text.pwm_setup
                0x00080200       0x94 src/io_control/analog_output.o
                0x00080200                pwm_setup
 .text.uart_config
                0x00080294       0x40 src/io_control/io_uart.o
                0x00080294                uart_config
 .text.uart_transmitter_ready
                0x000802d4       0x10 src/io_control/io_uart.o
                0x000802d4                uart_transmitter_ready
 .text.uart_receiver_ready
                0x000802e4       0x10 src/io_control/io_uart.o
                0x000802e4                uart_receiver_ready
 .text.uart_send_char
                0x000802f4        0xc src/io_control/io_uart.o
                0x000802f4                uart_send_char
 .text.uart_receive_char
                0x00080300        0xc src/io_control/io_uart.o
                0x00080300                uart_receive_char
 .text.io_pin_dir
                0x0008030c       0x48 src/matlab_coms/matlab_functions.o
                0x0008030c                io_pin_dir
 .text.io_pin_level
                0x00080354       0x38 src/matlab_coms/matlab_functions.o
                0x00080354                io_pin_level
 .text.io_pin_status
                0x0008038c       0x30 src/matlab_coms/matlab_functions.o
                0x0008038c                io_pin_status
 .text.io_pwm_duty
                0x000803bc        0xc src/matlab_coms/matlab_functions.o
                0x000803bc                io_pwm_duty
 .text.io_adc_value
                0x000803c8        0xc src/matlab_coms/matlab_functions.o
                0x000803c8                io_adc_value
 .text.send_char_term
                0x000803d4       0x2c src/matlab_coms/matlab_functions.o
                0x000803d4                send_char_term
 .text.send_char_no_term
                0x00080400       0x1c src/matlab_coms/matlab_functions.o
                0x00080400                send_char_no_term
 .text.read_char
                0x0008041c       0x1c src/matlab_coms/matlab_functions.o
                0x0008041c                read_char
 .text.read_when_ready
                0x00080438       0x18 src/matlab_coms/matlab_functions.o
                0x00080438                read_when_ready
 .text.send_number
                0x00080450       0x3c src/matlab_coms/matlab_functions.o
                0x00080450                send_number
 .text.start_coms
                0x0008048c       0xcc src/matlab_coms/matlab_state.o
                0x0008048c                start_coms
 .text.pwm_clocks_generate
                0x00080558       0x58 src/ASF/sam/drivers/pwm/pwm.o
 .text.pwm_init
                0x000805b0       0x40 src/ASF/sam/drivers/pwm/pwm.o
                0x000805b0                pwm_init
 .text.pwm_channel_init
                0x000805f0      0x104 src/ASF/sam/drivers/pwm/pwm.o
                0x000805f0                pwm_channel_init
 .text.pwm_channel_update_duty
                0x000806f4       0x24 src/ASF/sam/drivers/pwm/pwm.o
                0x000806f4                pwm_channel_update_duty
 .text.pwm_channel_enable
                0x00080718        0xc src/ASF/sam/drivers/pwm/pwm.o
                0x00080718                pwm_channel_enable
 .text.pwm_channel_disable
                0x00080724        0xc src/ASF/sam/drivers/pwm/pwm.o
                0x00080724                pwm_channel_disable
 .text.init_adc
                0x00080730       0x7c src/io_control/adc.o
                0x00080730                init_adc
 .text.read_adc_value
                0x000807ac       0x20 src/io_control/adc.o
                0x000807ac                read_adc_value
 .text.sysclk_init
                0x000807cc       0x64 src/ASF/common/services/clock/sam3x/sysclk.o
                0x000807cc                sysclk_init
 .text.board_init
                0x00080830       0x80 src/ASF/sam/boards/arduino_due_x/init.o
                0x00080830                board_init
 .text.pio_set_peripheral
                0x000808b0       0x40 src/ASF/sam/drivers/pio/pio.o
                0x000808b0                pio_set_peripheral
 .text.pio_set_input
                0x000808f0       0x34 src/ASF/sam/drivers/pio/pio.o
                0x000808f0                pio_set_input
 .text.pio_set_output
                0x00080924       0x28 src/ASF/sam/drivers/pio/pio.o
                0x00080924                pio_set_output
 .text.pio_get_interrupt_status
                0x0008094c        0x4 src/ASF/sam/drivers/pio/pio.o
                0x0008094c                pio_get_interrupt_status
 .text.pio_get_interrupt_mask
                0x00080950        0x4 src/ASF/sam/drivers/pio/pio.o
                0x00080950                pio_get_interrupt_mask
 .text.pio_configure_pin
                0x00080954       0xd4 src/ASF/sam/drivers/pio/pio.o
                0x00080954                pio_configure_pin
 .text.pio_configure_pin_group
                0x00080a28       0xa0 src/ASF/sam/drivers/pio/pio.o
                0x00080a28                pio_configure_pin_group
 .text.pio_handler_process
                0x00080ac8       0x58 src/ASF/sam/drivers/pio/pio_handler.o
                0x00080ac8                pio_handler_process
 .text.PIOA_Handler
                0x00080b20       0x14 src/ASF/sam/drivers/pio/pio_handler.o
                0x00080b20                PIOA_Handler
 .text.PIOB_Handler
                0x00080b34       0x14 src/ASF/sam/drivers/pio/pio_handler.o
                0x00080b34                PIOB_Handler
 .text.PIOC_Handler
                0x00080b48       0x14 src/ASF/sam/drivers/pio/pio_handler.o
                0x00080b48                PIOC_Handler
 .text.PIOD_Handler
                0x00080b5c       0x14 src/ASF/sam/drivers/pio/pio_handler.o
                0x00080b5c                PIOD_Handler
 .text.pmc_switch_mck_to_pllack
                0x00080b70       0x64 src/ASF/sam/drivers/pmc/pmc.o
                0x00080b70                pmc_switch_mck_to_pllack
 .text.pmc_switch_mainck_to_xtal
                0x00080bd4       0x54 src/ASF/sam/drivers/pmc/pmc.o
                0x00080bd4                pmc_switch_mainck_to_xtal
 .text.pmc_osc_is_ready_mainck
                0x00080c28       0x10 src/ASF/sam/drivers/pmc/pmc.o
                0x00080c28                pmc_osc_is_ready_mainck
 .text.pmc_disable_pllack
                0x00080c38       0x10 src/ASF/sam/drivers/pmc/pmc.o
                0x00080c38                pmc_disable_pllack
 .text.pmc_is_locked_pllack
                0x00080c48       0x10 src/ASF/sam/drivers/pmc/pmc.o
                0x00080c48                pmc_is_locked_pllack
 .text.pmc_enable_periph_clk
                0x00080c58       0x58 src/ASF/sam/drivers/pmc/pmc.o
                0x00080c58                pmc_enable_periph_clk
 .text.Dummy_Handler
                0x00080cb0        0x4 src/ASF/sam/utils/cmsis/sam3x/source/templates/exceptions.o
                0x00080cb0                DACC_Handler
                0x00080cb0                DebugMon_Handler
                0x00080cb0                DMAC_Handler
                0x00080cb0                TRNG_Handler
                0x00080cb0                HardFault_Handler
                0x00080cb0                TC2_Handler
                0x00080cb0                SysTick_Handler
                0x00080cb0                USART3_Handler
                0x00080cb0                TWI1_Handler
                0x00080cb0                PendSV_Handler
                0x00080cb0                NMI_Handler
                0x00080cb0                TC7_Handler
                0x00080cb0                ADC_Handler
                0x00080cb0                SMC_Handler
                0x00080cb0                USART0_Handler
                0x00080cb0                RTT_Handler
                0x00080cb0                EFC1_Handler
                0x00080cb0                RTC_Handler
                0x00080cb0                UsageFault_Handler
                0x00080cb0                TC6_Handler
                0x00080cb0                WDT_Handler
                0x00080cb0                CAN0_Handler
                0x00080cb0                TC4_Handler
                0x00080cb0                TC1_Handler
                0x00080cb0                HSMCI_Handler
                0x00080cb0                TC3_Handler
                0x00080cb0                Dummy_Handler
                0x00080cb0                TWI0_Handler
                0x00080cb0                USART1_Handler
                0x00080cb0                SSC_Handler
                0x00080cb0                EFC0_Handler
                0x00080cb0                PMC_Handler
                0x00080cb0                PWM_Handler
                0x00080cb0                CAN1_Handler
                0x00080cb0                MemManage_Handler
                0x00080cb0                SUPC_Handler
                0x00080cb0                SVC_Handler
                0x00080cb0                TC8_Handler
                0x00080cb0                USART2_Handler
                0x00080cb0                EMAC_Handler
                0x00080cb0                UART_Handler
                0x00080cb0                BusFault_Handler
                0x00080cb0                RSTC_Handler
                0x00080cb0                TC0_Handler
                0x00080cb0                TC5_Handler
                0x00080cb0                UOTGHS_Handler
                0x00080cb0                SPI0_Handler
 .text.Reset_Handler
                0x00080cb4       0xb0 src/ASF/sam/utils/cmsis/sam3x/source/templates/gcc/startup_sam3x.o
                0x00080cb4                Reset_Handler
 .text.SystemCoreClockUpdate
                0x00080d64      0x11c src/ASF/sam/utils/cmsis/sam3x/source/templates/system_sam3x.o
                0x00080d64                SystemCoreClockUpdate
 .text._sbrk    0x00080e80       0x34 src/ASF/sam/utils/syscalls/gcc/syscalls.o
                0x00080e80                _sbrk
 .text.main     0x00080eb4       0x3c src/main.o
                0x00080eb4                main
 .text.__libc_init_array
                0x00080ef0       0x50 c:/program files (x86)/atmel/atmel toolchain/arm gcc/native/4.8.1443/arm-gnu-toolchain/bin/../lib/gcc/arm-none-eabi/4.8.4/../../../../arm-none-eabi/lib/armv7-m\libc.a(lib_a-init.o)
                0x00080ef0                __libc_init_array
 .text.memset   0x00080f40       0x94 c:/program files (x86)/atmel/atmel toolchain/arm gcc/native/4.8.1443/arm-gnu-toolchain/bin/../lib/gcc/arm-none-eabi/4.8.4/../../../../arm-none-eabi/lib/armv7-m\libc.a(lib_a-memset.o)
                0x00080f40                memset
 .text.sprintf  0x00080fd4       0x4c c:/program files (x86)/atmel/atmel toolchain/arm gcc/native/4.8.1443/arm-gnu-toolchain/bin/../lib/gcc/arm-none-eabi/4.8.4/../../../../arm-none-eabi/lib/armv7-m\libc.a(lib_a-sprintf.o)
                0x00080fd4                sprintf
 .text.strlen   0x00081020       0x60 c:/program files (x86)/atmel/atmel toolchain/arm gcc/native/4.8.1443/arm-gnu-toolchain/bin/../lib/gcc/arm-none-eabi/4.8.4/../../../../arm-none-eabi/lib/armv7-m\libc.a(lib_a-strlen.o)
                0x00081020                strlen
 .text._svfprintf_r
                0x00081080     0x14e0 c:/program files (x86)/atmel/atmel toolchain/arm gcc/native/4.8.1443/arm-gnu-toolchain/bin/../lib/gcc/arm-none-eabi/4.8.4/../../../../arm-none-eabi/lib/armv7-m\libc.a(lib_a-svfprintf.o)
                0x00081080                _svfprintf_r
 .text.startup.register_fini
                0x00082560       0x14 c:/program files (x86)/atmel/atmel toolchain/arm gcc/native/4.8.1443/arm-gnu-toolchain/bin/../lib/gcc/arm-none-eabi/4.8.4/../../../../arm-none-eabi/lib/armv7-m\libc.a(lib_a-__call_atexit.o)
 .text.atexit   0x00082574        0xc c:/program files (x86)/atmel/atmel toolchain/arm gcc/native/4.8.1443/arm-gnu-toolchain/bin/../lib/gcc/arm-none-eabi/4.8.4/../../../../arm-none-eabi/lib/armv7-m\libc.a(lib_a-atexit.o)
                0x00082574                atexit
 .text.quorem   0x00082580      0x134 c:/program files (x86)/atmel/atmel toolchain/arm gcc/native/4.8.1443/arm-gnu-toolchain/bin/../lib/gcc/arm-none-eabi/4.8.4/../../../../arm-none-eabi/lib/armv7-m\libc.a(lib_a-dtoa.o)
 *fill*         0x000826b4        0x4 
 .text._dtoa_r  0x000826b8      0xe38 c:/program files (x86)/atmel/atmel toolchain/arm gcc/native/4.8.1443/arm-gnu-toolchain/bin/../lib/gcc/arm-none-eabi/4.8.4/../../../../arm-none-eabi/lib/armv7-m\libc.a(lib_a-dtoa.o)
                0x000826b8                _dtoa_r
 .text.__libc_fini_array
                0x000834f0       0x30 c:/program files (x86)/atmel/atmel toolchain/arm gcc/native/4.8.1443/arm-gnu-toolchain/bin/../lib/gcc/arm-none-eabi/4.8.4/../../../../arm-none-eabi/lib/armv7-m\libc.a(lib_a-fini.o)
                0x000834f0                __libc_fini_array
 .text._malloc_trim_r
                0x00083520       0x9c c:/program files (x86)/atmel/atmel toolchain/arm gcc/native/4.8.1443/arm-gnu-toolchain/bin/../lib/gcc/arm-none-eabi/4.8.4/../../../../arm-none-eabi/lib/armv7-m\libc.a(lib_a-freer.o)
                0x00083520                _malloc_trim_r
 .text._free_r  0x000835bc      0x198 c:/program files (x86)/atmel/atmel toolchain/arm gcc/native/4.8.1443/arm-gnu-toolchain/bin/../lib/gcc/arm-none-eabi/4.8.4/../../../../arm-none-eabi/lib/armv7-m\libc.a(lib_a-freer.o)
                0x000835bc                _free_r
 .text._localeconv_r
                0x00083754        0x8 c:/program files (x86)/atmel/atmel toolchain/arm gcc/native/4.8.1443/arm-gnu-toolchain/bin/../lib/gcc/arm-none-eabi/4.8.4/../../../../arm-none-eabi/lib/armv7-m\libc.a(lib_a-locale.o)
                0x00083754                _localeconv_r
 .text._malloc_r
                0x0008375c      0x538 c:/program files (x86)/atmel/atmel toolchain/arm gcc/native/4.8.1443/arm-gnu-toolchain/bin/../lib/gcc/arm-none-eabi/4.8.4/../../../../arm-none-eabi/lib/armv7-m\libc.a(lib_a-mallocr.o)
                0x0008375c                _malloc_r
 .text.memchr   0x00083c94       0x94 c:/program files (x86)/atmel/atmel toolchain/arm gcc/native/4.8.1443/arm-gnu-toolchain/bin/../lib/gcc/arm-none-eabi/4.8.4/../../../../arm-none-eabi/lib/armv7-m\libc.a(lib_a-memchr-stub.o)
                0x00083c94                memchr
 .text          0x00083d28       0xec c:/program files (x86)/atmel/atmel toolchain/arm gcc/native/4.8.1443/arm-gnu-toolchain/bin/../lib/gcc/arm-none-eabi/4.8.4/../../../../arm-none-eabi/lib/armv7-m\libc.a(lib_a-memcpy.o)
                0x00083d28                memcpy
 .text.memmove  0x00083e14       0xcc c:/program files (x86)/atmel/atmel toolchain/arm gcc/native/4.8.1443/arm-gnu-toolchain/bin/../lib/gcc/arm-none-eabi/4.8.4/../../../../arm-none-eabi/lib/armv7-m\libc.a(lib_a-memmove.o)
                0x00083e14                memmove
 .text.__malloc_lock
                0x00083ee0        0x4 c:/program files (x86)/atmel/atmel toolchain/arm gcc/native/4.8.1443/arm-gnu-toolchain/bin/../lib/gcc/arm-none-eabi/4.8.4/../../../../arm-none-eabi/lib/armv7-m\libc.a(lib_a-mlock.o)
                0x00083ee0                __malloc_lock
 .text.__malloc_unlock
                0x00083ee4        0x4 c:/program files (x86)/atmel/atmel toolchain/arm gcc/native/4.8.1443/arm-gnu-toolchain/bin/../lib/gcc/arm-none-eabi/4.8.4/../../../../arm-none-eabi/lib/armv7-m\libc.a(lib_a-mlock.o)
                0x00083ee4                __malloc_unlock
 .text._Balloc  0x00083ee8       0x4c c:/program files (x86)/atmel/atmel toolchain/arm gcc/native/4.8.1443/arm-gnu-toolchain/bin/../lib/gcc/arm-none-eabi/4.8.4/../../../../arm-none-eabi/lib/armv7-m\libc.a(lib_a-mprec.o)
                0x00083ee8                _Balloc
 .text._Bfree   0x00083f34       0x14 c:/program files (x86)/atmel/atmel toolchain/arm gcc/native/4.8.1443/arm-gnu-toolchain/bin/../lib/gcc/arm-none-eabi/4.8.4/../../../../arm-none-eabi/lib/armv7-m\libc.a(lib_a-mprec.o)
                0x00083f34                _Bfree
 .text.__multadd
                0x00083f48       0x94 c:/program files (x86)/atmel/atmel toolchain/arm gcc/native/4.8.1443/arm-gnu-toolchain/bin/../lib/gcc/arm-none-eabi/4.8.4/../../../../arm-none-eabi/lib/armv7-m\libc.a(lib_a-mprec.o)
                0x00083f48                __multadd
 .text.__hi0bits
                0x00083fdc       0x40 c:/program files (x86)/atmel/atmel toolchain/arm gcc/native/4.8.1443/arm-gnu-toolchain/bin/../lib/gcc/arm-none-eabi/4.8.4/../../../../arm-none-eabi/lib/armv7-m\libc.a(lib_a-mprec.o)
                0x00083fdc                __hi0bits
 .text.__lo0bits
                0x0008401c       0x5c c:/program files (x86)/atmel/atmel toolchain/arm gcc/native/4.8.1443/arm-gnu-toolchain/bin/../lib/gcc/arm-none-eabi/4.8.4/../../../../arm-none-eabi/lib/armv7-m\libc.a(lib_a-mprec.o)
                0x0008401c                __lo0bits
 .text.__i2b    0x00084078       0x14 c:/program files (x86)/atmel/atmel toolchain/arm gcc/native/4.8.1443/arm-gnu-toolchain/bin/../lib/gcc/arm-none-eabi/4.8.4/../../../../arm-none-eabi/lib/armv7-m\libc.a(lib_a-mprec.o)
                0x00084078                __i2b
 .text.__multiply
                0x0008408c      0x13c c:/program files (x86)/atmel/atmel toolchain/arm gcc/native/4.8.1443/arm-gnu-toolchain/bin/../lib/gcc/arm-none-eabi/4.8.4/../../../../arm-none-eabi/lib/armv7-m\libc.a(lib_a-mprec.o)
                0x0008408c                __multiply
 .text.__pow5mult
                0x000841c8       0x9c c:/program files (x86)/atmel/atmel toolchain/arm gcc/native/4.8.1443/arm-gnu-toolchain/bin/../lib/gcc/arm-none-eabi/4.8.4/../../../../arm-none-eabi/lib/armv7-m\libc.a(lib_a-mprec.o)
                0x000841c8                __pow5mult
 .text.__lshift
                0x00084264       0xbc c:/program files (x86)/atmel/atmel toolchain/arm gcc/native/4.8.1443/arm-gnu-toolchain/bin/../lib/gcc/arm-none-eabi/4.8.4/../../../../arm-none-eabi/lib/armv7-m\libc.a(lib_a-mprec.o)
                0x00084264                __lshift
 .text.__mcmp   0x00084320       0x48 c:/program files (x86)/atmel/atmel toolchain/arm gcc/native/4.8.1443/arm-gnu-toolchain/bin/../lib/gcc/arm-none-eabi/4.8.4/../../../../arm-none-eabi/lib/armv7-m\libc.a(lib_a-mprec.o)
                0x00084320                __mcmp
 .text.__mdiff  0x00084368       0xd8 c:/program files (x86)/atmel/atmel toolchain/arm gcc/native/4.8.1443/arm-gnu-toolchain/bin/../lib/gcc/arm-none-eabi/4.8.4/../../../../arm-none-eabi/lib/armv7-m\libc.a(lib_a-mprec.o)
                0x00084368                __mdiff
 .text.__d2b    0x00084440       0xbc c:/program files (x86)/atmel/atmel toolchain/arm gcc/native/4.8.1443/arm-gnu-toolchain/bin/../lib/gcc/arm-none-eabi/4.8.4/../../../../arm-none-eabi/lib/armv7-m\libc.a(lib_a-mprec.o)
                0x00084440                __d2b
 .text._realloc_r
                0x000844fc      0x3c0 c:/program files (x86)/atmel/atmel toolchain/arm gcc/native/4.8.1443/arm-gnu-toolchain/bin/../lib/gcc/arm-none-eabi/4.8.4/../../../../arm-none-eabi/lib/armv7-m\libc.a(lib_a-reallocr.o)
                0x000844fc                _realloc_r
 .text.__fpclassifyd
                0x000848bc       0x50 c:/program files (x86)/atmel/atmel toolchain/arm gcc/native/4.8.1443/arm-gnu-toolchain/bin/../lib/gcc/arm-none-eabi/4.8.4/../../../../arm-none-eabi/lib/armv7-m\libc.a(lib_a-s_fpclassify.o)
                0x000848bc                __fpclassifyd
 .text._sbrk_r  0x0008490c       0x24 c:/program files (x86)/atmel/atmel toolchain/arm gcc/native/4.8.1443/arm-gnu-toolchain/bin/../lib/gcc/arm-none-eabi/4.8.4/../../../../arm-none-eabi/lib/armv7-m\libc.a(lib_a-sbrkr.o)
                0x0008490c                _sbrk_r
 .text.__ssprint_r
                0x00084930      0x100 c:/program files (x86)/atmel/atmel toolchain/arm gcc/native/4.8.1443/arm-gnu-toolchain/bin/../lib/gcc/arm-none-eabi/4.8.4/../../../../arm-none-eabi/lib/armv7-m\libc.a(lib_a-svfiprintf.o)
                0x00084930                __ssprint_r
 .text.__register_exitproc
                0x00084a30       0xa8 c:/program files (x86)/atmel/atmel toolchain/arm gcc/native/4.8.1443/arm-gnu-toolchain/bin/../lib/gcc/arm-none-eabi/4.8.4/../../../../arm-none-eabi/lib/armv7-m\libc.a(lib_a-__atexit.o)
                0x00084a30                __register_exitproc
 .text._calloc_r
                0x00084ad8       0x60 c:/program files (x86)/atmel/atmel toolchain/arm gcc/native/4.8.1443/arm-gnu-toolchain/bin/../lib/gcc/arm-none-eabi/4.8.4/../../../../arm-none-eabi/lib/armv7-m\libc.a(lib_a-callocr.o)
                0x00084ad8                _calloc_r
 .text          0x00084b38      0x370 c:/program files (x86)/atmel/atmel toolchain/arm gcc/native/4.8.1443/arm-gnu-toolchain/bin/../lib/gcc/arm-none-eabi/4.8.4/armv7-m\libgcc.a(_arm_addsubdf3.o)
                0x00084b38                __aeabi_drsub
                0x00084b40                __aeabi_dsub
                0x00084b40                __subdf3
                0x00084b44                __aeabi_dadd
                0x00084b44                __adddf3
                0x00084dbc                __floatunsidf
                0x00084dbc                __aeabi_ui2d
                0x00084ddc                __floatsidf
                0x00084ddc                __aeabi_i2d
                0x00084e00                __aeabi_f2d
                0x00084e00                __extendsfdf2
                0x00084e3c                __floatundidf
                0x00084e3c                __aeabi_ul2d
                0x00084e4c                __floatdidf
                0x00084e4c                __aeabi_l2d
 .text          0x00084ea8      0x424 c:/program files (x86)/atmel/atmel toolchain/arm gcc/native/4.8.1443/arm-gnu-toolchain/bin/../lib/gcc/arm-none-eabi/4.8.4/armv7-m\libgcc.a(_arm_muldivdf3.o)
                0x00084ea8                __aeabi_dmul
                0x00084ea8                __muldf3
                0x000850fc                __divdf3
                0x000850fc                __aeabi_ddiv
 .text          0x000852cc      0x110 c:/program files (x86)/atmel/atmel toolchain/arm gcc/native/4.8.1443/arm-gnu-toolchain/bin/../lib/gcc/arm-none-eabi/4.8.4/armv7-m\libgcc.a(_arm_cmpdf2.o)
                0x000852cc                __gtdf2
                0x000852cc                __gedf2
                0x000852d4                __ltdf2
                0x000852d4                __ledf2
                0x000852dc                __nedf2
                0x000852dc                __eqdf2
                0x000852dc                __cmpdf2
                0x00085358                __aeabi_cdrcmple
                0x00085368                __aeabi_cdcmpeq
                0x00085368                __aeabi_cdcmple
                0x00085378                __aeabi_dcmpeq
                0x0008538c                __aeabi_dcmplt
                0x000853a0                __aeabi_dcmple
                0x000853b4                __aeabi_dcmpge
                0x000853c8                __aeabi_dcmpgt
 .text          0x000853dc       0x50 c:/program files (x86)/atmel/atmel toolchain/arm gcc/native/4.8.1443/arm-gnu-toolchain/bin/../lib/gcc/arm-none-eabi/4.8.4/armv7-m\libgcc.a(_arm_fixdfsi.o)
                0x000853dc                __aeabi_d2iz
                0x000853dc                __fixdfsi
 .text          0x0008542c       0x2c c:/program files (x86)/atmel/atmel toolchain/arm gcc/native/4.8.1443/arm-gnu-toolchain/bin/../lib/gcc/arm-none-eabi/4.8.4/armv7-m\libgcc.a(_aeabi_uldivmod.o)
                0x0008542c                __aeabi_uldivmod
 .text          0x00085458       0x60 c:/program files (x86)/atmel/atmel toolchain/arm gcc/native/4.8.1443/arm-gnu-toolchain/bin/../lib/gcc/arm-none-eabi/4.8.4/armv7-m\libgcc.a(bpabi.o)
                0x00085458                __gnu_ldivmod_helper
                0x00085488                __gnu_uldivmod_helper
 .text          0x000854b8        0x4 c:/program files (x86)/atmel/atmel toolchain/arm gcc/native/4.8.1443/arm-gnu-toolchain/bin/../lib/gcc/arm-none-eabi/4.8.4/armv7-m\libgcc.a(_dvmd_tls.o)
                0x000854b8                __aeabi_idiv0
                0x000854b8                __aeabi_ldiv0
 .text          0x000854bc      0x2a0 c:/program files (x86)/atmel/atmel toolchain/arm gcc/native/4.8.1443/arm-gnu-toolchain/bin/../lib/gcc/arm-none-eabi/4.8.4/armv7-m\libgcc.a(_divdi3.o)
                0x000854bc                __divdi3
 .text          0x0008575c      0x290 c:/program files (x86)/atmel/atmel toolchain/arm gcc/native/4.8.1443/arm-gnu-toolchain/bin/../lib/gcc/arm-none-eabi/4.8.4/armv7-m\libgcc.a(_udivdi3.o)
                0x0008575c                __udivdi3
 *(.glue_7t)
 .glue_7t       0x00000000        0x0 linker stubs
 *(.glue_7)
 .glue_7        0x00000000        0x0 linker stubs
 *(.rodata .rodata* .gnu.linkonce.r.*)
 .rodata.str1.4
                0x000859ec        0x3 src/matlab_coms/matlab_functions.o
                                  0x4 (size before relaxing)
 *fill*         0x000859ef        0x1 
 .rodata        0x000859f0       0x2c src/ASF/sam/drivers/pwm/pwm.o
 .rodata.str1.4
                0x00085a1c        0x2 c:/program files (x86)/atmel/atmel toolchain/arm gcc/native/4.8.1443/arm-gnu-toolchain/bin/../lib/gcc/arm-none-eabi/4.8.4/../../../../arm-none-eabi/lib/armv7-m\libc.a(lib_a-impure.o)
                                  0x4 (size before relaxing)
 *fill*         0x00085a1e        0x2 
 .rodata._global_impure_ptr
                0x00085a20        0x4 c:/program files (x86)/atmel/atmel toolchain/arm gcc/native/4.8.1443/arm-gnu-toolchain/bin/../lib/gcc/arm-none-eabi/4.8.4/../../../../arm-none-eabi/lib/armv7-m\libc.a(lib_a-impure.o)
                0x00085a20                _global_impure_ptr
 .rodata.zeroes.6763
                0x00085a24       0x10 c:/program files (x86)/atmel/atmel toolchain/arm gcc/native/4.8.1443/arm-gnu-toolchain/bin/../lib/gcc/arm-none-eabi/4.8.4/../../../../arm-none-eabi/lib/armv7-m\libc.a(lib_a-svfprintf.o)
 .rodata.str1.4
                0x00085a34       0x42 c:/program files (x86)/atmel/atmel toolchain/arm gcc/native/4.8.1443/arm-gnu-toolchain/bin/../lib/gcc/arm-none-eabi/4.8.4/../../../../arm-none-eabi/lib/armv7-m\libc.a(lib_a-svfprintf.o)
                                 0x44 (size before relaxing)
 *fill*         0x00085a76        0x2 
 .rodata.blanks.6762
                0x00085a78       0x10 c:/program files (x86)/atmel/atmel toolchain/arm gcc/native/4.8.1443/arm-gnu-toolchain/bin/../lib/gcc/arm-none-eabi/4.8.4/../../../../arm-none-eabi/lib/armv7-m\libc.a(lib_a-svfprintf.o)
 .rodata.str1.4
                0x00085a88       0x10 c:/program files (x86)/atmel/atmel toolchain/arm gcc/native/4.8.1443/arm-gnu-toolchain/bin/../lib/gcc/arm-none-eabi/4.8.4/../../../../arm-none-eabi/lib/armv7-m\libc.a(lib_a-dtoa.o)
                                 0x14 (size before relaxing)
 .rodata.str1.4
                0x00085a98        0xc c:/program files (x86)/atmel/atmel toolchain/arm gcc/native/4.8.1443/arm-gnu-toolchain/bin/../lib/gcc/arm-none-eabi/4.8.4/../../../../arm-none-eabi/lib/armv7-m\libc.a(lib_a-locale.o)
                                 0x14 (size before relaxing)
 *fill*         0x00085aa4        0x4 
 .rodata.__mprec_tens
                0x00085aa8       0xc8 c:/program files (x86)/atmel/atmel toolchain/arm gcc/native/4.8.1443/arm-gnu-toolchain/bin/../lib/gcc/arm-none-eabi/4.8.4/../../../../arm-none-eabi/lib/armv7-m\libc.a(lib_a-mprec.o)
                0x00085aa8                __mprec_tens
 .rodata.__mprec_bigtens
                0x00085b70       0x28 c:/program files (x86)/atmel/atmel toolchain/arm gcc/native/4.8.1443/arm-gnu-toolchain/bin/../lib/gcc/arm-none-eabi/4.8.4/../../../../arm-none-eabi/lib/armv7-m\libc.a(lib_a-mprec.o)
                0x00085b70                __mprec_bigtens
 .rodata.p05.5269
                0x00085b98        0xc c:/program files (x86)/atmel/atmel toolchain/arm gcc/native/4.8.1443/arm-gnu-toolchain/bin/../lib/gcc/arm-none-eabi/4.8.4/../../../../arm-none-eabi/lib/armv7-m\libc.a(lib_a-mprec.o)
 *(.ARM.extab* .gnu.linkonce.armextab.*)
                0x00085ba4                . = ALIGN (0x4)
 *(.init)
 .init          0x00085ba4        0x4 c:/program files (x86)/atmel/atmel toolchain/arm gcc/native/4.8.1443/arm-gnu-toolchain/bin/../lib/gcc/arm-none-eabi/4.8.4/armv7-m/crti.o
                0x00085ba4                _init
 .init          0x00085ba8        0x8 c:/program files (x86)/atmel/atmel toolchain/arm gcc/native/4.8.1443/arm-gnu-toolchain/bin/../lib/gcc/arm-none-eabi/4.8.4/armv7-m/crtn.o
                0x00085bb0                . = ALIGN (0x4)
                0x00085bb0                __preinit_array_start = .
 *(.preinit_array)
                0x00085bb0                __preinit_array_end = .
                0x00085bb0                . = ALIGN (0x4)
                0x00085bb0                __init_array_start = .
 *(SORT(.init_array.*))
 .init_array.00000
                0x00085bb0        0x4 c:/program files (x86)/atmel/atmel toolchain/arm gcc/native/4.8.1443/arm-gnu-toolchain/bin/../lib/gcc/arm-none-eabi/4.8.4/../../../../arm-none-eabi/lib/armv7-m\libc.a(lib_a-__call_atexit.o)
 *(.init_array)
 .init_array    0x00085bb4        0x4 c:/program files (x86)/atmel/atmel toolchain/arm gcc/native/4.8.1443/arm-gnu-toolchain/bin/../lib/gcc/arm-none-eabi/4.8.4/armv7-m/crtbegin.o
                0x00085bb8                __init_array_end = .
                0x00085bb8                . = ALIGN (0x4)
 *crtbegin.o(.ctors)
 *(EXCLUDE_FILE(*crtend.o) .ctors)
 *(SORT(.ctors.*))
 *crtend.o(.ctors)
                0x00085bb8                . = ALIGN (0x4)
 *(.fini)
 .fini          0x00085bb8        0x4 c:/program files (x86)/atmel/atmel toolchain/arm gcc/native/4.8.1443/arm-gnu-toolchain/bin/../lib/gcc/arm-none-eabi/4.8.4/armv7-m/crti.o
                0x00085bb8                _fini
 .fini          0x00085bbc        0x8 c:/program files (x86)/atmel/atmel toolchain/arm gcc/native/4.8.1443/arm-gnu-toolchain/bin/../lib/gcc/arm-none-eabi/4.8.4/armv7-m/crtn.o
                0x00085bc4                . = ALIGN (0x4)
                0x00085bc4                __fini_array_start = .
 *(.fini_array)
 .fini_array    0x00085bc4        0x4 c:/program files (x86)/atmel/atmel toolchain/arm gcc/native/4.8.1443/arm-gnu-toolchain/bin/../lib/gcc/arm-none-eabi/4.8.4/armv7-m/crtbegin.o
 *(SORT(.fini_array.*))
                0x00085bc8                __fini_array_end = .
 *crtbegin.o(.dtors)
 *(EXCLUDE_FILE(*crtend.o) .dtors)
 *(SORT(.dtors.*))
 *crtend.o(.dtors)
                0x00085bc8                . = ALIGN (0x4)
                0x00085bc8                _efixed = .
                0x00085bc8                PROVIDE (__exidx_start, .)

.vfp11_veneer   0x00085bc8        0x0
 .vfp11_veneer  0x00000000        0x0 linker stubs

.v4_bx          0x00085bc8        0x0
 .v4_bx         0x00000000        0x0 linker stubs

.iplt           0x00085bc8        0x0
 .iplt          0x00000000        0x0 c:/program files (x86)/atmel/atmel toolchain/arm gcc/native/4.8.1443/arm-gnu-toolchain/bin/../lib/gcc/arm-none-eabi/4.8.4/armv7-m/crtbegin.o

.ARM.exidx      0x00085bc8        0x8
 *(.ARM.exidx* .gnu.linkonce.armexidx.*)
 .ARM.exidx     0x00085bc8        0x8 c:/program files (x86)/atmel/atmel toolchain/arm gcc/native/4.8.1443/arm-gnu-toolchain/bin/../lib/gcc/arm-none-eabi/4.8.4/armv7-m\libgcc.a(_divdi3.o)
 .ARM.exidx     0x00085bd0        0x0 c:/program files (x86)/atmel/atmel toolchain/arm gcc/native/4.8.1443/arm-gnu-toolchain/bin/../lib/gcc/arm-none-eabi/4.8.4/armv7-m\libgcc.a(_udivdi3.o)
                                  0x8 (size before relaxing)
                0x00085bd0                PROVIDE (__exidx_end, .)

.eh_frame       0x00085bd0        0x0
 .eh_frame      0x00085bd0        0x0 c:/program files (x86)/atmel/atmel toolchain/arm gcc/native/4.8.1443/arm-gnu-toolchain/bin/../lib/gcc/arm-none-eabi/4.8.4/armv7-m/crtbegin.o

.rel.dyn        0x00085bd0        0x0
 .rel.iplt      0x00000000        0x0 c:/program files (x86)/atmel/atmel toolchain/arm gcc/native/4.8.1443/arm-gnu-toolchain/bin/../lib/gcc/arm-none-eabi/4.8.4/armv7-m/crtbegin.o

.jcr            0x00085bd0        0x0
 .jcr           0x00085bd0        0x0 c:/program files (x86)/atmel/atmel toolchain/arm gcc/native/4.8.1443/arm-gnu-toolchain/bin/../lib/gcc/arm-none-eabi/4.8.4/armv7-m/crtbegin.o

.igot.plt       0x00085bd0        0x0
 .igot.plt      0x00000000        0x0 c:/program files (x86)/atmel/atmel toolchain/arm gcc/native/4.8.1443/arm-gnu-toolchain/bin/../lib/gcc/arm-none-eabi/4.8.4/armv7-m/crtbegin.o
                0x00085bd0                . = ALIGN (0x4)
                0x00085bd0                _etext = .

.relocate       0x20070000      0x9ec load address 0x00085bd0
                0x20070000                . = ALIGN (0x4)
                0x20070000                _srelocate = .
 *(.ramfunc .ramfunc.*)
 .ramfunc       0x20070000      0x12c src/ASF/sam/utils/cmsis/sam3x/source/templates/system_sam3x.o
                0x20070000                SystemInit
                0x200700a4                system_init_flash
 *(.data .data.*)
 .data.pin_table
                0x2007012c       0x44 src/common/pin_mapper.o
                0x2007012c                pin_table
 .data.SystemCoreClock
                0x20070170        0x4 src/ASF/sam/utils/cmsis/sam3x/source/templates/system_sam3x.o
                0x20070170                SystemCoreClock
 *fill*         0x20070174        0x4 
 .data.impure_data
                0x20070178      0x428 c:/program files (x86)/atmel/atmel toolchain/arm gcc/native/4.8.1443/arm-gnu-toolchain/bin/../lib/gcc/arm-none-eabi/4.8.4/../../../../arm-none-eabi/lib/armv7-m\libc.a(lib_a-impure.o)
 .data._impure_ptr
                0x200705a0        0x4 c:/program files (x86)/atmel/atmel toolchain/arm gcc/native/4.8.1443/arm-gnu-toolchain/bin/../lib/gcc/arm-none-eabi/4.8.4/../../../../arm-none-eabi/lib/armv7-m\libc.a(lib_a-impure.o)
                0x200705a0                _impure_ptr
 .data.lconv    0x200705a4       0x38 c:/program files (x86)/atmel/atmel toolchain/arm gcc/native/4.8.1443/arm-gnu-toolchain/bin/../lib/gcc/arm-none-eabi/4.8.4/../../../../arm-none-eabi/lib/armv7-m\libc.a(lib_a-locale.o)
 .data.__malloc_av_
                0x200705dc      0x408 c:/program files (x86)/atmel/atmel toolchain/arm gcc/native/4.8.1443/arm-gnu-toolchain/bin/../lib/gcc/arm-none-eabi/4.8.4/../../../../arm-none-eabi/lib/armv7-m\libc.a(lib_a-mallocr.o)
                0x200705dc                __malloc_av_
 .data.__malloc_trim_threshold
                0x200709e4        0x4 c:/program files (x86)/atmel/atmel toolchain/arm gcc/native/4.8.1443/arm-gnu-toolchain/bin/../lib/gcc/arm-none-eabi/4.8.4/../../../../arm-none-eabi/lib/armv7-m\libc.a(lib_a-mallocr.o)
                0x200709e4                __malloc_trim_threshold
 .data.__malloc_sbrk_base
                0x200709e8        0x4 c:/program files (x86)/atmel/atmel toolchain/arm gcc/native/4.8.1443/arm-gnu-toolchain/bin/../lib/gcc/arm-none-eabi/4.8.4/../../../../arm-none-eabi/lib/armv7-m\libc.a(lib_a-mallocr.o)
                0x200709e8                __malloc_sbrk_base
                0x200709ec                . = ALIGN (0x4)
                0x200709ec                _erelocate = .

.bss            0x200709ec       0xf0 load address 0x000865bc
                0x200709ec                . = ALIGN (0x4)
                0x200709ec                _sbss = .
                0x200709ec                _szero = .
 *(.bss .bss.*)
 .bss           0x200709ec       0x1c c:/program files (x86)/atmel/atmel toolchain/arm gcc/native/4.8.1443/arm-gnu-toolchain/bin/../lib/gcc/arm-none-eabi/4.8.4/armv7-m/crtbegin.o
 .bss.pwm_channel_instance
                0x20070a08       0x28 src/io_control/analog_output.o
 .bss.gs_interrupt_sources
                0x20070a30       0x70 src/ASF/sam/drivers/pio/pio_handler.o
 .bss.heap.5098
                0x20070aa0        0x4 src/ASF/sam/utils/syscalls/gcc/syscalls.o
 .bss.__malloc_max_total_mem
                0x20070aa4        0x4 c:/program files (x86)/atmel/atmel toolchain/arm gcc/native/4.8.1443/arm-gnu-toolchain/bin/../lib/gcc/arm-none-eabi/4.8.4/../../../../arm-none-eabi/lib/armv7-m\libc.a(lib_a-mallocr.o)
                0x20070aa4                __malloc_max_total_mem
 .bss.__malloc_max_sbrked_mem
                0x20070aa8        0x4 c:/program files (x86)/atmel/atmel toolchain/arm gcc/native/4.8.1443/arm-gnu-toolchain/bin/../lib/gcc/arm-none-eabi/4.8.4/../../../../arm-none-eabi/lib/armv7-m\libc.a(lib_a-mallocr.o)
                0x20070aa8                __malloc_max_sbrked_mem
 .bss.__malloc_top_pad
                0x20070aac        0x4 c:/program files (x86)/atmel/atmel toolchain/arm gcc/native/4.8.1443/arm-gnu-toolchain/bin/../lib/gcc/arm-none-eabi/4.8.4/../../../../arm-none-eabi/lib/armv7-m\libc.a(lib_a-mallocr.o)
                0x20070aac                __malloc_top_pad
 .bss.__malloc_current_mallinfo
                0x20070ab0       0x28 c:/program files (x86)/atmel/atmel toolchain/arm gcc/native/4.8.1443/arm-gnu-toolchain/bin/../lib/gcc/arm-none-eabi/4.8.4/../../../../arm-none-eabi/lib/armv7-m\libc.a(lib_a-mallocr.o)
                0x20070ab0                __malloc_current_mallinfo
 *(COMMON)
 COMMON         0x20070ad8        0x4 c:/program files (x86)/atmel/atmel toolchain/arm gcc/native/4.8.1443/arm-gnu-toolchain/bin/../lib/gcc/arm-none-eabi/4.8.4/../../../../arm-none-eabi/lib/armv7-m\libc.a(lib_a-reent.o)
                0x20070ad8                errno
                0x20070adc                . = ALIGN (0x4)
                0x20070adc                _ebss = .
                0x20070adc                _ezero = .

.stack          0x20070adc     0x2004 load address 0x000866ac
                0x20070ae0                . = ALIGN (0x8)
 *fill*         0x20070adc        0x4 
                0x20070ae0                _sstack = .
                0x20072ae0                . = (. + __stack_size__)
 *fill*         0x20070ae0     0x2000 
                0x20072ae0                . = ALIGN (0x8)
                0x20072ae0                _estack = .
                0x20072ae0                . = ALIGN (0x4)
                0x20072ae0                _end = .
OUTPUT(dueSrv.elf elf32-littlearm)

.ARM.attributes
                0x00000000       0x29
 .ARM.attributes
                0x00000000       0x1d c:/program files (x86)/atmel/atmel toolchain/arm gcc/native/4.8.1443/arm-gnu-toolchain/bin/../lib/gcc/arm-none-eabi/4.8.4/armv7-m/crti.o
 .ARM.attributes
                0x0000001d       0x2d c:/program files (x86)/atmel/atmel toolchain/arm gcc/native/4.8.1443/arm-gnu-toolchain/bin/../lib/gcc/arm-none-eabi/4.8.4/armv7-m/crtbegin.o
 .ARM.attributes
                0x0000004a       0x33 src/ASF/sam/drivers/adc/adc.o
 .ARM.attributes
                0x0000007d       0x33 src/common/pin_mapper.o
 .ARM.attributes
                0x000000b0       0x33 src/io_control/analog_output.o
 .ARM.attributes
                0x000000e3       0x33 src/io_control/io_uart.o
 .ARM.attributes
                0x00000116       0x33 src/matlab_coms/matlab_functions.o
 .ARM.attributes
                0x00000149       0x33 src/matlab_coms/matlab_state.o
 .ARM.attributes
                0x0000017c       0x33 src/ASF/sam/drivers/pwm/pwm.o
 .ARM.attributes
                0x000001af       0x33 src/io_control/adc.o
 .ARM.attributes
                0x000001e2       0x33 src/ASF/common/services/clock/sam3x/sysclk.o
 .ARM.attributes
                0x00000215       0x33 src/ASF/sam/boards/arduino_due_x/init.o
 .ARM.attributes
                0x00000248       0x33 src/ASF/sam/drivers/pio/pio.o
 .ARM.attributes
                0x0000027b       0x33 src/ASF/sam/drivers/pio/pio_handler.o
 .ARM.attributes
                0x000002ae       0x33 src/ASF/sam/drivers/pmc/pmc.o
 .ARM.attributes
                0x000002e1       0x33 src/ASF/sam/utils/cmsis/sam3x/source/templates/exceptions.o
 .ARM.attributes
                0x00000314       0x33 src/ASF/sam/utils/cmsis/sam3x/source/templates/gcc/startup_sam3x.o
 .ARM.attributes
                0x00000347       0x33 src/ASF/sam/utils/cmsis/sam3x/source/templates/system_sam3x.o
 .ARM.attributes
                0x0000037a       0x33 src/ASF/sam/utils/syscalls/gcc/syscalls.o
 .ARM.attributes
                0x000003ad       0x33 src/main.o
 .ARM.attributes
                0x000003e0       0x2d c:/program files (x86)/atmel/atmel toolchain/arm gcc/native/4.8.1443/arm-gnu-toolchain/bin/../lib/gcc/arm-none-eabi/4.8.4/../../../../arm-none-eabi/lib/armv7-m\libc.a(lib_a-impure.o)
 .ARM.attributes
                0x0000040d       0x2d c:/program files (x86)/atmel/atmel toolchain/arm gcc/native/4.8.1443/arm-gnu-toolchain/bin/../lib/gcc/arm-none-eabi/4.8.4/../../../../arm-none-eabi/lib/armv7-m\libc.a(lib_a-init.o)
 .ARM.attributes
                0x0000043a       0x2d c:/program files (x86)/atmel/atmel toolchain/arm gcc/native/4.8.1443/arm-gnu-toolchain/bin/../lib/gcc/arm-none-eabi/4.8.4/../../../../arm-none-eabi/lib/armv7-m\libc.a(lib_a-memset.o)
 .ARM.attributes
                0x00000467       0x2d c:/program files (x86)/atmel/atmel toolchain/arm gcc/native/4.8.1443/arm-gnu-toolchain/bin/../lib/gcc/arm-none-eabi/4.8.4/../../../../arm-none-eabi/lib/armv7-m\libc.a(lib_a-sprintf.o)
 .ARM.attributes
                0x00000494       0x2d c:/program files (x86)/atmel/atmel toolchain/arm gcc/native/4.8.1443/arm-gnu-toolchain/bin/../lib/gcc/arm-none-eabi/4.8.4/../../../../arm-none-eabi/lib/armv7-m\libc.a(lib_a-strlen.o)
 .ARM.attributes
                0x000004c1       0x2d c:/program files (x86)/atmel/atmel toolchain/arm gcc/native/4.8.1443/arm-gnu-toolchain/bin/../lib/gcc/arm-none-eabi/4.8.4/../../../../arm-none-eabi/lib/armv7-m\libc.a(lib_a-svfprintf.o)
 .ARM.attributes
                0x000004ee       0x2d c:/program files (x86)/atmel/atmel toolchain/arm gcc/native/4.8.1443/arm-gnu-toolchain/bin/../lib/gcc/arm-none-eabi/4.8.4/../../../../arm-none-eabi/lib/armv7-m\libc.a(lib_a-__call_atexit.o)
 .ARM.attributes
                0x0000051b       0x2d c:/program files (x86)/atmel/atmel toolchain/arm gcc/native/4.8.1443/arm-gnu-toolchain/bin/../lib/gcc/arm-none-eabi/4.8.4/../../../../arm-none-eabi/lib/armv7-m\libc.a(lib_a-atexit.o)
 .ARM.attributes
                0x00000548       0x2d c:/program files (x86)/atmel/atmel toolchain/arm gcc/native/4.8.1443/arm-gnu-toolchain/bin/../lib/gcc/arm-none-eabi/4.8.4/../../../../arm-none-eabi/lib/armv7-m\libc.a(lib_a-dtoa.o)
 .ARM.attributes
                0x00000575       0x2d c:/program files (x86)/atmel/atmel toolchain/arm gcc/native/4.8.1443/arm-gnu-toolchain/bin/../lib/gcc/arm-none-eabi/4.8.4/../../../../arm-none-eabi/lib/armv7-m\libc.a(lib_a-fini.o)
 .ARM.attributes
                0x000005a2       0x2d c:/program files (x86)/atmel/atmel toolchain/arm gcc/native/4.8.1443/arm-gnu-toolchain/bin/../lib/gcc/arm-none-eabi/4.8.4/../../../../arm-none-eabi/lib/armv7-m\libc.a(lib_a-freer.o)
 .ARM.attributes
                0x000005cf       0x2d c:/program files (x86)/atmel/atmel toolchain/arm gcc/native/4.8.1443/arm-gnu-toolchain/bin/../lib/gcc/arm-none-eabi/4.8.4/../../../../arm-none-eabi/lib/armv7-m\libc.a(lib_a-locale.o)
 .ARM.attributes
                0x000005fc       0x2d c:/program files (x86)/atmel/atmel toolchain/arm gcc/native/4.8.1443/arm-gnu-toolchain/bin/../lib/gcc/arm-none-eabi/4.8.4/../../../../arm-none-eabi/lib/armv7-m\libc.a(lib_a-mallocr.o)
 .ARM.attributes
                0x00000629       0x2d c:/program files (x86)/atmel/atmel toolchain/arm gcc/native/4.8.1443/arm-gnu-toolchain/bin/../lib/gcc/arm-none-eabi/4.8.4/../../../../arm-none-eabi/lib/armv7-m\libc.a(lib_a-memchr-stub.o)
 .ARM.attributes
                0x00000656       0x1b c:/program files (x86)/atmel/atmel toolchain/arm gcc/native/4.8.1443/arm-gnu-toolchain/bin/../lib/gcc/arm-none-eabi/4.8.4/../../../../arm-none-eabi/lib/armv7-m\libc.a(lib_a-memcpy.o)
 .ARM.attributes
                0x00000671       0x2d c:/program files (x86)/atmel/atmel toolchain/arm gcc/native/4.8.1443/arm-gnu-toolchain/bin/../lib/gcc/arm-none-eabi/4.8.4/../../../../arm-none-eabi/lib/armv7-m\libc.a(lib_a-memmove.o)
 .ARM.attributes
                0x0000069e       0x2d c:/program files (x86)/atmel/atmel toolchain/arm gcc/native/4.8.1443/arm-gnu-toolchain/bin/../lib/gcc/arm-none-eabi/4.8.4/../../../../arm-none-eabi/lib/armv7-m\libc.a(lib_a-mlock.o)
 .ARM.attributes
                0x000006cb       0x2d c:/program files (x86)/atmel/atmel toolchain/arm gcc/native/4.8.1443/arm-gnu-toolchain/bin/../lib/gcc/arm-none-eabi/4.8.4/../../../../arm-none-eabi/lib/armv7-m\libc.a(lib_a-mprec.o)
 .ARM.attributes
                0x000006f8       0x2d c:/program files (x86)/atmel/atmel toolchain/arm gcc/native/4.8.1443/arm-gnu-toolchain/bin/../lib/gcc/arm-none-eabi/4.8.4/../../../../arm-none-eabi/lib/armv7-m\libc.a(lib_a-reallocr.o)
 .ARM.attributes
                0x00000725       0x2d c:/program files (x86)/atmel/atmel toolchain/arm gcc/native/4.8.1443/arm-gnu-toolchain/bin/../lib/gcc/arm-none-eabi/4.8.4/../../../../arm-none-eabi/lib/armv7-m\libc.a(lib_a-s_fpclassify.o)
 .ARM.attributes
                0x00000752       0x2d c:/program files (x86)/atmel/atmel toolchain/arm gcc/native/4.8.1443/arm-gnu-toolchain/bin/../lib/gcc/arm-none-eabi/4.8.4/../../../../arm-none-eabi/lib/armv7-m\libc.a(lib_a-sbrkr.o)
 .ARM.attributes
                0x0000077f       0x2d c:/program files (x86)/atmel/atmel toolchain/arm gcc/native/4.8.1443/arm-gnu-toolchain/bin/../lib/gcc/arm-none-eabi/4.8.4/../../../../arm-none-eabi/lib/armv7-m\libc.a(lib_a-svfiprintf.o)
 .ARM.attributes
                0x000007ac       0x2d c:/program files (x86)/atmel/atmel toolchain/arm gcc/native/4.8.1443/arm-gnu-toolchain/bin/../lib/gcc/arm-none-eabi/4.8.4/../../../../arm-none-eabi/lib/armv7-m\libc.a(lib_a-__atexit.o)
 .ARM.attributes
                0x000007d9       0x2d c:/program files (x86)/atmel/atmel toolchain/arm gcc/native/4.8.1443/arm-gnu-toolchain/bin/../lib/gcc/arm-none-eabi/4.8.4/../../../../arm-none-eabi/lib/armv7-m\libc.a(lib_a-callocr.o)
 .ARM.attributes
                0x00000806       0x2d c:/program files (x86)/atmel/atmel toolchain/arm gcc/native/4.8.1443/arm-gnu-toolchain/bin/../lib/gcc/arm-none-eabi/4.8.4/../../../../arm-none-eabi/lib/armv7-m\libc.a(lib_a-reent.o)
 .ARM.attributes
                0x00000833       0x1d c:/program files (x86)/atmel/atmel toolchain/arm gcc/native/4.8.1443/arm-gnu-toolchain/bin/../lib/gcc/arm-none-eabi/4.8.4/armv7-m\libgcc.a(_arm_addsubdf3.o)
 .ARM.attributes
                0x00000850       0x1d c:/program files (x86)/atmel/atmel toolchain/arm gcc/native/4.8.1443/arm-gnu-toolchain/bin/../lib/gcc/arm-none-eabi/4.8.4/armv7-m\libgcc.a(_arm_muldivdf3.o)
 .ARM.attributes
                0x0000086d       0x1d c:/program files (x86)/atmel/atmel toolchain/arm gcc/native/4.8.1443/arm-gnu-toolchain/bin/../lib/gcc/arm-none-eabi/4.8.4/armv7-m\libgcc.a(_arm_cmpdf2.o)
 .ARM.attributes
                0x0000088a       0x1d c:/program files (x86)/atmel/atmel toolchain/arm gcc/native/4.8.1443/arm-gnu-toolchain/bin/../lib/gcc/arm-none-eabi/4.8.4/armv7-m\libgcc.a(_arm_fixdfsi.o)
 .ARM.attributes
                0x000008a7       0x1d c:/program files (x86)/atmel/atmel toolchain/arm gcc/native/4.8.1443/arm-gnu-toolchain/bin/../lib/gcc/arm-none-eabi/4.8.4/armv7-m\libgcc.a(_aeabi_uldivmod.o)
 .ARM.attributes
                0x000008c4       0x2d c:/program files (x86)/atmel/atmel toolchain/arm gcc/native/4.8.1443/arm-gnu-toolchain/bin/../lib/gcc/arm-none-eabi/4.8.4/armv7-m\libgcc.a(bpabi.o)
 .ARM.attributes
                0x000008f1       0x1d c:/program files (x86)/atmel/atmel toolchain/arm gcc/native/4.8.1443/arm-gnu-toolchain/bin/../lib/gcc/arm-none-eabi/4.8.4/armv7-m\libgcc.a(_dvmd_tls.o)
 .ARM.attributes
                0x0000090e       0x2d c:/program files (x86)/atmel/atmel toolchain/arm gcc/native/4.8.1443/arm-gnu-toolchain/bin/../lib/gcc/arm-none-eabi/4.8.4/armv7-m\libgcc.a(_divdi3.o)
 .ARM.attributes
                0x0000093b       0x2d c:/program files (x86)/atmel/atmel toolchain/arm gcc/native/4.8.1443/arm-gnu-toolchain/bin/../lib/gcc/arm-none-eabi/4.8.4/armv7-m\libgcc.a(_udivdi3.o)
 .ARM.attributes
                0x00000968       0x1d c:/program files (x86)/atmel/atmel toolchain/arm gcc/native/4.8.1443/arm-gnu-toolchain/bin/../lib/gcc/arm-none-eabi/4.8.4/armv7-m/crtn.o

.comment        0x00000000       0x5b
 .comment       0x00000000       0x5b src/ASF/sam/drivers/adc/adc.o
                                 0x5c (size before relaxing)
 .comment       0x00000000       0x5c src/common/pin_mapper.o
 .comment       0x00000000       0x5c src/io_control/analog_output.o
 .comment       0x00000000       0x5c src/io_control/io_uart.o
 .comment       0x00000000       0x5c src/matlab_coms/matlab_functions.o
 .comment       0x00000000       0x5c src/matlab_coms/matlab_state.o
 .comment       0x00000000       0x5c src/ASF/sam/drivers/pwm/pwm.o
 .comment       0x00000000       0x5c src/io_control/adc.o
 .comment       0x00000000       0x5c src/ASF/common/services/clock/sam3x/sysclk.o
 .comment       0x00000000       0x5c src/ASF/sam/boards/arduino_due_x/init.o
 .comment       0x00000000       0x5c src/ASF/sam/drivers/pio/pio.o
 .comment       0x00000000       0x5c src/ASF/sam/drivers/pio/pio_handler.o
 .comment       0x00000000       0x5c src/ASF/sam/drivers/pmc/pmc.o
 .comment       0x00000000       0x5c src/ASF/sam/utils/cmsis/sam3x/source/templates/exceptions.o
 .comment       0x00000000       0x5c src/ASF/sam/utils/cmsis/sam3x/source/templates/gcc/startup_sam3x.o
 .comment       0x00000000       0x5c src/ASF/sam/utils/cmsis/sam3x/source/templates/system_sam3x.o
 .comment       0x00000000       0x5c src/ASF/sam/utils/syscalls/gcc/syscalls.o
 .comment       0x00000000       0x5c src/main.o

.debug_info     0x00000000     0xa32b
 .debug_info    0x00000000     0x1196 src/ASF/sam/drivers/adc/adc.o
 .debug_info    0x00001196      0x174 src/common/pin_mapper.o
 .debug_info    0x0000130a      0xdc7 src/io_control/analog_output.o
 .debug_info    0x000020d1      0x7cb src/io_control/io_uart.o
 .debug_info    0x0000289c      0xc24 src/matlab_coms/matlab_functions.o
 .debug_info    0x000034c0      0x21d src/matlab_coms/matlab_state.o
 .debug_info    0x000036dd     0x1574 src/ASF/sam/drivers/pwm/pwm.o
 .debug_info    0x00004c51      0x652 src/io_control/adc.o
 .debug_info    0x000052a3      0x796 src/ASF/common/services/clock/sam3x/sysclk.o
 .debug_info    0x00005a39      0x75c src/ASF/sam/boards/arduino_due_x/init.o
 .debug_info    0x00006195     0x1385 src/ASF/sam/drivers/pio/pio.o
 .debug_info    0x0000751a      0xe52 src/ASF/sam/drivers/pio/pio_handler.o
 .debug_info    0x0000836c     0x1080 src/ASF/sam/drivers/pmc/pmc.o
 .debug_info    0x000093ec      0x124 src/ASF/sam/utils/cmsis/sam3x/source/templates/exceptions.o
 .debug_info    0x00009510      0x3bd src/ASF/sam/utils/cmsis/sam3x/source/templates/gcc/startup_sam3x.o
 .debug_info    0x000098cd      0x4c6 src/ASF/sam/utils/cmsis/sam3x/source/templates/system_sam3x.o
 .debug_info    0x00009d93      0x43f src/ASF/sam/utils/syscalls/gcc/syscalls.o
 .debug_info    0x0000a1d2      0x159 src/main.o

.debug_abbrev   0x00000000     0x1d79
 .debug_abbrev  0x00000000      0x235 src/ASF/sam/drivers/adc/adc.o
 .debug_abbrev  0x00000235       0xc2 src/common/pin_mapper.o
 .debug_abbrev  0x000002f7      0x1b3 src/io_control/analog_output.o
 .debug_abbrev  0x000004aa      0x1d8 src/io_control/io_uart.o
 .debug_abbrev  0x00000682      0x291 src/matlab_coms/matlab_functions.o
 .debug_abbrev  0x00000913       0xe2 src/matlab_coms/matlab_state.o
 .debug_abbrev  0x000009f5      0x231 src/ASF/sam/drivers/pwm/pwm.o
 .debug_abbrev  0x00000c26      0x172 src/io_control/adc.o
 .debug_abbrev  0x00000d98      0x227 src/ASF/common/services/clock/sam3x/sysclk.o
 .debug_abbrev  0x00000fbf      0x16f src/ASF/sam/boards/arduino_due_x/init.o
 .debug_abbrev  0x0000112e      0x2d5 src/ASF/sam/drivers/pio/pio.o
 .debug_abbrev  0x00001403      0x257 src/ASF/sam/drivers/pio/pio_handler.o
 .debug_abbrev  0x0000165a      0x268 src/ASF/sam/drivers/pmc/pmc.o
 .debug_abbrev  0x000018c2       0x8c src/ASF/sam/utils/cmsis/sam3x/source/templates/exceptions.o
 .debug_abbrev  0x0000194e      0x118 src/ASF/sam/utils/cmsis/sam3x/source/templates/gcc/startup_sam3x.o
 .debug_abbrev  0x00001a66      0x115 src/ASF/sam/utils/cmsis/sam3x/source/templates/system_sam3x.o
 .debug_abbrev  0x00001b7b      0x14e src/ASF/sam/utils/syscalls/gcc/syscalls.o
 .debug_abbrev  0x00001cc9       0xb0 src/main.o

.debug_loc      0x00000000     0x3ec7
 .debug_loc     0x00000000      0x980 src/ASF/sam/drivers/adc/adc.o
 .debug_loc     0x00000980       0x21 src/common/pin_mapper.o
 .debug_loc     0x000009a1       0x78 src/io_control/analog_output.o
 .debug_loc     0x00000a19       0x44 src/io_control/io_uart.o
 .debug_loc     0x00000a5d      0x498 src/matlab_coms/matlab_functions.o
 .debug_loc     0x00000ef5      0x2a6 src/matlab_coms/matlab_state.o
 .debug_loc     0x0000119b      0xd48 src/ASF/sam/drivers/pwm/pwm.o
 .debug_loc     0x00001ee3       0x79 src/io_control/adc.o
 .debug_loc     0x00001f5c      0x12d src/ASF/common/services/clock/sam3x/sysclk.o
 .debug_loc     0x00002089       0x20 src/ASF/sam/boards/arduino_due_x/init.o
 .debug_loc     0x000020a9      0xa83 src/ASF/sam/drivers/pio/pio.o
 .debug_loc     0x00002b2c      0x53d src/ASF/sam/drivers/pio/pio_handler.o
 .debug_loc     0x00003069      0xc95 src/ASF/sam/drivers/pmc/pmc.o
 .debug_loc     0x00003cfe       0x7e src/ASF/sam/utils/cmsis/sam3x/source/templates/gcc/startup_sam3x.o
 .debug_loc     0x00003d7c      0x12b src/ASF/sam/utils/syscalls/gcc/syscalls.o
 .debug_loc     0x00003ea7       0x20 src/main.o

.debug_aranges  0x00000000      0x8f8
 .debug_aranges
                0x00000000      0x178 src/ASF/sam/drivers/adc/adc.o
 .debug_aranges
                0x00000178       0x20 src/common/pin_mapper.o
 .debug_aranges
                0x00000198       0x28 src/io_control/analog_output.o
 .debug_aranges
                0x000001c0       0x40 src/io_control/io_uart.o
 .debug_aranges
                0x00000200       0x68 src/matlab_coms/matlab_functions.o
 .debug_aranges
                0x00000268       0x20 src/matlab_coms/matlab_state.o
 .debug_aranges
                0x00000288      0x158 src/ASF/sam/drivers/pwm/pwm.o
 .debug_aranges
                0x000003e0       0x28 src/io_control/adc.o
 .debug_aranges
                0x00000408       0x40 src/ASF/common/services/clock/sam3x/sysclk.o
 .debug_aranges
                0x00000448       0x20 src/ASF/sam/boards/arduino_due_x/init.o
 .debug_aranges
                0x00000468      0x148 src/ASF/sam/drivers/pio/pio.o
 .debug_aranges
                0x000005b0       0x58 src/ASF/sam/drivers/pio/pio_handler.o
 .debug_aranges
                0x00000608      0x200 src/ASF/sam/drivers/pmc/pmc.o
 .debug_aranges
                0x00000808       0x20 src/ASF/sam/utils/cmsis/sam3x/source/templates/exceptions.o
 .debug_aranges
                0x00000828       0x20 src/ASF/sam/utils/cmsis/sam3x/source/templates/gcc/startup_sam3x.o
 .debug_aranges
                0x00000848       0x30 src/ASF/sam/utils/cmsis/sam3x/source/templates/system_sam3x.o
 .debug_aranges
                0x00000878       0x60 src/ASF/sam/utils/syscalls/gcc/syscalls.o
 .debug_aranges
                0x000008d8       0x20 src/main.o

.debug_ranges   0x00000000      0x7d8
 .debug_ranges  0x00000000      0x168 src/ASF/sam/drivers/adc/adc.o
 .debug_ranges  0x00000168       0x10 src/common/pin_mapper.o
 .debug_ranges  0x00000178       0x18 src/io_control/analog_output.o
 .debug_ranges  0x00000190       0x30 src/io_control/io_uart.o
 .debug_ranges  0x000001c0       0x58 src/matlab_coms/matlab_functions.o
 .debug_ranges  0x00000218       0x10 src/matlab_coms/matlab_state.o
 .debug_ranges  0x00000228      0x148 src/ASF/sam/drivers/pwm/pwm.o
 .debug_ranges  0x00000370       0x18 src/io_control/adc.o
 .debug_ranges  0x00000388       0x30 src/ASF/common/services/clock/sam3x/sysclk.o
 .debug_ranges  0x000003b8       0x10 src/ASF/sam/boards/arduino_due_x/init.o
 .debug_ranges  0x000003c8      0x138 src/ASF/sam/drivers/pio/pio.o
 .debug_ranges  0x00000500       0x48 src/ASF/sam/drivers/pio/pio_handler.o
 .debug_ranges  0x00000548      0x1f0 src/ASF/sam/drivers/pmc/pmc.o
 .debug_ranges  0x00000738       0x10 src/ASF/sam/utils/cmsis/sam3x/source/templates/exceptions.o
 .debug_ranges  0x00000748       0x10 src/ASF/sam/utils/cmsis/sam3x/source/templates/gcc/startup_sam3x.o
 .debug_ranges  0x00000758       0x20 src/ASF/sam/utils/cmsis/sam3x/source/templates/system_sam3x.o
 .debug_ranges  0x00000778       0x50 src/ASF/sam/utils/syscalls/gcc/syscalls.o
 .debug_ranges  0x000007c8       0x10 src/main.o

.debug_macro    0x00000000    0x17eb4
 .debug_macro   0x00000000      0x4c9 src/ASF/sam/drivers/adc/adc.o
 .debug_macro   0x000004c9      0x874 src/ASF/sam/drivers/adc/adc.o
 .debug_macro   0x00000d3d      0x166 src/ASF/sam/drivers/adc/adc.o
 .debug_macro   0x00000ea3      0x4fb src/ASF/sam/drivers/adc/adc.o
 .debug_macro   0x0000139e       0x76 src/ASF/sam/drivers/adc/adc.o
 .debug_macro   0x00001414       0x16 src/ASF/sam/drivers/adc/adc.o
 .debug_macro   0x0000142a      0x6e4 src/ASF/sam/drivers/adc/adc.o
 .debug_macro   0x00001b0e       0x16 src/ASF/sam/drivers/adc/adc.o
 .debug_macro   0x00001b24       0x44 src/ASF/sam/drivers/adc/adc.o
 .debug_macro   0x00001b68      0x209 src/ASF/sam/drivers/adc/adc.o
 .debug_macro   0x00001d71       0x20 src/ASF/sam/drivers/adc/adc.o
 .debug_macro   0x00001d91       0x3a src/ASF/sam/drivers/adc/adc.o
 .debug_macro   0x00001dcb       0x2d src/ASF/sam/drivers/adc/adc.o
 .debug_macro   0x00001df8      0xbb1 src/ASF/sam/drivers/adc/adc.o
 .debug_macro   0x000029a9      0xab6 src/ASF/sam/drivers/adc/adc.o
 .debug_macro   0x0000345f      0x569 src/ASF/sam/drivers/adc/adc.o
 .debug_macro   0x000039c8      0x2b5 src/ASF/sam/drivers/adc/adc.o
 .debug_macro   0x00003c7d      0x31a src/ASF/sam/drivers/adc/adc.o
 .debug_macro   0x00003f97      0x74f src/ASF/sam/drivers/adc/adc.o
 .debug_macro   0x000046e6       0x82 src/ASF/sam/drivers/adc/adc.o
 .debug_macro   0x00004768      0x57b src/ASF/sam/drivers/adc/adc.o
 .debug_macro   0x00004ce3       0x1c src/ASF/sam/drivers/adc/adc.o
 .debug_macro   0x00004cff      0x6b7 src/ASF/sam/drivers/adc/adc.o
 .debug_macro   0x000053b6      0x52d src/ASF/sam/drivers/adc/adc.o
 .debug_macro   0x000058e3       0xbe src/ASF/sam/drivers/adc/adc.o
 .debug_macro   0x000059a1     0x2342 src/ASF/sam/drivers/adc/adc.o
 .debug_macro   0x00007ce3      0x85d src/ASF/sam/drivers/adc/adc.o
 .debug_macro   0x00008540      0xdc9 src/ASF/sam/drivers/adc/adc.o
 .debug_macro   0x00009309       0x7c src/ASF/sam/drivers/adc/adc.o
 .debug_macro   0x00009385      0x263 src/ASF/sam/drivers/adc/adc.o
 .debug_macro   0x000095e8       0x58 src/ASF/sam/drivers/adc/adc.o
 .debug_macro   0x00009640      0x9a7 src/ASF/sam/drivers/adc/adc.o
 .debug_macro   0x00009fe7      0x248 src/ASF/sam/drivers/adc/adc.o
 .debug_macro   0x0000a22f      0x4df src/ASF/sam/drivers/adc/adc.o
 .debug_macro   0x0000a70e      0x6b3 src/ASF/sam/drivers/adc/adc.o
 .debug_macro   0x0000adc1      0x59f src/ASF/sam/drivers/adc/adc.o
 .debug_macro   0x0000b360       0x46 src/ASF/sam/drivers/adc/adc.o
 .debug_macro   0x0000b3a6      0x34d src/ASF/sam/drivers/adc/adc.o
 .debug_macro   0x0000b6f3      0x28c src/ASF/sam/drivers/adc/adc.o
 .debug_macro   0x0000b97f     0x14d7 src/ASF/sam/drivers/adc/adc.o
 .debug_macro   0x0000ce56      0x7ba src/ASF/sam/drivers/adc/adc.o
 .debug_macro   0x0000d610       0x76 src/ASF/sam/drivers/adc/adc.o
 .debug_macro   0x0000d686       0x82 src/ASF/sam/drivers/adc/adc.o
 .debug_macro   0x0000d708       0x76 src/ASF/sam/drivers/adc/adc.o
 .debug_macro   0x0000d77e       0x4c src/ASF/sam/drivers/adc/adc.o
 .debug_macro   0x0000d7ca      0x105 src/ASF/sam/drivers/adc/adc.o
 .debug_macro   0x0000d8cf      0x105 src/ASF/sam/drivers/adc/adc.o
 .debug_macro   0x0000d9d4      0x105 src/ASF/sam/drivers/adc/adc.o
 .debug_macro   0x0000dad9       0x88 src/ASF/sam/drivers/adc/adc.o
 .debug_macro   0x0000db61       0x88 src/ASF/sam/drivers/adc/adc.o
 .debug_macro   0x0000dbe9      0x3b4 src/ASF/sam/drivers/adc/adc.o
 .debug_macro   0x0000df9d       0xb8 src/ASF/sam/drivers/adc/adc.o
 .debug_macro   0x0000e055       0xb8 src/ASF/sam/drivers/adc/adc.o
 .debug_macro   0x0000e10d       0xb8 src/ASF/sam/drivers/adc/adc.o
 .debug_macro   0x0000e1c5       0xb8 src/ASF/sam/drivers/adc/adc.o
 .debug_macro   0x0000e27d      0x2b8 src/ASF/sam/drivers/adc/adc.o
 .debug_macro   0x0000e535      0x125 src/ASF/sam/drivers/adc/adc.o
 .debug_macro   0x0000e65a      0x225 src/ASF/sam/drivers/adc/adc.o
 .debug_macro   0x0000e87f      0x225 src/ASF/sam/drivers/adc/adc.o
 .debug_macro   0x0000eaa4       0x2e src/ASF/sam/drivers/adc/adc.o
 .debug_macro   0x0000ead2       0xac src/ASF/sam/drivers/adc/adc.o
 .debug_macro   0x0000eb7e      0x14d src/ASF/sam/drivers/adc/adc.o
 .debug_macro   0x0000eccb       0x7c src/ASF/sam/drivers/adc/adc.o
 .debug_macro   0x0000ed47      0x205 src/ASF/sam/drivers/adc/adc.o
 .debug_macro   0x0000ef4c       0x64 src/ASF/sam/drivers/adc/adc.o
 .debug_macro   0x0000efb0       0xa6 src/ASF/sam/drivers/adc/adc.o
 .debug_macro   0x0000f056       0x7c src/ASF/sam/drivers/adc/adc.o
 .debug_macro   0x0000f0d2       0x16 src/ASF/sam/drivers/adc/adc.o
 .debug_macro   0x0000f0e8       0x22 src/ASF/sam/drivers/adc/adc.o
 .debug_macro   0x0000f10a       0x22 src/ASF/sam/drivers/adc/adc.o
 .debug_macro   0x0000f12c      0x115 src/ASF/sam/drivers/adc/adc.o
 .debug_macro   0x0000f241      0x115 src/ASF/sam/drivers/adc/adc.o
 .debug_macro   0x0000f356      0x115 src/ASF/sam/drivers/adc/adc.o
 .debug_macro   0x0000f46b      0x115 src/ASF/sam/drivers/adc/adc.o
 .debug_macro   0x0000f580       0x1c src/ASF/sam/drivers/adc/adc.o
 .debug_macro   0x0000f59c       0x2e src/ASF/sam/drivers/adc/adc.o
 .debug_macro   0x0000f5ca       0x22 src/ASF/sam/drivers/adc/adc.o
 .debug_macro   0x0000f5ec       0x1c src/ASF/sam/drivers/adc/adc.o
 .debug_macro   0x0000f608       0x58 src/ASF/sam/drivers/adc/adc.o
 .debug_macro   0x0000f660       0x10 src/ASF/sam/drivers/adc/adc.o
 .debug_macro   0x0000f670      0x273 src/ASF/sam/drivers/adc/adc.o
 .debug_macro   0x0000f8e3      0xd43 src/ASF/sam/drivers/adc/adc.o
 .debug_macro   0x00010626      0x131 src/ASF/sam/drivers/adc/adc.o
 .debug_macro   0x00010757       0x58 src/ASF/sam/drivers/adc/adc.o
 .debug_macro   0x000107af       0x35 src/ASF/sam/drivers/adc/adc.o
 .debug_macro   0x000107e4       0xa3 src/ASF/sam/drivers/adc/adc.o
 .debug_macro   0x00010887       0x16 src/ASF/sam/drivers/adc/adc.o
 .debug_macro   0x0001089d       0x35 src/ASF/sam/drivers/adc/adc.o
 .debug_macro   0x000108d2       0x10 src/ASF/sam/drivers/adc/adc.o
 .debug_macro   0x000108e2       0x52 src/ASF/sam/drivers/adc/adc.o
 .debug_macro   0x00010934       0x16 src/ASF/sam/drivers/adc/adc.o
 .debug_macro   0x0001094a       0x43 src/ASF/sam/drivers/adc/adc.o
 .debug_macro   0x0001098d      0x180 src/ASF/sam/drivers/adc/adc.o
 .debug_macro   0x00010b0d       0x10 src/ASF/sam/drivers/adc/adc.o
 .debug_macro   0x00010b1d       0x22 src/ASF/sam/drivers/adc/adc.o
 .debug_macro   0x00010b3f       0xbd src/ASF/sam/drivers/adc/adc.o
 .debug_macro   0x00010bfc       0x16 src/ASF/sam/drivers/adc/adc.o
 .debug_macro   0x00010c12      0x16c src/ASF/sam/drivers/adc/adc.o
 .debug_macro   0x00010d7e       0x22 src/ASF/sam/drivers/adc/adc.o
 .debug_macro   0x00010da0       0x16 src/ASF/sam/drivers/adc/adc.o
 .debug_macro   0x00010db6       0x16 src/ASF/sam/drivers/adc/adc.o
 .debug_macro   0x00010dcc       0x29 src/ASF/sam/drivers/adc/adc.o
 .debug_macro   0x00010df5       0x6e src/ASF/sam/drivers/adc/adc.o
 .debug_macro   0x00010e63       0x45 src/ASF/sam/drivers/adc/adc.o
 .debug_macro   0x00010ea8      0x3ca src/ASF/sam/drivers/adc/adc.o
 .debug_macro   0x00011272       0x1c src/ASF/sam/drivers/adc/adc.o
 .debug_macro   0x0001128e      0x5c7 src/common/pin_mapper.o
 .debug_macro   0x00011855       0x16 src/common/pin_mapper.o
 .debug_macro   0x0001186b       0x34 src/common/pin_mapper.o
 .debug_macro   0x0001189f      0x256 src/common/pin_mapper.o
 .debug_macro   0x00011af5      0x790 src/common/pin_mapper.o
 .debug_macro   0x00012285       0x5e src/common/pin_mapper.o
 .debug_macro   0x000122e3       0x64 src/common/pin_mapper.o
 .debug_macro   0x00012347       0x5f src/common/pin_mapper.o
 .debug_macro   0x000123a6       0x90 src/common/pin_mapper.o
 .debug_macro   0x00012436       0x28 src/common/pin_mapper.o
 .debug_macro   0x0001245e       0x23 src/common/pin_mapper.o
 .debug_macro   0x00012481       0x94 src/common/pin_mapper.o
 .debug_macro   0x00012515       0x40 src/common/pin_mapper.o
 .debug_macro   0x00012555       0x70 src/common/pin_mapper.o
 .debug_macro   0x000125c5       0x34 src/common/pin_mapper.o
 .debug_macro   0x000125f9       0x10 src/common/pin_mapper.o
 .debug_macro   0x00012609      0x5c6 src/io_control/analog_output.o
 .debug_macro   0x00012bcf       0x2e src/io_control/analog_output.o
 .debug_macro   0x00012bfd      0x5cc src/io_control/io_uart.o
 .debug_macro   0x000131c9       0x2e src/io_control/io_uart.o
 .debug_macro   0x000131f7      0x5f6 src/matlab_coms/matlab_functions.o
 .debug_macro   0x000137ed       0x10 src/matlab_coms/matlab_functions.o
 .debug_macro   0x000137fd      0x5db src/matlab_coms/matlab_state.o
 .debug_macro   0x00013dd8       0x34 src/matlab_coms/matlab_state.o
 .debug_macro   0x00013e0c       0x34 src/matlab_coms/matlab_state.o
 .debug_macro   0x00013e40      0x4dd src/ASF/sam/drivers/pwm/pwm.o
 .debug_macro   0x0001431d      0x5c6 src/io_control/adc.o
 .debug_macro   0x000148e3      0x529 src/ASF/common/services/clock/sam3x/sysclk.o
 .debug_macro   0x00014e0c      0x250 src/ASF/common/services/clock/sam3x/sysclk.o
 .debug_macro   0x0001505c      0x568 src/ASF/sam/boards/arduino_due_x/init.o
 .debug_macro   0x000155c4       0x16 src/ASF/sam/boards/arduino_due_x/init.o
 .debug_macro   0x000155da       0x6a src/ASF/sam/boards/arduino_due_x/init.o
 .debug_macro   0x00015644      0x4c4 src/ASF/sam/drivers/pio/pio.o
 .debug_macro   0x00015b08       0x8e src/ASF/sam/drivers/pio/pio.o
 .debug_macro   0x00015b96      0x4c8 src/ASF/sam/drivers/pio/pio_handler.o
 .debug_macro   0x0001605e      0x4be src/ASF/sam/drivers/pmc/pmc.o
 .debug_macro   0x0001651c       0x58 src/ASF/sam/drivers/pmc/pmc.o
 .debug_macro   0x00016574      0x4bd src/ASF/sam/utils/cmsis/sam3x/source/templates/exceptions.o
 .debug_macro   0x00016a31      0x4cb src/ASF/sam/utils/cmsis/sam3x/source/templates/gcc/startup_sam3x.o
 .debug_macro   0x00016efc      0x4cb src/ASF/sam/utils/cmsis/sam3x/source/templates/system_sam3x.o
 .debug_macro   0x000173c7       0x26 src/ASF/sam/utils/cmsis/sam3x/source/templates/system_sam3x.o
 .debug_macro   0x000173ed      0x129 src/ASF/sam/utils/syscalls/gcc/syscalls.o
 .debug_macro   0x00017516       0x97 src/ASF/sam/utils/syscalls/gcc/syscalls.o
 .debug_macro   0x000175ad       0xef src/ASF/sam/utils/syscalls/gcc/syscalls.o
 .debug_macro   0x0001769c       0x4a src/ASF/sam/utils/syscalls/gcc/syscalls.o
 .debug_macro   0x000176e6       0x52 src/ASF/sam/utils/syscalls/gcc/syscalls.o
 .debug_macro   0x00017738       0x16 src/ASF/sam/utils/syscalls/gcc/syscalls.o
 .debug_macro   0x0001774e       0x10 src/ASF/sam/utils/syscalls/gcc/syscalls.o
 .debug_macro   0x0001775e       0x41 src/ASF/sam/utils/syscalls/gcc/syscalls.o
 .debug_macro   0x0001779f      0x120 src/ASF/sam/utils/syscalls/gcc/syscalls.o
 .debug_macro   0x000178bf      0x5f5 src/main.o

.debug_line     0x00000000     0xe8d1
 .debug_line    0x00000000      0xe60 src/ASF/sam/drivers/adc/adc.o
 .debug_line    0x00000e60      0xded src/common/pin_mapper.o
 .debug_line    0x00001c4d      0xe15 src/io_control/analog_output.o
 .debug_line    0x00002a62      0xe41 src/io_control/io_uart.o
 .debug_line    0x000038a3      0xf73 src/matlab_coms/matlab_functions.o
 .debug_line    0x00004816      0xe62 src/matlab_coms/matlab_state.o
 .debug_line    0x00005678      0xe5d src/ASF/sam/drivers/pwm/pwm.o
 .debug_line    0x000064d5      0xdfd src/io_control/adc.o
 .debug_line    0x000072d2      0xc48 src/ASF/common/services/clock/sam3x/sysclk.o
 .debug_line    0x00007f1a      0xcdf src/ASF/sam/boards/arduino_due_x/init.o
 .debug_line    0x00008bf9      0xe42 src/ASF/sam/drivers/pio/pio.o
 .debug_line    0x00009a3b      0xb8d src/ASF/sam/drivers/pio/pio_handler.o
 .debug_line    0x0000a5c8     0x1045 src/ASF/sam/drivers/pmc/pmc.o
 .debug_line    0x0000b60d      0xab5 src/ASF/sam/utils/cmsis/sam3x/source/templates/exceptions.o
 .debug_line    0x0000c0c2      0xb05 src/ASF/sam/utils/cmsis/sam3x/source/templates/gcc/startup_sam3x.o
 .debug_line    0x0000cbc7      0xb22 src/ASF/sam/utils/cmsis/sam3x/source/templates/system_sam3x.o
 .debug_line    0x0000d6e9      0x39b src/ASF/sam/utils/syscalls/gcc/syscalls.o
 .debug_line    0x0000da84      0xe4d src/main.o

.debug_str      0x00000000    0x61109
 .debug_str     0x00000000    0x599ac src/ASF/sam/drivers/adc/adc.o
                              0x59cd7 (size before relaxing)
 .debug_str     0x000599ac     0x466c src/common/pin_mapper.o
                              0x5d8e7 (size before relaxing)
 .debug_str     0x0005e018      0x806 src/io_control/analog_output.o
                              0x5e19b (size before relaxing)
 .debug_str     0x0005e81e      0x233 src/io_control/io_uart.o
                              0x5dd11 (size before relaxing)
 .debug_str     0x0005ea51      0x18c src/matlab_coms/matlab_functions.o
                              0x5de7f (size before relaxing)
 .debug_str     0x0005ebdd       0xf2 src/matlab_coms/matlab_state.o
                              0x5da69 (size before relaxing)
 .debug_str     0x0005eccf      0x7f1 src/ASF/sam/drivers/pwm/pwm.o
                              0x59efc (size before relaxing)
 .debug_str     0x0005f4c0       0x30 src/io_control/adc.o
                              0x5dcd8 (size before relaxing)
 .debug_str     0x0005f4f0      0x233 src/ASF/common/services/clock/sam3x/sysclk.o
                              0x5d010 (size before relaxing)
 .debug_str     0x0005f723       0xb7 src/ASF/sam/boards/arduino_due_x/init.o
                              0x5d7ca (size before relaxing)
 .debug_str     0x0005f7da      0x428 src/ASF/sam/drivers/pio/pio.o
                              0x59ba9 (size before relaxing)
 .debug_str     0x0005fc02      0x44e src/ASF/sam/drivers/pio/pio_handler.o
                              0x59bf1 (size before relaxing)
 .debug_str     0x00060050      0x67c src/ASF/sam/drivers/pmc/pmc.o
                              0x59c1f (size before relaxing)
 .debug_str     0x000606cc       0x4d src/ASF/sam/utils/cmsis/sam3x/source/templates/exceptions.o
                              0x5921e (size before relaxing)
 .debug_str     0x00060719       0xb2 src/ASF/sam/utils/cmsis/sam3x/source/templates/gcc/startup_sam3x.o
                              0x592f3 (size before relaxing)
 .debug_str     0x000607cb      0x1cd src/ASF/sam/utils/cmsis/sam3x/source/templates/system_sam3x.o
                              0x59506 (size before relaxing)
 .debug_str     0x00060998      0x749 src/ASF/sam/utils/syscalls/gcc/syscalls.o
                               0x4f26 (size before relaxing)
 .debug_str     0x000610e1       0x28 src/main.o
                              0x5da82 (size before relaxing)

.debug_frame    0x00000000     0x1a30
 .debug_frame   0x00000000      0x308 src/ASF/sam/drivers/adc/adc.o
 .debug_frame   0x00000308       0x20 src/common/pin_mapper.o
 .debug_frame   0x00000328       0x44 src/io_control/analog_output.o
 .debug_frame   0x0000036c       0x60 src/io_control/io_uart.o
 .debug_frame   0x000003cc      0x10c src/matlab_coms/matlab_functions.o
 .debug_frame   0x000004d8       0x30 src/matlab_coms/matlab_state.o
 .debug_frame   0x00000508      0x2f8 src/ASF/sam/drivers/pwm/pwm.o
 .debug_frame   0x00000800       0x48 src/io_control/adc.o
 .debug_frame   0x00000848       0x88 src/ASF/common/services/clock/sam3x/sysclk.o
 .debug_frame   0x000008d0       0x28 src/ASF/sam/boards/arduino_due_x/init.o
 .debug_frame   0x000008f8      0x2a8 src/ASF/sam/drivers/pio/pio.o
 .debug_frame   0x00000ba0       0xf8 src/ASF/sam/drivers/pio/pio_handler.o
 .debug_frame   0x00000c98      0x410 src/ASF/sam/drivers/pmc/pmc.o
 .debug_frame   0x000010a8       0x20 src/ASF/sam/utils/cmsis/sam3x/source/templates/exceptions.o
 .debug_frame   0x000010c8       0x28 src/ASF/sam/utils/cmsis/sam3x/source/templates/gcc/startup_sam3x.o
 .debug_frame   0x000010f0       0x40 src/ASF/sam/utils/cmsis/sam3x/source/templates/system_sam3x.o
 .debug_frame   0x00001130       0xa8 src/ASF/sam/utils/syscalls/gcc/syscalls.o
 .debug_frame   0x000011d8       0x28 src/main.o
 .debug_frame   0x00001200       0x2c c:/program files (x86)/atmel/atmel toolchain/arm gcc/native/4.8.1443/arm-gnu-toolchain/bin/../lib/gcc/arm-none-eabi/4.8.4/../../../../arm-none-eabi/lib/armv7-m\libc.a(lib_a-init.o)
 .debug_frame   0x0000122c       0x2c c:/program files (x86)/atmel/atmel toolchain/arm gcc/native/4.8.1443/arm-gnu-toolchain/bin/../lib/gcc/arm-none-eabi/4.8.4/../../../../arm-none-eabi/lib/armv7-m\libc.a(lib_a-memset.o)
 .debug_frame   0x00001258       0x64 c:/program files (x86)/atmel/atmel toolchain/arm gcc/native/4.8.1443/arm-gnu-toolchain/bin/../lib/gcc/arm-none-eabi/4.8.4/../../../../arm-none-eabi/lib/armv7-m\libc.a(lib_a-sprintf.o)
 .debug_frame   0x000012bc       0x20 c:/program files (x86)/atmel/atmel toolchain/arm gcc/native/4.8.1443/arm-gnu-toolchain/bin/../lib/gcc/arm-none-eabi/4.8.4/../../../../arm-none-eabi/lib/armv7-m\libc.a(lib_a-strlen.o)
 .debug_frame   0x000012dc       0x3c c:/program files (x86)/atmel/atmel toolchain/arm gcc/native/4.8.1443/arm-gnu-toolchain/bin/../lib/gcc/arm-none-eabi/4.8.4/../../../../arm-none-eabi/lib/armv7-m\libc.a(lib_a-svfprintf.o)
 .debug_frame   0x00001318       0x48 c:/program files (x86)/atmel/atmel toolchain/arm gcc/native/4.8.1443/arm-gnu-toolchain/bin/../lib/gcc/arm-none-eabi/4.8.4/../../../../arm-none-eabi/lib/armv7-m\libc.a(lib_a-__call_atexit.o)
 .debug_frame   0x00001360       0x20 c:/program files (x86)/atmel/atmel toolchain/arm gcc/native/4.8.1443/arm-gnu-toolchain/bin/../lib/gcc/arm-none-eabi/4.8.4/../../../../arm-none-eabi/lib/armv7-m\libc.a(lib_a-atexit.o)
 .debug_frame   0x00001380       0x64 c:/program files (x86)/atmel/atmel toolchain/arm gcc/native/4.8.1443/arm-gnu-toolchain/bin/../lib/gcc/arm-none-eabi/4.8.4/../../../../arm-none-eabi/lib/armv7-m\libc.a(lib_a-dtoa.o)
 .debug_frame   0x000013e4       0x2c c:/program files (x86)/atmel/atmel toolchain/arm gcc/native/4.8.1443/arm-gnu-toolchain/bin/../lib/gcc/arm-none-eabi/4.8.4/../../../../arm-none-eabi/lib/armv7-m\libc.a(lib_a-fini.o)
 .debug_frame   0x00001410       0x50 c:/program files (x86)/atmel/atmel toolchain/arm gcc/native/4.8.1443/arm-gnu-toolchain/bin/../lib/gcc/arm-none-eabi/4.8.4/../../../../arm-none-eabi/lib/armv7-m\libc.a(lib_a-freer.o)
 .debug_frame   0x00001460       0x98 c:/program files (x86)/atmel/atmel toolchain/arm gcc/native/4.8.1443/arm-gnu-toolchain/bin/../lib/gcc/arm-none-eabi/4.8.4/../../../../arm-none-eabi/lib/armv7-m\libc.a(lib_a-locale.o)
 .debug_frame   0x000014f8       0x38 c:/program files (x86)/atmel/atmel toolchain/arm gcc/native/4.8.1443/arm-gnu-toolchain/bin/../lib/gcc/arm-none-eabi/4.8.4/../../../../arm-none-eabi/lib/armv7-m\libc.a(lib_a-mallocr.o)
 .debug_frame   0x00001530       0x2c c:/program files (x86)/atmel/atmel toolchain/arm gcc/native/4.8.1443/arm-gnu-toolchain/bin/../lib/gcc/arm-none-eabi/4.8.4/../../../../arm-none-eabi/lib/armv7-m\libc.a(lib_a-memchr-stub.o)
 .debug_frame   0x0000155c       0x2c c:/program files (x86)/atmel/atmel toolchain/arm gcc/native/4.8.1443/arm-gnu-toolchain/bin/../lib/gcc/arm-none-eabi/4.8.4/../../../../arm-none-eabi/lib/armv7-m\libc.a(lib_a-memmove.o)
 .debug_frame   0x00001588       0x30 c:/program files (x86)/atmel/atmel toolchain/arm gcc/native/4.8.1443/arm-gnu-toolchain/bin/../lib/gcc/arm-none-eabi/4.8.4/../../../../arm-none-eabi/lib/armv7-m\libc.a(lib_a-mlock.o)
 .debug_frame   0x000015b8      0x228 c:/program files (x86)/atmel/atmel toolchain/arm gcc/native/4.8.1443/arm-gnu-toolchain/bin/../lib/gcc/arm-none-eabi/4.8.4/../../../../arm-none-eabi/lib/armv7-m\libc.a(lib_a-mprec.o)
 .debug_frame   0x000017e0       0x38 c:/program files (x86)/atmel/atmel toolchain/arm gcc/native/4.8.1443/arm-gnu-toolchain/bin/../lib/gcc/arm-none-eabi/4.8.4/../../../../arm-none-eabi/lib/armv7-m\libc.a(lib_a-reallocr.o)
 .debug_frame   0x00001818       0x28 c:/program files (x86)/atmel/atmel toolchain/arm gcc/native/4.8.1443/arm-gnu-toolchain/bin/../lib/gcc/arm-none-eabi/4.8.4/../../../../arm-none-eabi/lib/armv7-m\libc.a(lib_a-s_fpclassify.o)
 .debug_frame   0x00001840       0x2c c:/program files (x86)/atmel/atmel toolchain/arm gcc/native/4.8.1443/arm-gnu-toolchain/bin/../lib/gcc/arm-none-eabi/4.8.4/../../../../arm-none-eabi/lib/armv7-m\libc.a(lib_a-sbrkr.o)
 .debug_frame   0x0000186c       0x64 c:/program files (x86)/atmel/atmel toolchain/arm gcc/native/4.8.1443/arm-gnu-toolchain/bin/../lib/gcc/arm-none-eabi/4.8.4/../../../../arm-none-eabi/lib/armv7-m\libc.a(lib_a-svfiprintf.o)
 .debug_frame   0x000018d0       0x30 c:/program files (x86)/atmel/atmel toolchain/arm gcc/native/4.8.1443/arm-gnu-toolchain/bin/../lib/gcc/arm-none-eabi/4.8.4/../../../../arm-none-eabi/lib/armv7-m\libc.a(lib_a-__atexit.o)
 .debug_frame   0x00001900       0x28 c:/program files (x86)/atmel/atmel toolchain/arm gcc/native/4.8.1443/arm-gnu-toolchain/bin/../lib/gcc/arm-none-eabi/4.8.4/../../../../arm-none-eabi/lib/armv7-m\libc.a(lib_a-callocr.o)
 .debug_frame   0x00001928       0x48 c:/program files (x86)/atmel/atmel toolchain/arm gcc/native/4.8.1443/arm-gnu-toolchain/bin/../lib/gcc/arm-none-eabi/4.8.4/../../../../arm-none-eabi/lib/armv7-m\libc.a(lib_a-reent.o)
 .debug_frame   0x00001970       0x58 c:/program files (x86)/atmel/atmel toolchain/arm gcc/native/4.8.1443/arm-gnu-toolchain/bin/../lib/gcc/arm-none-eabi/4.8.4/armv7-m\libgcc.a(bpabi.o)
 .debug_frame   0x000019c8       0x34 c:/program files (x86)/atmel/atmel toolchain/arm gcc/native/4.8.1443/arm-gnu-toolchain/bin/../lib/gcc/arm-none-eabi/4.8.4/armv7-m\libgcc.a(_divdi3.o)
 .debug_frame   0x000019fc       0x34 c:/program files (x86)/atmel/atmel toolchain/arm gcc/native/4.8.1443/arm-gnu-toolchain/bin/../lib/gcc/arm-none-eabi/4.8.4/armv7-m\libgcc.a(_udivdi3.o)

Cross Reference Table

Symbol                                            File
ADC_Handler                                       src/ASF/sam/utils/cmsis/sam3x/source/templates/exceptions.o
                                                  src/ASF/sam/utils/cmsis/sam3x/source/templates/gcc/startup_sam3x.o
BusFault_Handler                                  src/ASF/sam/utils/cmsis/sam3x/source/templates/exceptions.o
                                                  src/ASF/sam/utils/cmsis/sam3x/source/templates/gcc/startup_sam3x.o
CAN0_Handler                                      src/ASF/sam/utils/cmsis/sam3x/source/templates/exceptions.o
                                                  src/ASF/sam/utils/cmsis/sam3x/source/templates/gcc/startup_sam3x.o
CAN1_Handler                                      src/ASF/sam/utils/cmsis/sam3x/source/templates/exceptions.o
                                                  src/ASF/sam/utils/cmsis/sam3x/source/templates/gcc/startup_sam3x.o
DACC_Handler                                      src/ASF/sam/utils/cmsis/sam3x/source/templates/exceptions.o
                                                  src/ASF/sam/utils/cmsis/sam3x/source/templates/gcc/startup_sam3x.o
DMAC_Handler                                      src/ASF/sam/utils/cmsis/sam3x/source/templates/exceptions.o
                                                  src/ASF/sam/utils/cmsis/sam3x/source/templates/gcc/startup_sam3x.o
DebugMon_Handler                                  src/ASF/sam/utils/cmsis/sam3x/source/templates/exceptions.o
                                                  src/ASF/sam/utils/cmsis/sam3x/source/templates/gcc/startup_sam3x.o
Dummy_Handler                                     src/ASF/sam/utils/cmsis/sam3x/source/templates/exceptions.o
EFC0_Handler                                      src/ASF/sam/utils/cmsis/sam3x/source/templates/exceptions.o
                                                  src/ASF/sam/utils/cmsis/sam3x/source/templates/gcc/startup_sam3x.o
EFC1_Handler                                      src/ASF/sam/utils/cmsis/sam3x/source/templates/exceptions.o
                                                  src/ASF/sam/utils/cmsis/sam3x/source/templates/gcc/startup_sam3x.o
EMAC_Handler                                      src/ASF/sam/utils/cmsis/sam3x/source/templates/exceptions.o
                                                  src/ASF/sam/utils/cmsis/sam3x/source/templates/gcc/startup_sam3x.o
HSMCI_Handler                                     src/ASF/sam/utils/cmsis/sam3x/source/templates/exceptions.o
                                                  src/ASF/sam/utils/cmsis/sam3x/source/templates/gcc/startup_sam3x.o
HardFault_Handler                                 src/ASF/sam/utils/cmsis/sam3x/source/templates/exceptions.o
                                                  src/ASF/sam/utils/cmsis/sam3x/source/templates/gcc/startup_sam3x.o
MemManage_Handler                                 src/ASF/sam/utils/cmsis/sam3x/source/templates/exceptions.o
                                                  src/ASF/sam/utils/cmsis/sam3x/source/templates/gcc/startup_sam3x.o
NMI_Handler                                       src/ASF/sam/utils/cmsis/sam3x/source/templates/exceptions.o
                                                  src/ASF/sam/utils/cmsis/sam3x/source/templates/gcc/startup_sam3x.o
PIOA_Handler                                      src/ASF/sam/drivers/pio/pio_handler.o
                                                  src/ASF/sam/utils/cmsis/sam3x/source/templates/gcc/startup_sam3x.o
PIOB_Handler                                      src/ASF/sam/drivers/pio/pio_handler.o
                                                  src/ASF/sam/utils/cmsis/sam3x/source/templates/gcc/startup_sam3x.o
PIOC_Handler                                      src/ASF/sam/drivers/pio/pio_handler.o
                                                  src/ASF/sam/utils/cmsis/sam3x/source/templates/gcc/startup_sam3x.o
PIOD_Handler                                      src/ASF/sam/drivers/pio/pio_handler.o
                                                  src/ASF/sam/utils/cmsis/sam3x/source/templates/gcc/startup_sam3x.o
PMC_Handler                                       src/ASF/sam/utils/cmsis/sam3x/source/templates/exceptions.o
                                                  src/ASF/sam/utils/cmsis/sam3x/source/templates/gcc/startup_sam3x.o
PWM_Handler                                       src/ASF/sam/utils/cmsis/sam3x/source/templates/exceptions.o
                                                  src/ASF/sam/utils/cmsis/sam3x/source/templates/gcc/startup_sam3x.o
PendSV_Handler                                    src/ASF/sam/utils/cmsis/sam3x/source/templates/exceptions.o
                                                  src/ASF/sam/utils/cmsis/sam3x/source/templates/gcc/startup_sam3x.o
RSTC_Handler                                      src/ASF/sam/utils/cmsis/sam3x/source/templates/exceptions.o
                                                  src/ASF/sam/utils/cmsis/sam3x/source/templates/gcc/startup_sam3x.o
RTC_Handler                                       src/ASF/sam/utils/cmsis/sam3x/source/templates/exceptions.o
                                                  src/ASF/sam/utils/cmsis/sam3x/source/templates/gcc/startup_sam3x.o
RTT_Handler                                       src/ASF/sam/utils/cmsis/sam3x/source/templates/exceptions.o
                                                  src/ASF/sam/utils/cmsis/sam3x/source/templates/gcc/startup_sam3x.o
Reset_Handler                                     src/ASF/sam/utils/cmsis/sam3x/source/templates/gcc/startup_sam3x.o
SMC_Handler                                       src/ASF/sam/utils/cmsis/sam3x/source/templates/exceptions.o
                                                  src/ASF/sam/utils/cmsis/sam3x/source/templates/gcc/startup_sam3x.o
SPI0_Handler                                      src/ASF/sam/utils/cmsis/sam3x/source/templates/exceptions.o
                                                  src/ASF/sam/utils/cmsis/sam3x/source/templates/gcc/startup_sam3x.o
SSC_Handler                                       src/ASF/sam/utils/cmsis/sam3x/source/templates/exceptions.o
                                                  src/ASF/sam/utils/cmsis/sam3x/source/templates/gcc/startup_sam3x.o
SUPC_Handler                                      src/ASF/sam/utils/cmsis/sam3x/source/templates/exceptions.o
                                                  src/ASF/sam/utils/cmsis/sam3x/source/templates/gcc/startup_sam3x.o
SVC_Handler                                       src/ASF/sam/utils/cmsis/sam3x/source/templates/exceptions.o
                                                  src/ASF/sam/utils/cmsis/sam3x/source/templates/gcc/startup_sam3x.o
SysTick_Handler                                   src/ASF/sam/utils/cmsis/sam3x/source/templates/exceptions.o
                                                  src/ASF/sam/utils/cmsis/sam3x/source/templates/gcc/startup_sam3x.o
SystemCoreClock                                   src/ASF/sam/utils/cmsis/sam3x/source/templates/system_sam3x.o
SystemCoreClockUpdate                             src/ASF/sam/utils/cmsis/sam3x/source/templates/system_sam3x.o
                                                  src/ASF/common/services/clock/sam3x/sysclk.o
SystemInit                                        src/ASF/sam/utils/cmsis/sam3x/source/templates/system_sam3x.o
TC0_Handler                                       src/ASF/sam/utils/cmsis/sam3x/source/templates/exceptions.o
                                                  src/ASF/sam/utils/cmsis/sam3x/source/templates/gcc/startup_sam3x.o
TC1_Handler                                       src/ASF/sam/utils/cmsis/sam3x/source/templates/exceptions.o
                                                  src/ASF/sam/utils/cmsis/sam3x/source/templates/gcc/startup_sam3x.o
TC2_Handler                                       src/ASF/sam/utils/cmsis/sam3x/source/templates/exceptions.o
                                                  src/ASF/sam/utils/cmsis/sam3x/source/templates/gcc/startup_sam3x.o
TC3_Handler                                       src/ASF/sam/utils/cmsis/sam3x/source/templates/exceptions.o
                                                  src/ASF/sam/utils/cmsis/sam3x/source/templates/gcc/startup_sam3x.o
TC4_Handler                                       src/ASF/sam/utils/cmsis/sam3x/source/templates/exceptions.o
                                                  src/ASF/sam/utils/cmsis/sam3x/source/templates/gcc/startup_sam3x.o
TC5_Handler                                       src/ASF/sam/utils/cmsis/sam3x/source/templates/exceptions.o
                                                  src/ASF/sam/utils/cmsis/sam3x/source/templates/gcc/startup_sam3x.o
TC6_Handler                                       src/ASF/sam/utils/cmsis/sam3x/source/templates/exceptions.o
                                                  src/ASF/sam/utils/cmsis/sam3x/source/templates/gcc/startup_sam3x.o
TC7_Handler                                       src/ASF/sam/utils/cmsis/sam3x/source/templates/exceptions.o
                                                  src/ASF/sam/utils/cmsis/sam3x/source/templates/gcc/startup_sam3x.o
TC8_Handler                                       src/ASF/sam/utils/cmsis/sam3x/source/templates/exceptions.o
                                                  src/ASF/sam/utils/cmsis/sam3x/source/templates/gcc/startup_sam3x.o
TRNG_Handler                                      src/ASF/sam/utils/cmsis/sam3x/source/templates/exceptions.o
                                                  src/ASF/sam/utils/cmsis/sam3x/source/templates/gcc/startup_sam3x.o
TWI0_Handler                                      src/ASF/sam/utils/cmsis/sam3x/source/templates/exceptions.o
                                                  src/ASF/sam/utils/cmsis/sam3x/source/templates/gcc/startup_sam3x.o
TWI1_Handler                                      src/ASF/sam/utils/cmsis/sam3x/source/templates/exceptions.o
                                                  src/ASF/sam/utils/cmsis/sam3x/source/templates/gcc/startup_sam3x.o
UART_Handler                                      src/ASF/sam/utils/cmsis/sam3x/source/templates/exceptions.o
                                                  src/ASF/sam/utils/cmsis/sam3x/source/templates/gcc/startup_sam3x.o